
> studio-ordo@0.1.0 test
> vitest run


 RUN  v4.0.18 /Users/kwilliams/Projects/ordoSite

 ❯ tests/jobs-system-dashboard.test.ts (35 tests | 1 failed) 72ms
     ✓ listForAdmin builds dynamic WHERE from status and toolName 1ms
     ✓ countByStatus uses GROUP BY to return record mapping 0ms
     ✓ countByToolName uses GROUP BY on tool_name 0ms
     ✓ parseAdminJobFilters extracts status, family, and toolName 46ms
     ✓ parseAdminJobFilters defaults to all status when empty 0ms
     ✓ loadAdminJobList returns view model with counts and mapped entries 10ms
     ✓ returns detail view model for existing job 1ms
     ✓ calls notFound for missing job 1ms
     ✓ generates list and detail paths 0ms
     ✓ cancelJobAction is an explicit server action using runAdminAction 0ms
     ✓ retryJobAction validates retriable statuses before creating new job 0ms
     ✓ requeueJobAction performs an audited queue reset for running or queued jobs 0ms
     ✓ bulkCancelJobsAction processes comma-separated IDs and only cancels cancelable statuses 0ms
     ✓ bulkRetryJobsAction processes comma-separated IDs and only retries retriable statuses 0ms
     ✓ bulkRequeueJobsAction processes comma-separated IDs and only requeues queued or running jobs 0ms
     ✓ renders AdminSection with filters, status counts, and bulk table 0ms
     ✓ includes JobsRefreshTrigger for auto-refresh without full SSE 0ms
     ✓ renders AdminDetailShell with payload JSON and event timeline 0ms
     ✓ shows cancel and retry action buttons based on job status 0ms
     ✓ records both notification_sent and notification_failed audit events in the worker 0ms
     × keeps audit-only job events aligned with the current durable job status 6ms
     ✓ tracks Sprint 4 in the sprint index and QA script 1ms
     ✓ JobsPagePanel.tsx no longer exists 0ms
     ✓ /jobs route now renders the signed-in workspace instead of redirecting to admin 0ms
     ✓ renders 5 configuration sections with AdminCard 0ms
     ✓ redacts sensitive environment variables 0ms
     ✓ reads tool registry and groups by category 0ms
     ✓ calls the smaller cross-workspace loader set via Promise.allSettled 0ms
     ✓ renders graceful fallback for failed signals 0ms
     ✓ uses 3-column grid for desktop layout 0ms
     ✓ overview cards link into their owning workspaces 0ms
     ✓ dashboard exposes the new cross-workspace overview cards 0ms
     ✓ loadOverdueFollowUpsBlock is exported from admin-queue-loaders 0ms
     ✓ queries lead_records and deal_records for overdue follow-up dates 0ms
     ✓ all 9 nav items are set to live status 0ms
 ❯ tests/hardening-audit.test.ts (2 tests | 1 failed) 155ms
     ✓ F5: tests do not replace process.env wholesale 6ms
     × F6: accepted bare-catch inventory in src stays explicit 148ms
 ❯ tests/chat-performance-a11y.test.tsx (10 tests | 6 failed) 46ms
     ✓ applies content-visibility: auto to off-screen messages 1ms
     ✓ sets overflow-anchor for stable scroll 0ms
     ✓ includes View Transitions API progressive enhancement 0ms
     ✓ includes @starting-style for suggestion entry animation 0ms
     × InspectThemeCard renders role=region 22ms
     × ProfileCard renders role=region 5ms
     × ReferralQrCard renders role=region 5ms
     × JournalWorkflowCard renders role=region 5ms
     × AudioPlayerCard renders role=region (structured result) 3ms
     × ErrorCard renders role=alert 3ms
stdout | tests/chat/chat-stream-route.test.ts > POST /api/chat/stream > returns observability fields when local math handling fails
{"timestamp":"2026-04-11T06:47:56.344Z","level":"info","event":"metric.route","route":"/api/chat/stream","durationMs":0,"isError":true}

stdout | tests/chat/chat-stream-route.test.ts > POST /api/chat/stream > rejects invalid attachment metadata at the route boundary
{"timestamp":"2026-04-11T06:47:56.346Z","level":"info","event":"metric.route","route":"/api/chat/stream","durationMs":1,"isError":false}

stdout | tests/chat/chat-stream-route.test.ts > POST /api/chat/stream > rejects overlapping stream starts for the same user and conversation
{"timestamp":"2026-04-11T06:47:56.346Z","level":"info","event":"metric.route","route":"/api/chat/stream","durationMs":0,"isError":false}

stdout | tests/chat/chat-stream-route.test.ts > POST /api/chat/stream > blocks provider execution when the context window becomes unsafe
{"timestamp":"2026-04-11T06:47:56.351Z","level":"info","event":"metric.route","route":"/api/chat/stream","durationMs":0,"isError":false}

 ❯ tests/blog-orchestration-qa.test.ts (4 tests | 2 failed) 14ms
     × preserves journal-named admin draft preview convergence 8ms
     ✓ adds canonical /journal public route modules 0ms
     ✓ moves sitemap and shell public route truth to /journal 2ms
     × moves published public emitters to /journal while keeping admin preview routes journal-first 1ms
 ❯ tests/chat/chat-surface.test.tsx (23 tests | 1 failed) 166ms
     ✓ P1: mode='embedded' renders chat content 19ms
     ✓ P2: mode='embedded' has viewTransitionName 5ms
     ✓ P3: mode='embedded' has correct data attributes 2ms
     ✓ P4: mode='floating' renders launcher when closed 7ms
     ✓ P4b: mode='floating' quiets the launcher on journal routes 10ms
     ✓ P5: mode='floating' opens on launcher click 9ms
     ✓ P6: mode='floating' renders fullscreen toggle 3ms
     ✓ P7: mode='floating' renders minimize button 7ms
     ✓ P8: mode='floating' minimizes on button click 5ms
     ✓ P9: mode='floating' toggles fullscreen 4ms
     ✓ P10: mode='floating' opens via OPEN_GLOBAL_CHAT_EVENT 2ms
     ✓ P10b: mode='floating' keeps the quiet tone when a journal route opens the panel 3ms
     ✓ N1: mode='floating' returns null on homepage 1ms
     ✓ N2: no double-rendering on homepage 6ms
     ✓ N3: minimize resets fullscreen state 23ms
     ✓ E2: OPEN_GLOBAL_CHAT_EVENT listener cleanup on unmount 1ms
     ✓ P13: hero state works in embedded mode 20ms
     ✓ E1: view-transition-name shared safely across modes 2ms
     ✓ E3: floating panel preserves input during fullscreen toggle 13ms
     × P11: returns null for embedded mode 7ms
     ✓ P12: renders controls for floating mode 11ms
     ✓ fullscreen label toggles 4ms
     ✓ floating header has correct data attributes 1ms
[02:47:56.305] [32mINFO[39m (98934): [36mrequest.start[39m
    [35mevent[39m: "request.start"
    [35mroute[39m: "/api/chat/stream"
    [35mrequestId[39m: "4d343fb7-2b14-4820-9442-f80e6180aec3"
 ❯ tests/chat/chat-stream-route.test.ts (28 tests | 3 failed) 120ms
     ✓ handles math prompts locally without an internal route hop 23ms
     ✓ short-circuits /clear into a fresh conversation without provider execution 3ms
     ✓ short-circuits /compact and streams the compaction status 1ms
     ✓ short-circuits /export and streams the export link 2ms
     ✓ short-circuits /status and streams the current conversation snapshot 5ms
     ✓ fails unsupported slash commands predictably without invoking the model 11ms
     ✓ returns observability fields when local math handling fails 2ms
     ✓ rejects invalid attachment metadata at the route boundary 1ms
     ✓ rejects overlapping stream starts for the same user and conversation 1ms
     ✓ quotes summary context before appending it to the system prompt 4ms
     ✓ blocks provider execution when the context window becomes unsafe 1ms
     ✓ injects trusted referral attribution into the server prompt when available 1ms
     ✓ injects a truthful no-referral block when no validated referrer exists 1ms
     ✓ persists routing analysis before assistant generation 1ms
     ✓ always uses the active conversation from ensureActive, ignoring client conversationId 1ms
     ✓ uses server-derived routing instead of trusting a client lane hint 1ms
     ✓ falls back to persisted routing metadata when analysis fails 2ms
     ✓ appends normalized task-origin handoff context to the system prompt 1ms
     ✓ drops spoofed task-origin context ids to a safe block-level fallback 1ms
     ✓ persists uploaded attachment parts and links them to the conversation 1ms
     ✓ uses the admin role for system prompt and tool selection 6ms
     ✓ narrows the admin tool manifest for high-confidence organization routing 1ms
     ✓ forwards current page snapshot into the system prompt builder 3ms
     ✓ emits conversation_id before later stream events 1ms
     ✓ emits an in-stream error when assistant persistence fails after streaming starts 2ms
     × queues deferred draft_content calls and emits a live job_queued event 30ms
     × queues deferred publish_content calls as a second deferred tool 8ms
     × promotes explicit deferred status tool results into live job events and persisted job status parts 6ms
 ❯ tests/browser-fab-mobile-density.test.tsx (4 tests | 1 failed) 378ms
     ✓ preserves floating-shell hooks and composer helper copy in compact mobile density 278ms
     × keeps the compact mobile header layout stable 46ms
     ✓ action chips render at mobile viewport width without overflow 26ms
     ✓ action links inside operator brief cards are focusable at mobile width 25ms
 ❯ src/lib/admin/conversations/admin-conversations.test.ts (1 test | 1 failed) 9ms
     × derives a durable transcript view from persisted messages 8ms
 ❯ tests/admin-prompts-conversations.test.tsx (41 tests | 4 failed) 319ms
     ✓ returns /admin/prompts for list path 1ms
     ✓ returns detail path with role and promptType 0ms
     ✓ returns slots for roles with versions 1ms
     ✓ returns empty array when no versions exist 0ms
     ✓ returns detail with active content and versions 0ms
     ✓ returns empty active content when no active version 0ms
     ✓ calls createVersion and revalidates paths 2ms
     ✓ throws when content is missing 1ms
     ✓ calls activate with parsed version and revalidates 0ms
     ✓ rejects invalid version number 0ms
     ✓ renders slots with role badge and version count 20ms
     ✓ renders empty state when no slots 2ms
     ✓ renders active content in pre block and version timeline 8ms
     ✓ shows no-active-version message when activeContent empty 2ms
     ✓ returns /admin/conversations for list path 0ms
     ✓ returns detail path with id 0ms
     ✓ returns entries with user names and counts 0ms
     ✓ returns empty when no conversations 0ms
     ✓ returns detail with messages and total tokens 0ms
     ✓ includes routing intelligence fields 0ms
     ✓ includes deleted-state metadata when present 0ms
     ✓ sets mode to human and posts system message 0ms
     ✓ requires admin access 0ms
     ✓ sets mode to ai and posts hand-back system message 0ms
     ✓ archives multiple conversations by comma-separated IDs 0ms
     ✓ throws when ids field is empty 1ms
     ✓ restores a deleted conversation and revalidates detail + list paths 0ms
     ✓ renders conversation list with user names and lane counts 9ms
     ✓ renders empty state when no conversations 2ms
     ✓ renders routing review as a local workspace view 199ms
     ✓ renders anonymous opportunities as a local workspace view 3ms
     ✓ renders recurring themes as a local workspace view 2ms
     × renders message thread and routing intelligence 8ms
     × shows human-mode banner and Return to AI button 1ms
     × renders the durable transcript panel with tool results and compaction markers 1ms
     × renders tool invocation as collapsed details element 1ms
     ✓ shows HUMAN badge for conversations in human mode 49ms
     ✓ enforces admin access on Prompts Browse page 0ms
     ✓ enforces admin access on Prompt Detail page 0ms
     ✓ enforces admin access on Conversations Browse page 0ms
     ✓ enforces admin access on Conversation Detail page 0ms
stderr | tests/ux-shared-components.test.tsx > D9.6: AdminBrowseFilters — toggle onChange auto-submit > toggle change triggers form submission
In HTML, <form> cannot be a descendant of <form>.
This will cause a hydration error.

> <form onSubmit={function Mock}>
    <AdminBrowseFilters fields={[...]} values={{}}>
>     <form method="get" className="admin-filter-bar" data-admin-browse-filters="true">

<form> cannot contain a nested <form>.
See this log for the ancestor stack trace.

 ✓ tests/ux-shared-components.test.tsx (36 tests) 471ms
 ✓ tests/shell-acceptance.test.tsx (3 tests) 542ms
     ✓ renders only the canonical primary navigation contract in the shell header  428ms
 ✓ tests/deferred-job-worker-process.test.ts (1 test) 846ms
     ✓ reclaims an expired publish job in a separate worker process using a persistent SQLite file  845ms
 ✓ src/components/jobs/JobsWorkspace.test.tsx (10 tests) 809ms
 ✓ tests/solid-architecture-audit.test.ts (35 tests) 1545ms
     ✓ E8a: runtime manifest ordering matches ToolRegistry ordering for every role  1530ms
 ✓ tests/browser-graph-data-preview.test.tsx (3 tests) 560ms
 ✓ tests/browser-fab-chat-flow.test.tsx (3 tests) 680ms
     ✓ keeps the FAB flow stable from open to initial chip send to follow-up chip send  648ms
(node:98964) Warning: `--localstorage-file` was provided without a valid path
(Use `node --trace-warnings ...` to show where the warning was created)
 ✓ tests/blog-hero-rendering.test.tsx (9 tests) 413ms
     ✓ renders the journal as a sectioned publication index  307ms
 ✓ src/components/GraphRenderer.test.tsx (9 tests) 350ms
 ✓ src/frameworks/ui/RichContentRenderer.test.tsx (23 tests) 402ms
stderr | src/hooks/useUICommands.test.tsx > useUICommands > does not replay historical commands from restored history on initial baseline
An update to ThemeProvider inside a test was not wrapped in act(...).

When testing, code that causes React state updates should be wrapped into act(...):

act(() => {
  /* fire events that update state */
});
/* assert on the output */

This ensures that you're testing the behavior the user would see in the browser. Learn more at https://react.dev/link/wrap-tests-with-act

 ✓ src/hooks/useUICommands.test.tsx (12 tests) 560ms
     ✓ clears the theme transition overlay after a command-driven theme change  484ms
[02:47:59.451] [32mINFO[39m (98969): [36musecase.start[39m
    [35mevent[39m: "usecase.start"
    [35museCase[39m: "RegisterUser"
[02:47:59.469] [32mINFO[39m (98969): [36musecase.success[39m
    [35mevent[39m: "usecase.success"
    [35museCase[39m: "RegisterUser"
    [35mdurationMs[39m: 18
[02:47:59.475] [32mINFO[39m (98969): [36musecase.start[39m
    [35mevent[39m: "usecase.start"
    [35museCase[39m: "ValidateSession"
[02:47:59.476] [32mINFO[39m (98969): [36musecase.success[39m
    [35mevent[39m: "usecase.success"
    [35museCase[39m: "ValidateSession"
    [35mdurationMs[39m: 1
[02:47:59.481] [32mINFO[39m (98969): [36musecase.start[39m
    [35mevent[39m: "usecase.start"
    [35museCase[39m: "AuthenticateUser"
 ✓ src/hooks/useGlobalChat.test.tsx (23 tests) 473ms
[02:47:59.488] [32mINFO[39m (98969): [36musecase.success[39m
    [35mevent[39m: "usecase.success"
    [35museCase[39m: "AuthenticateUser"
    [35mdurationMs[39m: 7
[02:47:59.499] [32mINFO[39m (98969): [36musecase.start[39m
    [35mevent[39m: "usecase.start"
    [35museCase[39m: "RegisterUser"
[02:47:59.500] [31mERROR[39m (98969): [36musecase.error[39m
    [35mevent[39m: "usecase.error"
    [35museCase[39m: "RegisterUser"
    [35mdurationMs[39m: 1
    error: "Invalid email format"
[02:47:59.523] [32mINFO[39m (98969): [36musecase.start[39m
    [35mevent[39m: "usecase.start"
    [35museCase[39m: "RegisterUser"
[02:47:59.523] [31mERROR[39m (98969): [36musecase.error[39m
    [35mevent[39m: "usecase.error"
    [35museCase[39m: "RegisterUser"
    [35mdurationMs[39m: 0
    error: "Password must be at least 8 characters"
[02:47:59.548] [32mINFO[39m (98969): [36musecase.start[39m
    [35mevent[39m: "usecase.start"
    [35museCase[39m: "RegisterUser"
[02:47:59.550] [32mINFO[39m (98969): [36musecase.success[39m
    [35mevent[39m: "usecase.success"
    [35museCase[39m: "RegisterUser"
    [35mdurationMs[39m: 2
[02:47:59.551] [32mINFO[39m (98969): [36musecase.start[39m
    [35mevent[39m: "usecase.start"
    [35museCase[39m: "RegisterUser"
[02:47:59.551] [31mERROR[39m (98969): [36musecase.error[39m
    [35mevent[39m: "usecase.error"
    [35museCase[39m: "RegisterUser"
    [35mdurationMs[39m: 0
    error: "Email already registered"
[02:47:59.565] [32mINFO[39m (98969): [36musecase.start[39m
    [35mevent[39m: "usecase.start"
    [35museCase[39m: "RegisterUser"
[02:47:59.567] [32mINFO[39m (98969): [36musecase.success[39m
    [35mevent[39m: "usecase.success"
    [35museCase[39m: "RegisterUser"
    [35mdurationMs[39m: 2
[02:47:59.567] [32mINFO[39m (98969): [36musecase.start[39m
    [35mevent[39m: "usecase.start"
    [35museCase[39m: "AuthenticateUser"
[02:47:59.570] [31mERROR[39m (98969): [36musecase.error[39m
    [35mevent[39m: "usecase.error"
    [35museCase[39m: "AuthenticateUser"
    [35mdurationMs[39m: 3
    error: "Invalid credentials"
[02:47:59.590] [32mINFO[39m (98969): [36musecase.start[39m
    [35mevent[39m: "usecase.start"
    [35museCase[39m: "AuthenticateUser"
[02:47:59.591] [31mERROR[39m (98969): [36musecase.error[39m
    [35mevent[39m: "usecase.error"
    [35museCase[39m: "AuthenticateUser"
    [35mdurationMs[39m: 1
    error: "Invalid credentials"
[02:47:59.601] [32mINFO[39m (98969): [36musecase.start[39m
    [35mevent[39m: "usecase.start"
    [35museCase[39m: "RegisterUser"
[02:47:59.605] [32mINFO[39m (98969): [36musecase.success[39m
    [35mevent[39m: "usecase.success"
    [35museCase[39m: "RegisterUser"
    [35mdurationMs[39m: 4
[02:47:59.636] [32mINFO[39m (98969): [36musecase.start[39m
    [35mevent[39m: "usecase.start"
    [35museCase[39m: "RegisterUser"
[02:47:59.638] [32mINFO[39m (98969): [36musecase.success[39m
    [35mevent[39m: "usecase.success"
    [35museCase[39m: "RegisterUser"
    [35mdurationMs[39m: 2
[02:47:59.639] [32mINFO[39m (98969): [36musecase.start[39m
    [35mevent[39m: "usecase.start"
    [35museCase[39m: "AuthenticateUser"
[02:47:59.641] [31mERROR[39m (98969): [36musecase.error[39m
    [35mevent[39m: "usecase.error"
    [35museCase[39m: "AuthenticateUser"
    [35mdurationMs[39m: 2
    error: "Invalid credentials"
[02:47:59.641] [32mINFO[39m (98969): [36musecase.start[39m
    [35mevent[39m: "usecase.start"
    [35museCase[39m: "AuthenticateUser"
[02:47:59.644] [31mERROR[39m (98969): [36musecase.error[39m
    [35mevent[39m: "usecase.error"
    [35museCase[39m: "AuthenticateUser"
    [35mdurationMs[39m: 3
    error: "Invalid credentials"
[02:47:59.645] [32mINFO[39m (98969): [36musecase.start[39m
    [35mevent[39m: "usecase.start"
    [35museCase[39m: "AuthenticateUser"
[02:47:59.647] [31mERROR[39m (98969): [36musecase.error[39m
    [35mevent[39m: "usecase.error"
    [35museCase[39m: "AuthenticateUser"
    [35mdurationMs[39m: 2
    error: "Invalid credentials"
[02:47:59.647] [32mINFO[39m (98969): [36musecase.start[39m
    [35mevent[39m: "usecase.start"
    [35museCase[39m: "AuthenticateUser"
[02:47:59.649] [31mERROR[39m (98969): [36musecase.error[39m
    [35mevent[39m: "usecase.error"
    [35museCase[39m: "AuthenticateUser"
    [35mdurationMs[39m: 2
    error: "Invalid credentials"
[02:47:59.649] [32mINFO[39m (98969): [36musecase.start[39m
    [35mevent[39m: "usecase.start"
    [35museCase[39m: "AuthenticateUser"
[02:47:59.651] [31mERROR[39m (98969): [36musecase.error[39m
    [35mevent[39m: "usecase.error"
    [35museCase[39m: "AuthenticateUser"
    [35mdurationMs[39m: 2
    error: "Invalid credentials"
[02:47:59.652] [32mINFO[39m (98969): [36musecase.start[39m
    [35mevent[39m: "usecase.start"
    [35museCase[39m: "AuthenticateUser"
[02:47:59.654] [31mERROR[39m (98969): [36musecase.error[39m
    [35mevent[39m: "usecase.error"
    [35museCase[39m: "AuthenticateUser"
    [35mdurationMs[39m: 2
    error: "Invalid credentials"
[02:47:59.654] [32mINFO[39m (98969): [36musecase.start[39m
    [35mevent[39m: "usecase.start"
    [35museCase[39m: "AuthenticateUser"
[02:47:59.656] [31mERROR[39m (98969): [36musecase.error[39m
    [35mevent[39m: "usecase.error"
    [35museCase[39m: "AuthenticateUser"
    [35mdurationMs[39m: 2
    error: "Invalid credentials"
[02:47:59.656] [32mINFO[39m (98969): [36musecase.start[39m
    [35mevent[39m: "usecase.start"
    [35museCase[39m: "AuthenticateUser"
[02:47:59.657] [31mERROR[39m (98969): [36musecase.error[39m
    [35mevent[39m: "usecase.error"
    [35museCase[39m: "AuthenticateUser"
    [35mdurationMs[39m: 1
    error: "Invalid credentials"
[02:47:59.711] [32mINFO[39m (98969): [36musecase.start[39m
    [35mevent[39m: "usecase.start"
    [35museCase[39m: "RegisterUser"
[02:47:59.733] [32mINFO[39m (98969): [36musecase.success[39m
    [35mevent[39m: "usecase.success"
    [35museCase[39m: "RegisterUser"
    [35mdurationMs[39m: 22
[02:47:59.733] [32mINFO[39m (98969): [36musecase.start[39m
    [35mevent[39m: "usecase.start"
    [35museCase[39m: "RegisterUser"
[02:47:59.733] [31mERROR[39m (98969): [36musecase.error[39m
    [35mevent[39m: "usecase.error"
    [35museCase[39m: "RegisterUser"
    [35mdurationMs[39m: 0
    error: "Email already registered"
[02:47:59.733] [32mINFO[39m (98969): [36musecase.start[39m
    [35mevent[39m: "usecase.start"
    [35museCase[39m: "RegisterUser"
[02:47:59.733] [31mERROR[39m (98969): [36musecase.error[39m
    [35mevent[39m: "usecase.error"
    [35museCase[39m: "RegisterUser"
    [35mdurationMs[39m: 0
    error: "Email already registered"
[02:47:59.734] [32mINFO[39m (98969): [36musecase.start[39m
    [35mevent[39m: "usecase.start"
    [35museCase[39m: "RegisterUser"
[02:47:59.734] [31mERROR[39m (98969): [36musecase.error[39m
    [35mevent[39m: "usecase.error"
    [35museCase[39m: "RegisterUser"
    [35mdurationMs[39m: 0
    error: "Email already registered"
[02:47:59.747] [32mINFO[39m (98969): [36musecase.start[39m
    [35mevent[39m: "usecase.start"
    [35museCase[39m: "RegisterUser"
[02:47:59.750] [32mINFO[39m (98969): [36musecase.success[39m
    [35mevent[39m: "usecase.success"
    [35museCase[39m: "RegisterUser"
    [35mdurationMs[39m: 3
[02:47:59.765] [32mINFO[39m (98969): [36musecase.start[39m
    [35mevent[39m: "usecase.start"
    [35museCase[39m: "RegisterUser"
[02:47:59.771] [32mINFO[39m (98969): [36musecase.success[39m
    [35mevent[39m: "usecase.success"
    [35museCase[39m: "RegisterUser"
    [35mdurationMs[39m: 6
[02:47:59.793] [32mINFO[39m (98969): [36musecase.start[39m
    [35mevent[39m: "usecase.start"
    [35museCase[39m: "RegisterUser"
[02:47:59.795] [32mINFO[39m (98969): [36musecase.success[39m
    [35mevent[39m: "usecase.success"
    [35museCase[39m: "RegisterUser"
    [35mdurationMs[39m: 2
[02:47:59.814] [32mINFO[39m (98969): [36musecase.start[39m
    [35mevent[39m: "usecase.start"
    [35museCase[39m: "RegisterUser"
[02:47:59.819] [32mINFO[39m (98969): [36musecase.success[39m
    [35mevent[39m: "usecase.success"
    [35museCase[39m: "RegisterUser"
    [35mdurationMs[39m: 5
[02:47:59.819] [32mINFO[39m (98969): [36musecase.start[39m
    [35mevent[39m: "usecase.start"
    [35museCase[39m: "AuthenticateUser"
[02:47:59.821] [32mINFO[39m (98969): [36musecase.success[39m
    [35mevent[39m: "usecase.success"
    [35museCase[39m: "AuthenticateUser"
    [35mdurationMs[39m: 2
[02:47:59.843] [32mINFO[39m (98969): [36musecase.start[39m
    [35mevent[39m: "usecase.start"
    [35museCase[39m: "RegisterUser"
[02:47:59.845] [32mINFO[39m (98969): [36musecase.success[39m
    [35mevent[39m: "usecase.success"
    [35museCase[39m: "RegisterUser"
    [35mdurationMs[39m: 2
[02:47:59.845] [32mINFO[39m (98969): [36musecase.start[39m
    [35mevent[39m: "usecase.start"
    [35museCase[39m: "AuthenticateUser"
[02:47:59.846] [32mINFO[39m (98969): [36musecase.success[39m
    [35mevent[39m: "usecase.success"
    [35museCase[39m: "AuthenticateUser"
    [35mdurationMs[39m: 1
[02:47:59.856] [32mINFO[39m (98969): [36musecase.start[39m
    [35mevent[39m: "usecase.start"
    [35museCase[39m: "RegisterUser"
[02:47:59.858] [32mINFO[39m (98969): [36musecase.success[39m
    [35mevent[39m: "usecase.success"
    [35museCase[39m: "RegisterUser"
    [35mdurationMs[39m: 2
[02:47:59.858] [32mINFO[39m (98969): [36musecase.start[39m
    [35mevent[39m: "usecase.start"
    [35museCase[39m: "AuthenticateUser"
stderr | src/app/api/auth/auth-routes.test.ts > Auth API routes — full lifecycle > preserves the anonymous retry path when referral linkage fails during login migration
Referral linkage failed during login: Error: simulated referral linkage failure
    at Object.linkConversationToAuthenticatedUser (/Users/kwilliams/Projects/ordoSite/src/app/api/auth/auth-routes.test.ts:42:19)
    at /Users/kwilliams/Projects/ordoSite/src/lib/chat/migrate-anonymous-conversations.ts:64:22
    at Array.map (<anonymous>)
    at migrateAnonymousConversationsToUser (/Users/kwilliams/Projects/ordoSite/src/lib/chat/migrate-anonymous-conversations.ts:63:29)
    at Module.POST (/Users/kwilliams/Projects/ordoSite/src/app/api/auth/login/route.ts:53:23)
    at /Users/kwilliams/Projects/ordoSite/src/app/api/auth/auth-routes.test.ts:567:23
    at file:///Users/kwilliams/Projects/ordoSite/node_modules/@vitest/runner/dist/index.js:915:20

[02:47:59.860] [32mINFO[39m (98969): [36musecase.success[39m
    [35mevent[39m: "usecase.success"
    [35museCase[39m: "AuthenticateUser"
    [35mdurationMs[39m: 2
[02:47:59.867] [32mINFO[39m (98969): [36musecase.start[39m
    [35mevent[39m: "usecase.start"
    [35museCase[39m: "AuthenticateUser"
[02:47:59.869] [32mINFO[39m (98969): [36musecase.success[39m
    [35mevent[39m: "usecase.success"
    [35museCase[39m: "AuthenticateUser"
    [35mdurationMs[39m: 2
[02:47:59.890] [32mINFO[39m (98969): [36musecase.start[39m
    [35mevent[39m: "usecase.start"
    [35museCase[39m: "RegisterUser"
 ✓ tests/shell-visual-system.test.tsx (8 tests) 733ms
     ✓ reuses shell brand sizing and truthful footer roles across shell surfaces  321ms
[02:47:59.904] [32mINFO[39m (98969): [36musecase.success[39m
    [35mevent[39m: "usecase.success"
    [35museCase[39m: "RegisterUser"
    [35mdurationMs[39m: 14
[02:47:59.904] [32mINFO[39m (98969): [36musecase.start[39m
    [35mevent[39m: "usecase.start"
    [35museCase[39m: "ValidateSession"
[02:47:59.905] [32mINFO[39m (98969): [36musecase.success[39m
    [35mevent[39m: "usecase.success"
    [35museCase[39m: "ValidateSession"
    [35mdurationMs[39m: 1
[02:47:59.929] [32mINFO[39m (98969): [36musecase.start[39m
    [35mevent[39m: "usecase.start"
    [35museCase[39m: "RegisterUser"
 ✓ src/app/api/auth/auth-routes.test.ts (21 tests) 532ms
[02:47:59.956] [32mINFO[39m (98969): [36musecase.success[39m
    [35mevent[39m: "usecase.success"
    [35museCase[39m: "RegisterUser"
    [35mdurationMs[39m: 27
[02:47:59.956] [32mINFO[39m (98969): [36musecase.start[39m
    [35mevent[39m: "usecase.start"
    [35museCase[39m: "ValidateSession"
[02:47:59.957] [31mERROR[39m (98969): [36musecase.error[39m
    [35mevent[39m: "usecase.error"
    [35museCase[39m: "ValidateSession"
    [35mdurationMs[39m: 1
    error: "Invalid session"
 ✓ src/components/MermaidRenderer.test.tsx (3 tests) 507ms
     ✓ renders loading state initially and then the diagram  322ms
 ✓ tests/corpus/librarian-zip.test.ts (13 tests) 736ms
     ✓ rejects zip exceeding size limit  480ms
 ✓ src/frameworks/ui/MessageList.test.tsx (26 tests) 612ms
stderr | tests/ui-component-contracts.test.tsx > AdminDrawer interaction > closes drawer on route change
An update to ForwardRef(LinkComponent) inside a test was not wrapped in act(...).

When testing, code that causes React state updates should be wrapped into act(...):

act(() => {
  /* fire events that update state */
});
/* assert on the output */

This ensures that you're testing the behavior the user would see in the browser. Learn more at https://react.dev/link/wrap-tests-with-act

stderr | tests/ui-component-contracts.test.tsx > AdminDrawer interaction > closes drawer on route change
An update to ForwardRef(LinkComponent) inside a test was not wrapped in act(...).

When testing, code that causes React state updates should be wrapped into act(...):

act(() => {
  /* fire events that update state */
});
/* assert on the output */

This ensures that you're testing the behavior the user would see in the browser. Learn more at https://react.dev/link/wrap-tests-with-act

stderr | tests/ui-component-contracts.test.tsx > AdminDrawer interaction > closes drawer on route change
An update to ForwardRef(LinkComponent) inside a test was not wrapped in act(...).

When testing, code that causes React state updates should be wrapped into act(...):

act(() => {
  /* fire events that update state */
});
/* assert on the output */

This ensures that you're testing the behavior the user would see in the browser. Learn more at https://react.dev/link/wrap-tests-with-act

stderr | tests/ui-component-contracts.test.tsx > AdminDrawer interaction > closes drawer on route change
An update to ForwardRef(LinkComponent) inside a test was not wrapped in act(...).

When testing, code that causes React state updates should be wrapped into act(...):

act(() => {
  /* fire events that update state */
});
/* assert on the output */

This ensures that you're testing the behavior the user would see in the browser. Learn more at https://react.dev/link/wrap-tests-with-act

stderr | tests/ui-component-contracts.test.tsx > AdminDrawer interaction > closes drawer on route change
An update to ForwardRef(LinkComponent) inside a test was not wrapped in act(...).

When testing, code that causes React state updates should be wrapped into act(...):

act(() => {
  /* fire events that update state */
});
/* assert on the output */

This ensures that you're testing the behavior the user would see in the browser. Learn more at https://react.dev/link/wrap-tests-with-act

stderr | tests/ui-component-contracts.test.tsx > AdminDrawer interaction > closes drawer on route change
An update to ForwardRef(LinkComponent) inside a test was not wrapped in act(...).

When testing, code that causes React state updates should be wrapped into act(...):

act(() => {
  /* fire events that update state */
});
/* assert on the output */

This ensures that you're testing the behavior the user would see in the browser. Learn more at https://react.dev/link/wrap-tests-with-act

stderr | tests/ui-component-contracts.test.tsx > AdminDrawer interaction > closes drawer on route change
An update to ForwardRef(LinkComponent) inside a test was not wrapped in act(...).

When testing, code that causes React state updates should be wrapped into act(...):

act(() => {
  /* fire events that update state */
});
/* assert on the output */

This ensures that you're testing the behavior the user would see in the browser. Learn more at https://react.dev/link/wrap-tests-with-act

stderr | tests/ui-component-contracts.test.tsx > AdminDrawer interaction > closes drawer on route change
An update to ForwardRef(LinkComponent) inside a test was not wrapped in act(...).

When testing, code that causes React state updates should be wrapped into act(...):

act(() => {
  /* fire events that update state */
});
/* assert on the output */

This ensures that you're testing the behavior the user would see in the browser. Learn more at https://react.dev/link/wrap-tests-with-act

stderr | tests/ui-component-contracts.test.tsx > AdminDrawer interaction > closes drawer on route change
An update to ForwardRef(LinkComponent) inside a test was not wrapped in act(...).

When testing, code that causes React state updates should be wrapped into act(...):

act(() => {
  /* fire events that update state */
});
/* assert on the output */

This ensures that you're testing the behavior the user would see in the browser. Learn more at https://react.dev/link/wrap-tests-with-act

stderr | tests/ui-component-contracts.test.tsx > AdminDrawer interaction > closes drawer on route change
An update to AdminDrawer inside a test was not wrapped in act(...).

When testing, code that causes React state updates should be wrapped into act(...):

act(() => {
  /* fire events that update state */
});
/* assert on the output */

This ensures that you're testing the behavior the user would see in the browser. Learn more at https://react.dev/link/wrap-tests-with-act

 ✓ tests/ui-component-contracts.test.tsx (15 tests) 806ms
     ✓ renders search, select, and toggle fields  323ms
 ✓ src/app/admin/journal/[id]/page.test.tsx (9 tests) 596ms
     ✓ renders the detail workspace with revision, hero, and artifact context  360ms
 ✓ src/components/AccountMenu.test.tsx (4 tests) 342ms
 ✓ tests/evals/eval-runner.test.ts (16 tests) 339ms
 ✓ tests/site-shell-composition.test.tsx (9 tests) 465ms
 ✓ src/adapters/ConversationDataMapper.test.ts (28 tests) 472ms
 ✓ tests/referral-tracking.test.ts (44 tests) 513ms
stderr | tests/search/embedding-validator.test.ts > EmbeddingValidator > all validation pairs pass quality thresholds
dtype not specified for "model". Using the default dtype (fp32) for this device (cpu).

 ✓ tests/user-preferences.test.ts (37 tests) 477ms
 ✓ tests/browser-graph-rendering.test.tsx (3 tests) 397ms
     ✓ renders provenance for graphs built from source-backed rows and expands full screen  313ms
 ✓ tests/search/embedding-validator.test.ts (1 test) 359ms
     ✓ all validation pairs pass quality thresholds  357ms
 ✓ src/app/admin/journal/page.test.tsx (5 tests) 407ms
     ✓ renders the admin ledger with counts and quick actions  379ms
 ✓ tests/admin-shell-and-concierge.test.tsx (8 tests) 423ms
 ✓ tests/ux-config-components.test.tsx (50 tests) 351ms
 ✓ tests/homepage-shell-ownership.test.tsx (6 tests) 333ms
[02:48:03.097] [32mINFO[39m (99012): [36musecase.start[39m
    [35mevent[39m: "usecase.start"
    [35museCase[39m: "GetCorpusIndex"
 ✓ src/components/profile/ProfileSettingsPanel.test.tsx (4 tests) 338ms
 ✓ tests/performance-audit.test.ts (15 tests) 212ms
[02:48:03.117] [32mINFO[39m (99012): [36musecase.success[39m
    [35mevent[39m: "usecase.success"
    [35museCase[39m: "GetCorpusIndex"
    [35mdurationMs[39m: 20
(node:99011) Warning: `--localstorage-file` was provided without a valid path
(Use `node --trace-warnings ...` to show where the warning was created)
 ✓ tests/browser-overlays.test.tsx (4 tests) 422ms
 ✓ tests/browser-graph-interactions.test.tsx (2 tests) 419ms
     ✓ opens the expanded graph view and preserves the data preview  356ms
 ✓ src/frameworks/ui/chat/plugins/system/ChatProgressStrip.test.tsx (4 tests) 242ms
 ✓ tests/stream-pipeline.test.ts (24 tests) 144ms
 ✓ src/hooks/chat/useChatSend.test.tsx (7 tests) 408ms
 ✓ tests/admin-leads-pipeline.test.tsx (48 tests) 306ms
 ✓ src/hooks/useChatScroll.test.tsx (3 tests) 301ms
 ✓ src/frameworks/ui/chat/plugins/custom/ProfileCard.test.tsx (3 tests) 257ms
 ✓ tests/homepage-shell-layout.test.tsx (8 tests) 307ms
stderr | src/components/AudioPlayer.test.tsx > AudioPlayer > handles fetch errors
Error: Failed to stream audio
    at /Users/kwilliams/Projects/ordoSite/src/components/AudioPlayer.tsx:273:15

 ✓ src/frameworks/ui/chat/plugins/system/system-card-family.test.tsx (4 tests) 389ms
 ✓ tests/admin-affiliates-page.test.tsx (2 tests) 379ms
     ✓ renders the exception workspace with manual review controls  377ms
 ✓ src/components/AudioPlayer.test.tsx (8 tests) 334ms
 ✓ src/hooks/chat/useChatComposerController.test.tsx (2 tests) 225ms
 ✓ tests/ux-auth-forms-accessibility.test.tsx (36 tests) 241ms
 ✓ tests/chat-composer-accessibility.test.tsx (19 tests) 280ms
stderr | tests/search/local-embedder.test.ts > LocalEmbedder (real ONNX model) > embed() returns 384-dimensional Float32Array
dtype not specified for "model". Using the default dtype (fp32) for this device (cpu).

 ✓ tests/search/local-embedder.test.ts (3 tests) 309ms
     ✓ embed() returns 384-dimensional Float32Array  304ms
 ✓ tests/evals/eval-live-runner.test.ts (20 tests) 407ms
[02:48:05.632] [32mINFO[39m (99032): [36mtool.start[39m
    [35mevent[39m: "tool.start"
    [35mtool[39m: "calculator"
    [35mrole[39m: "AUTHENTICATED"
(node:99049) Warning: `--localstorage-file` was provided without a valid path
(Use `node --trace-warnings ...` to show where the warning was created)
 ✓ tests/ux-conversations-journal.test.tsx (29 tests) 236ms
 ✓ tests/theme-switching.test.tsx (19 tests) 244ms
 ✓ src/frameworks/ui/chat/plugins/custom/JournalWorkflowCard.test.tsx (3 tests) 285ms
 ✓ src/app/admin/jobs/[id]/page.test.tsx (2 tests) 308ms
 ✓ tests/admin-attribution-page.test.tsx (5 tests) 226ms
 ✓ src/components/ThemeSwitcher.test.tsx (3 tests) 268ms
 ✓ src/frameworks/ui/chat/plugins/custom/GraphRendererCard.test.tsx (1 test) 206ms
 ✓ tests/composer-file-pills.test.tsx (6 tests) 166ms
 ✓ src/frameworks/ui/chat/plugins/custom/InspectThemeCard.test.tsx (3 tests) 263ms
 ✓ tests/notifications-polish.test.tsx (18 tests) 223ms
 ✓ src/components/ShellWorkspaceMenu.test.tsx (1 test) 285ms
 ✓ src/frameworks/ui/chat/ToolPluginPartRenderer.test.tsx (10 tests) 248ms
 ✓ src/frameworks/ui/ChatInput.test.tsx (7 tests) 268ms
 ✓ tests/deferred-job-worker.test.ts (13 tests) 259ms
 ✓ tests/admin-search-bar.test.tsx (6 tests) 285ms
(node:99074) Warning: `--localstorage-file` was provided without a valid path
(Use `node --trace-warnings ...` to show where the warning was created)
 ✓ src/frameworks/ui/chat/primitives/capability-card-primitives.test.tsx (2 tests) 283ms
 ✓ src/frameworks/ui/ChatConversationDataMenu.test.tsx (3 tests) 287ms
 ✓ src/lib/user-files.test.ts (15 tests) 293ms
 ✓ tests/browser-motion.test.tsx (4 tests) 267ms
 ✓ tests/system-prompt.test.ts (16 tests) 304ms
 ✓ tests/composer-send-control.test.tsx (6 tests) 172ms
(node:99082) Warning: `--localstorage-file` was provided without a valid path
(Use `node --trace-warnings ...` to show where the warning was created)
 ✓ tests/embedder-no-new-instances.test.ts (1 test) 136ms
 ✓ src/components/ThemeProvider.test.tsx (8 tests) 266ms
 ✓ src/components/PanZoomViewport.test.tsx (1 test) 239ms
 ✓ src/frameworks/ui/chat/plugins/custom/WebSearchCard.test.tsx (3 tests) 293ms
 ✓ src/app/register/page.test.tsx (1 test) 226ms
 ✓ tests/corpus/librarian-tools.test.ts (21 tests) 144ms
 ✓ src/app/r/[code]/page.test.tsx (2 tests) 159ms
 ✓ src/adapters/UserFileDataMapper.test.ts (11 tests) 198ms
 ✓ src/frameworks/ui/chat/plugins/custom/ReferralQrCard.test.tsx (1 test) 211ms
 ✓ src/frameworks/ui/ChatMessageViewport.test.tsx (3 tests) 164ms
 ✓ tests/customer-workflow-evals.test.ts (9 tests) 251ms
 ✓ src/app/login/page.test.tsx (1 test) 167ms
 ✓ src/components/NotificationFeed.test.tsx (2 tests) 224ms
 ✓ src/frameworks/ui/FloatingChatLauncher.test.tsx (3 tests) 144ms
 ✓ src/hooks/chat/useChatComposerState.test.tsx (4 tests) 200ms
 ✓ src/components/SiteNav.test.tsx (8 tests) 271ms
 ✓ tests/deferred-job-repository.test.ts (10 tests) 242ms
 ✓ tests/browser-fab-scroll-recovery.test.tsx (1 test) 300ms
 ✓ src/frameworks/ui/chat/plugins/custom/EditorialWorkflowCard.test.tsx (5 tests) 258ms
 ✓ tests/system-prompt-builder.test.ts (33 tests) 139ms
 ✓ src/hooks/useMessageScrollBoundaryLock.test.tsx (7 tests) 149ms
 ✓ src/adapters/UserDataMapper.test.ts (9 tests) 205ms
 ✓ tests/blog-article-production-service.test.ts (6 tests) 96ms
 ✓ src/lib/referrals/referral-ledger.test.ts (6 tests) 114ms
 ✓ tests/conversation-analytics.test.ts (11 tests) 218ms
 ✓ tests/shell-brand.test.tsx (2 tests) 159ms
 ✓ src/app/admin/jobs/page.test.tsx (2 tests) 203ms
 ✓ tests/single-conversation.test.ts (31 tests) 92ms
 ✓ src/frameworks/ui/chat/plugins/custom/AudioPlayerCard.test.tsx (1 test) 159ms
 ✓ src/frameworks/ui/chat/plugins/custom/ChartRendererCard.test.tsx (1 test) 192ms
 ✓ src/adapters/TrainingPathRecordDataMapper.test.ts (6 tests) 97ms
 ✓ tests/chat/chat-error-placeholder.test.ts (3 tests) 138ms
 ✓ tests/architecture-cohesion-audit.test.ts (24 tests) 79ms
 ✓ tests/blog-image-generation-service.test.ts (6 tests) 155ms
 ✓ src/components/WebSearchResultCard.test.tsx (4 tests) 49ms
 ✓ tests/users-and-roles.test.ts (21 tests) 133ms
 ✓ tests/blog-post-revision-repository.test.ts (8 tests) 185ms
 ✓ src/app/admin/journal/preview/[slug]/page.test.tsx (6 tests) 164ms
 ✓ src/adapters/DealRecordDataMapper.test.ts (6 tests) 163ms
 ✓ src/adapters/LeadRecordDataMapper.test.ts (4 tests) 71ms
 ✓ src/adapters/ConsultationRequestDataMapper.test.ts (8 tests) 158ms
 ✓ tests/homepage-shell-evals.test.tsx (2 tests) 83ms
 ✓ src/adapters/ConversationEventDataMapper.test.ts (3 tests) 54ms
 ✓ tests/search/sqlite-stores.test.ts (5 tests) 100ms
 ✓ tests/evals/eval-live-integration.test.ts (4 tests) 100ms
 ✓ tests/tool-plugin-registry.test.tsx (16 tests) 126ms
 ✓ tests/compatibility-layer-sunset.test.ts (3 tests) 120ms
 ✓ src/components/MarkdownProse.test.tsx (2 tests) 57ms
 ✓ src/app/profile/page.test.tsx (2 tests) 18ms
 ✓ tests/dev-role-switch-guard.test.ts (8 tests) 72ms
 ✓ tests/evals/eval-integration.test.ts (3 tests) 87ms
 ✓ src/hooks/chat/useReferralContext.test.tsx (5 tests) 82ms
 ✓ tests/evals/eval-workspace.test.ts (3 tests) 56ms
 ✓ src/lib/blog/blog-production-root.test.ts (2 tests) 66ms
 ✓ src/hooks/useChatPushNotifications.test.tsx (3 tests) 89ms
[02:48:16.523] [33mWARN[39m (99177): [36mCORPUS_SLUG_MISMATCH[39m
    [35mevent[39m: "CORPUS_SLUG_MISMATCH"
    [35mmessage[39m: "Slug mismatch: dir \"wrong-dir\" vs slug \"correct-slug\" — skipping"
    [35mdir[39m: "wrong-dir"
    [35mslug[39m: "correct-slug"
 ✓ tests/chat-composer-drag-drop.test.tsx (10 tests) 63ms
 ✓ tests/ux-layout-navigation.test.tsx (32 tests) 63ms
 ✓ tests/corpus/book-discovery.test.ts (11 tests) 74ms
 ✓ src/components/journal/JournalLayout.test.tsx (3 tests) 43ms
 ✓ src/lib/evals/runner.retrieval-contracts.test.ts (2 tests) 42ms
 ✓ tests/plugin-integration.test.tsx (3 tests) 51ms
 ✓ tests/blog-asset-repository.test.ts (3 tests) 55ms
stdout | tests/chat/chat-job-actions-route.test.ts > POST /api/chat/jobs/[jobId] > cancels queued jobs and projects a canceled event
{"timestamp":"2026-04-11T06:48:17.302Z","level":"info","event":"metric.route","route":"/api/chat/jobs/[jobId]","durationMs":1,"isError":false}

stdout | tests/chat/chat-job-actions-route.test.ts > POST /api/chat/jobs/[jobId] > retries failed jobs by creating a fresh queued job
{"timestamp":"2026-04-11T06:48:17.307Z","level":"info","event":"metric.route","route":"/api/chat/jobs/[jobId]","durationMs":0,"isError":false}

stdout | tests/chat/chat-job-actions-route.test.ts > POST /api/chat/jobs/[jobId] > returns an explicit dedupe outcome when equivalent active work already exists
{"timestamp":"2026-04-11T06:48:17.309Z","level":"info","event":"metric.route","route":"/api/chat/jobs/[jobId]","durationMs":0,"isError":false}

stdout | tests/chat/chat-job-actions-route.test.ts > POST /api/chat/jobs/[jobId] > returns a normalized snapshot for GET job status
{"timestamp":"2026-04-11T06:48:17.309Z","level":"info","event":"metric.route","route":"/api/chat/jobs/[jobId]","durationMs":0,"isError":false}

 ✓ tests/chat/chat-job-actions-route.test.ts (4 tests) 14ms
stdout | src/app/api/conversations/[id]/route.test.ts > conversation detail routes > rejects unauthenticated conversation detail reads
{"timestamp":"2026-04-11T06:48:17.346Z","level":"info","event":"metric.route","route":"/api/conversations/[id]","durationMs":0,"isError":false}

stdout | src/app/api/conversations/[id]/route.test.ts > conversation detail routes > returns conversation detail for the authenticated user
{"timestamp":"2026-04-11T06:48:17.350Z","level":"info","event":"metric.route","route":"/api/conversations/[id]","durationMs":1,"isError":false}

stdout | src/app/api/conversations/[id]/route.test.ts > conversation detail routes > returns 404 when the requested conversation does not exist
{"timestamp":"2026-04-11T06:48:17.352Z","level":"info","event":"metric.route","route":"/api/conversations/[id]","durationMs":1,"isError":false}

stdout | src/app/api/conversations/[id]/route.test.ts > conversation detail routes > rejects unauthenticated conversation deletion
{"timestamp":"2026-04-11T06:48:17.352Z","level":"info","event":"metric.route","route":"/api/conversations/[id]","durationMs":0,"isError":false}

stdout | src/app/api/conversations/[id]/route.test.ts > conversation detail routes > deletes a conversation for the authenticated user
{"timestamp":"2026-04-11T06:48:17.352Z","level":"info","event":"metric.route","route":"/api/conversations/[id]","durationMs":0,"isError":false}

stdout | src/app/api/conversations/[id]/route.test.ts > conversation detail routes > returns 404 when deleting a missing conversation
{"timestamp":"2026-04-11T06:48:17.353Z","level":"info","event":"metric.route","route":"/api/conversations/[id]","durationMs":0,"isError":false}

stdout | src/app/api/conversations/[id]/route.test.ts > conversation detail routes > renames a conversation for the authenticated user
{"timestamp":"2026-04-11T06:48:17.353Z","level":"info","event":"metric.route","route":"/api/conversations/[id]","durationMs":0,"isError":false}

stdout | src/app/api/conversations/[id]/route.test.ts > conversation detail routes > archives a conversation for the authenticated user
{"timestamp":"2026-04-11T06:48:17.354Z","level":"info","event":"metric.route","route":"/api/conversations/[id]","durationMs":0,"isError":false}

stdout | src/app/api/conversations/[id]/route.test.ts > conversation detail routes > moves a conversation to trash for the authenticated user
{"timestamp":"2026-04-11T06:48:17.354Z","level":"info","event":"metric.route","route":"/api/conversations/[id]","durationMs":0,"isError":false}

stdout | src/app/api/conversations/[id]/route.test.ts > conversation detail routes > returns 400 for invalid rename input
{"timestamp":"2026-04-11T06:48:17.355Z","level":"info","event":"metric.route","route":"/api/conversations/[id]","durationMs":0,"isError":false}

 ✓ src/app/api/conversations/[id]/route.test.ts (10 tests) 13ms
 ✓ src/adapters/SessionDataMapper.test.ts (3 tests) 54ms
 ✓ src/lib/chat/CurrentPageMemento.test.ts (12 tests) 49ms
 ✓ src/lib/chat/embed-conversation.test.ts (2 tests) 47ms
 ✓ tests/optimistic-message-rendering.test.tsx (8 tests) 65ms
 ✓ tests/deferred-job-schema.test.ts (3 tests) 54ms
 ✓ tests/chat/conversation-portability.test.ts (4 tests) 24ms
 ✓ src/frameworks/ui/ChatSurface.test.tsx (6 tests) 38ms
 ✓ tests/job-visibility-user-scope.test.ts (3 tests) 60ms
 ✓ tests/shell-command-parity.test.ts (9 tests) 33ms
 ✓ src/hooks/chat/useBrowserCapabilityRuntime.test.tsx (3 tests) 55ms
 ✓ src/hooks/chat/useChatStreamRuntime.test.tsx (8 tests) 65ms
stdout | src/app/api/deals/[id]/route.test.ts > /api/deals/[id] > returns a full deal for admins
{"timestamp":"2026-04-11T06:48:18.798Z","level":"info","event":"metric.route","route":"/api/deals/[id]","durationMs":1,"isError":false}

stdout | src/app/api/deals/[id]/route.test.ts > /api/deals/[id] > returns a sanitized deal for the owner
{"timestamp":"2026-04-11T06:48:18.804Z","level":"info","event":"metric.route","route":"/api/deals/[id]","durationMs":0,"isError":false}

stdout | src/app/api/deals/[id]/route.test.ts > /api/deals/[id] > hides unapproved deals from their owner
{"timestamp":"2026-04-11T06:48:18.808Z","level":"info","event":"metric.route","route":"/api/deals/[id]","durationMs":0,"isError":false}

stdout | src/app/api/deals/[id]/route.test.ts > /api/deals/[id] > keeps finalized approved deals visible to their owner without founder-only fields
{"timestamp":"2026-04-11T06:48:18.809Z","level":"info","event":"metric.route","route":"/api/deals/[id]","durationMs":0,"isError":false}

stdout | src/app/api/deals/[id]/route.test.ts > /api/deals/[id] > rejects anonymous callers
{"timestamp":"2026-04-11T06:48:18.810Z","level":"info","event":"metric.route","route":"/api/deals/[id]","durationMs":0,"isError":false}

stdout | src/app/api/deals/[id]/route.test.ts > /api/deals/[id] > rejects non-owner authenticated callers
{"timestamp":"2026-04-11T06:48:18.810Z","level":"info","event":"metric.route","route":"/api/deals/[id]","durationMs":0,"isError":false}

stdout | src/app/api/deals/[id]/route.test.ts > /api/deals/[id] > allows admins to update founder-editable fields
{"timestamp":"2026-04-11T06:48:18.811Z","level":"info","event":"metric.route","route":"/api/deals/[id]","durationMs":0,"isError":false}

stdout | src/app/api/deals/[id]/route.test.ts > /api/deals/[id] > rejects attempts to change lane
{"timestamp":"2026-04-11T06:48:18.813Z","level":"info","event":"metric.route","route":"/api/deals/[id]","durationMs":0,"isError":false}

stdout | src/app/api/deals/[id]/route.test.ts > /api/deals/[id] > rejects customer response statuses on the founder route
{"timestamp":"2026-04-11T06:48:18.814Z","level":"info","event":"metric.route","route":"/api/deals/[id]","durationMs":0,"isError":false}

stdout | src/app/api/deals/[id]/route.test.ts > /api/deals/[id] > rejects invalid numeric estimate fields instead of silently dropping them
{"timestamp":"2026-04-11T06:48:18.814Z","level":"info","event":"metric.route","route":"/api/deals/[id]","durationMs":0,"isError":false}

stdout | src/app/api/deals/[id]/route.test.ts > /api/deals/[id] > rejects non-admin PATCH callers
{"timestamp":"2026-04-11T06:48:18.815Z","level":"info","event":"metric.route","route":"/api/deals/[id]","durationMs":0,"isError":false}

 ✓ src/app/api/deals/[id]/route.test.ts (11 tests) 21ms
 ✓ tests/bread-framework.test.ts (28 tests) 52ms
stdout | src/app/api/chat/contact-capture/route.test.ts > POST /api/chat/contact-capture > accepts the development lane at the API boundary
{"timestamp":"2026-04-11T06:48:18.888Z","level":"info","event":"metric.route","route":"/api/chat/contact-capture","durationMs":1,"isError":false}

stdout | src/app/api/chat/contact-capture/route.test.ts > POST /api/chat/contact-capture > rejects invalid lane values
{"timestamp":"2026-04-11T06:48:18.892Z","level":"info","event":"metric.route","route":"/api/chat/contact-capture","durationMs":0,"isError":false}

stdout | src/app/api/chat/contact-capture/route.test.ts > POST /api/chat/contact-capture > rejects honeypot capture submissions
{"timestamp":"2026-04-11T06:48:18.893Z","level":"info","event":"metric.route","route":"/api/chat/contact-capture","durationMs":0,"isError":false}

stdout | src/app/api/chat/contact-capture/route.test.ts > POST /api/chat/contact-capture > rate limits repeated capture submissions from the same client
{"timestamp":"2026-04-11T06:48:18.903Z","level":"info","event":"metric.route","route":"/api/chat/contact-capture","durationMs":0,"isError":false}

stdout | src/app/api/chat/contact-capture/route.test.ts > POST /api/chat/contact-capture > rate limits repeated capture submissions from the same client
{"timestamp":"2026-04-11T06:48:18.908Z","level":"info","event":"metric.route","route":"/api/chat/contact-capture","durationMs":0,"isError":false}

stdout | src/app/api/chat/contact-capture/route.test.ts > POST /api/chat/contact-capture > rate limits repeated capture submissions from the same client
{"timestamp":"2026-04-11T06:48:18.909Z","level":"info","event":"metric.route","route":"/api/chat/contact-capture","durationMs":0,"isError":false}

stdout | src/app/api/chat/contact-capture/route.test.ts > POST /api/chat/contact-capture > rate limits repeated capture submissions from the same client
{"timestamp":"2026-04-11T06:48:18.909Z","level":"info","event":"metric.route","route":"/api/chat/contact-capture","durationMs":0,"isError":false}

stdout | src/app/api/chat/contact-capture/route.test.ts > POST /api/chat/contact-capture > rate limits repeated capture submissions from the same client
{"timestamp":"2026-04-11T06:48:18.912Z","level":"info","event":"metric.route","route":"/api/chat/contact-capture","durationMs":3,"isError":false}

 ✓ tests/config-loader.test.ts (35 tests) 34ms
stdout | src/app/api/chat/contact-capture/route.test.ts > POST /api/chat/contact-capture > rate limits repeated capture submissions from the same client
{"timestamp":"2026-04-11T06:48:18.918Z","level":"info","event":"metric.route","route":"/api/chat/contact-capture","durationMs":1,"isError":false}

stdout | src/app/api/chat/contact-capture/route.test.ts > POST /api/chat/contact-capture > rate limits repeated capture submissions from the same client
{"timestamp":"2026-04-11T06:48:18.918Z","level":"info","event":"metric.route","route":"/api/chat/contact-capture","durationMs":0,"isError":false}

 ✓ src/app/api/chat/contact-capture/route.test.ts (4 tests) 36ms
[02:48:18.887] [32mINFO[39m (99208): [36mrequest.start[39m
    [35mevent[39m: "request.start"
    [35mroute[39m: "/api/chat/contact-capture"
    [35mrequestId[39m: "bf8ad95f-1da2-4b90-bed3-b571bb6c6ec4"
[02:48:18.889] [32mINFO[39m (99208): [36mrequest.success[39m
    [35mevent[39m: "request.success"
    [35mroute[39m: "/api/chat/contact-capture"
    [35mrequestId[39m: "bf8ad95f-1da2-4b90-bed3-b571bb6c6ec4"
    [35mdurationMs[39m: 1
[02:48:18.892] [32mINFO[39m (99208): [36mrequest.start[39m
    [35mevent[39m: "request.start"
    [35mroute[39m: "/api/chat/contact-capture"
    [35mrequestId[39m: "d6bd6a0e-1176-4355-9ab9-5550b3aadd95"
[02:48:18.892] [32mINFO[39m (99208): [36mrequest.error[39m
    [35mevent[39m: "request.error"
    [35mroute[39m: "/api/chat/contact-capture"
    [35mrequestId[39m: "d6bd6a0e-1176-4355-9ab9-5550b3aadd95"
    [35mdurationMs[39m: 0
    [35merrorCode[39m: "VALIDATION_ERROR"
    [35mstatus[39m: 400
    [35mmessage[39m: "lane must be valid."
[02:48:18.893] [32mINFO[39m (99208): [36mrequest.start[39m
    [35mevent[39m: "request.start"
    [35mroute[39m: "/api/chat/contact-capture"
    [35mrequestId[39m: "6fe33212-32e0-4548-8d74-c9111a95bfcf"
[02:48:18.893] [32mINFO[39m (99208): [36mrequest.error[39m
    [35mevent[39m: "request.error"
    [35mroute[39m: "/api/chat/contact-capture"
    [35mrequestId[39m: "6fe33212-32e0-4548-8d74-c9111a95bfcf"
    [35mdurationMs[39m: 0
    [35merrorCode[39m: "VALIDATION_ERROR"
    [35mstatus[39m: 400
    [35mmessage[39m: "Unable to process request."
[02:48:18.903] [32mINFO[39m (99208): [36mrequest.start[39m
    [35mevent[39m: "request.start"
    [35mroute[39m: "/api/chat/contact-capture"
    [35mrequestId[39m: "93306599-ecfd-459a-9143-22307f9fa46f"
[02:48:18.903] [32mINFO[39m (99208): [36mrequest.success[39m
    [35mevent[39m: "request.success"
    [35mroute[39m: "/api/chat/contact-capture"
    [35mrequestId[39m: "93306599-ecfd-459a-9143-22307f9fa46f"
    [35mdurationMs[39m: 0
[02:48:18.908] [32mINFO[39m (99208): [36mrequest.start[39m
    [35mevent[39m: "request.start"
    [35mroute[39m: "/api/chat/contact-capture"
    [35mrequestId[39m: "20e3cd99-c126-41b6-9dc2-069d2919b833"
[02:48:18.908] [32mINFO[39m (99208): [36mrequest.success[39m
    [35mevent[39m: "request.success"
    [35mroute[39m: "/api/chat/contact-capture"
    [35mrequestId[39m: "20e3cd99-c126-41b6-9dc2-069d2919b833"
    [35mdurationMs[39m: 0
[02:48:18.909] [32mINFO[39m (99208): [36mrequest.start[39m
    [35mevent[39m: "request.start"
    [35mroute[39m: "/api/chat/contact-capture"
    [35mrequestId[39m: "8b3b65c0-468a-4cb4-a577-497ff1ea7d56"
[02:48:18.909] [32mINFO[39m (99208): [36mrequest.success[39m
    [35mevent[39m: "request.success"
    [35mroute[39m: "/api/chat/contact-capture"
    [35mrequestId[39m: "8b3b65c0-468a-4cb4-a577-497ff1ea7d56"
    [35mdurationMs[39m: 0
[02:48:18.909] [32mINFO[39m (99208): [36mrequest.start[39m
    [35mevent[39m: "request.start"
    [35mroute[39m: "/api/chat/contact-capture"
    [35mrequestId[39m: "8110ea3d-ed3b-47d6-a4c1-ccd2b8ed6cf7"
[02:48:18.909] [32mINFO[39m (99208): [36mrequest.success[39m
    [35mevent[39m: "request.success"
    [35mroute[39m: "/api/chat/contact-capture"
    [35mrequestId[39m: "8110ea3d-ed3b-47d6-a4c1-ccd2b8ed6cf7"
    [35mdurationMs[39m: 0
[02:48:18.909] [32mINFO[39m (99208): [36mrequest.start[39m
    [35mevent[39m: "request.start"
    [35mroute[39m: "/api/chat/contact-capture"
    [35mrequestId[39m: "93abdabb-82d1-4d3d-8ffd-a3e6733ce724"
[02:48:18.912] [32mINFO[39m (99208): [36mrequest.success[39m
    [35mevent[39m: "request.success"
    [35mroute[39m: "/api/chat/contact-capture"
    [35mrequestId[39m: "93abdabb-82d1-4d3d-8ffd-a3e6733ce724"
    [35mdurationMs[39m: 3
[02:48:18.917] [32mINFO[39m (99208): [36mrequest.start[39m
    [35mevent[39m: "request.start"
    [35mroute[39m: "/api/chat/contact-capture"
    [35mrequestId[39m: "f9c5f243-0ce5-4627-a6f3-4df3be0cbd77"
[02:48:18.918] [32mINFO[39m (99208): [36mrequest.success[39m
    [35mevent[39m: "request.success"
    [35mroute[39m: "/api/chat/contact-capture"
    [35mrequestId[39m: "f9c5f243-0ce5-4627-a6f3-4df3be0cbd77"
    [35mdurationMs[39m: 1
[02:48:18.918] [32mINFO[39m (99208): [36mrequest.start[39m
    [35mevent[39m: "request.start"
    [35mroute[39m: "/api/chat/contact-capture"
    [35mrequestId[39m: "5a5b0ceb-bf2a-4241-b485-7364dec9ba46"
[02:48:18.918] [32mINFO[39m (99208): [36mrequest.error[39m
    [35mevent[39m: "request.error"
    [35mroute[39m: "/api/chat/contact-capture"
    [35mrequestId[39m: "5a5b0ceb-bf2a-4241-b485-7364dec9ba46"
    [35mdurationMs[39m: 0
    [35merrorCode[39m: "VALIDATION_ERROR"
    [35mstatus[39m: 429
    [35mmessage[39m: "Too many attempts. Please wait a moment and try again."
 ✓ tests/embedder-warmup-batching.test.ts (7 tests) 24ms
 ✓ src/app/referrals/page.test.tsx (3 tests) 69ms
 ✓ tests/first-message-flow.test.tsx (28 tests) 31ms
 ✓ src/lib/referrals/admin-referral-analytics.test.ts (1 test) 34ms
 ✓ tests/env-centralization.test.ts (9 tests) 50ms
 ✓ src/frameworks/ui/useChatSurfaceState.test.tsx (20 tests) 33ms
 ✓ tests/blog-post-artifact-repository.test.ts (2 tests) 33ms
 ✓ tests/tool-registry.integration.test.ts (13 tests) 52ms
 ✓ src/hooks/usePresentedChatMessages.test.tsx (2 tests) 58ms
 ✓ src/components/AppShell.test.tsx (5 tests) 43ms
 ✓ tests/deferred-blog-publish-flow.test.ts (2 tests) 76ms
 ✓ tests/evals/eval-scoring.test.ts (5 tests) 49ms
 ✓ tests/insert-mention-purity.test.ts (7 tests) 24ms
 ✓ tests/chat-composer-send-error.test.ts (5 tests) 27ms
 ✓ src/app/page.test.tsx (2 tests) 16ms
 ✓ src/frameworks/ui/ChatContentSurface.test.tsx (2 tests) 45ms
 ✓ src/app/api/web-search/route.test.ts (4 tests) 15ms
 ✓ src/frameworks/ui/chat/plugins/custom/CustomToolCardCompliance.test.tsx (7 tests) 54ms
 ✓ tests/mention-trigger-priority.test.ts (15 tests) 28ms
 ✓ tests/presenter-ast-boundary.test.ts (3 tests) 24ms
stdout | src/app/api/deals/route.test.ts > /api/deals > creates a draft deal from a consultation request
{"timestamp":"2026-04-11T06:48:21.526Z","level":"info","event":"metric.route","route":"/api/deals","durationMs":2,"isError":false}

stdout | src/app/api/deals/route.test.ts > /api/deals > creates a draft deal from a qualified lead
{"timestamp":"2026-04-11T06:48:21.533Z","level":"info","event":"metric.route","route":"/api/deals","durationMs":1,"isError":false}

stdout | src/app/api/deals/route.test.ts > /api/deals > rejects non-admin callers
{"timestamp":"2026-04-11T06:48:21.534Z","level":"info","event":"metric.route","route":"/api/deals","durationMs":0,"isError":false}

stdout | src/app/api/deals/route.test.ts > /api/deals > rejects missing or ambiguous sources
{"timestamp":"2026-04-11T06:48:21.535Z","level":"info","event":"metric.route","route":"/api/deals","durationMs":0,"isError":false}

stdout | src/app/api/deals/route.test.ts > /api/deals > rejects missing or ambiguous sources
{"timestamp":"2026-04-11T06:48:21.536Z","level":"info","event":"metric.route","route":"/api/deals","durationMs":1,"isError":false}

stdout | src/app/api/deals/route.test.ts > /api/deals > returns 404 when the source is missing
{"timestamp":"2026-04-11T06:48:21.536Z","level":"info","event":"metric.route","route":"/api/deals","durationMs":0,"isError":false}

stdout | src/app/api/deals/route.test.ts > /api/deals > returns 422 for ineligible sources
{"timestamp":"2026-04-11T06:48:21.537Z","level":"info","event":"metric.route","route":"/api/deals","durationMs":0,"isError":false}

stdout | src/app/api/deals/route.test.ts > /api/deals > returns 409 when a deal already exists for the source
{"timestamp":"2026-04-11T06:48:21.537Z","level":"info","event":"metric.route","route":"/api/deals","durationMs":0,"isError":false}

 ✓ src/app/api/deals/route.test.ts (7 tests) 20ms
 ✓ tests/config-identity.test.ts (15 tests) 13ms
stdout | src/app/api/training-paths/[id]/route.test.ts > /api/training-paths/[id] > returns a full training path for admins
{"timestamp":"2026-04-11T06:48:21.644Z","level":"info","event":"metric.route","route":"/api/training-paths/[id]","durationMs":1,"isError":false}

stdout | src/app/api/training-paths/[id]/route.test.ts > /api/training-paths/[id] > returns a sanitized training path for the owner
{"timestamp":"2026-04-11T06:48:21.651Z","level":"info","event":"metric.route","route":"/api/training-paths/[id]","durationMs":0,"isError":false}

stdout | src/app/api/training-paths/[id]/route.test.ts > /api/training-paths/[id] > hides draft training paths from their owner
{"timestamp":"2026-04-11T06:48:21.652Z","level":"info","event":"metric.route","route":"/api/training-paths/[id]","durationMs":0,"isError":false}

stdout | src/app/api/training-paths/[id]/route.test.ts > /api/training-paths/[id] > keeps approved follow-up training paths visible to their owner without founder-only fields
{"timestamp":"2026-04-11T06:48:21.653Z","level":"info","event":"metric.route","route":"/api/training-paths/[id]","durationMs":0,"isError":false}

stdout | src/app/api/training-paths/[id]/route.test.ts > /api/training-paths/[id] > rejects anonymous callers
{"timestamp":"2026-04-11T06:48:21.654Z","level":"info","event":"metric.route","route":"/api/training-paths/[id]","durationMs":0,"isError":false}

stdout | src/app/api/training-paths/[id]/route.test.ts > /api/training-paths/[id] > rejects non-owner authenticated callers
{"timestamp":"2026-04-11T06:48:21.654Z","level":"info","event":"metric.route","route":"/api/training-paths/[id]","durationMs":0,"isError":false}

stdout | src/app/api/training-paths/[id]/route.test.ts > /api/training-paths/[id] > allows admins to update founder-editable fields
{"timestamp":"2026-04-11T06:48:21.655Z","level":"info","event":"metric.route","route":"/api/training-paths/[id]","durationMs":0,"isError":false}

stdout | src/app/api/training-paths/[id]/route.test.ts > /api/training-paths/[id] > rejects attempts to change lane
{"timestamp":"2026-04-11T06:48:21.657Z","level":"info","event":"metric.route","route":"/api/training-paths/[id]","durationMs":0,"isError":false}

stdout | src/app/api/training-paths/[id]/route.test.ts > /api/training-paths/[id] > rejects invalid recommendation values
{"timestamp":"2026-04-11T06:48:21.658Z","level":"info","event":"metric.route","route":"/api/training-paths/[id]","durationMs":0,"isError":false}

stdout | src/app/api/training-paths/[id]/route.test.ts > /api/training-paths/[id] > rejects illegal founder status transitions
{"timestamp":"2026-04-11T06:48:21.658Z","level":"info","event":"metric.route","route":"/api/training-paths/[id]","durationMs":0,"isError":false}

stdout | src/app/api/training-paths/[id]/route.test.ts > /api/training-paths/[id] > rejects non-admin PATCH callers
{"timestamp":"2026-04-11T06:48:21.659Z","level":"info","event":"metric.route","route":"/api/training-paths/[id]","durationMs":0,"isError":false}

 ✓ src/app/api/training-paths/[id]/route.test.ts (11 tests) 21ms
 ✓ src/adapters/ChatPresenter.test.ts (47 tests) 32ms
 ✓ src/components/jobs/job-workspace-helpers.test.ts (4 tests) 22ms
 ✓ src/lib/admin/jobs/admin-jobs-actions.test.ts (9 tests) 16ms
 ✓ src/app/api/chat/uploads/route.test.ts (7 tests) 12ms
 ✓ tests/deferred-job-notifications.test.ts (5 tests) 24ms
 ✓ src/core/use-cases/ConversationInteractor.test.ts (56 tests) 58ms
 ✓ tests/sqlite-boundary.test.ts (5 tests) 35ms
 ✓ tests/assistant-bubble-decomposition.test.tsx (2 tests) 35ms
 ✓ src/app/jobs/page.test.tsx (2 tests) 29ms
 ✓ tests/deferred-blog-job-flow.test.ts (1 test) 27ms
 ✓ tests/error-standardization.test.ts (31 tests) 5ms
 ✓ src/lib/operator/operator-signal-loaders.test.ts (24 tests) 18ms
 ✓ src/components/jobs/useJobsEventStream.test.tsx (2 tests) 44ms
 ✓ tests/job-visibility-cohesion.test.ts (9 tests) 15ms
 ✓ src/hooks/chat/useBootstrapMessages.test.tsx (4 tests) 17ms
 ✓ tests/system-prompt-assembly.test.ts (11 tests) 52ms
stdout | src/app/api/conversations/[id]/restore/route.test.ts > conversation restore route > rejects unauthenticated restore requests
{"timestamp":"2026-04-11T06:48:23.556Z","level":"info","event":"metric.route","route":"/api/conversations/[id]/restore","durationMs":1,"isError":false}

stdout | src/app/api/conversations/[id]/restore/route.test.ts > conversation restore route > restores a deleted conversation for the authenticated user
{"timestamp":"2026-04-11T06:48:23.594Z","level":"info","event":"metric.route","route":"/api/conversations/[id]/restore","durationMs":5,"isError":false}

stdout | src/app/api/conversations/[id]/restore/route.test.ts > conversation restore route > returns 404 when restoring a missing conversation
{"timestamp":"2026-04-11T06:48:23.601Z","level":"info","event":"metric.route","route":"/api/conversations/[id]/restore","durationMs":1,"isError":false}

 ✓ src/app/api/conversations/[id]/restore/route.test.ts (3 tests) 64ms
[02:48:23.555] [32mINFO[39m (99268): [36mrequest.start[39m
    [35mevent[39m: "request.start"
    [35mroute[39m: "/api/conversations/[id]/restore"
    [35mrequestId[39m: "6cf9452d-3dd9-42c2-a3e1-4d64c9cb3e76"
[02:48:23.570] [32mINFO[39m (99268): [36mrequest.error[39m
    [35mevent[39m: "request.error"
    [35mroute[39m: "/api/conversations/[id]/restore"
    [35mrequestId[39m: "6cf9452d-3dd9-42c2-a3e1-4d64c9cb3e76"
    [35mdurationMs[39m: 1
    [35merrorCode[39m: "AUTH_ERROR"
    [35mstatus[39m: 401
    [35mmessage[39m: "Authentication required"
[02:48:23.589] [32mINFO[39m (99268): [36mrequest.start[39m
    [35mevent[39m: "request.start"
    [35mroute[39m: "/api/conversations/[id]/restore"
    [35mrequestId[39m: "99857630-e130-4dfc-a383-e4110c7bf693"
[02:48:23.594] [32mINFO[39m (99268): [36mrequest.success[39m
    [35mevent[39m: "request.success"
    [35mroute[39m: "/api/conversations/[id]/restore"
    [35mrequestId[39m: "99857630-e130-4dfc-a383-e4110c7bf693"
    [35mdurationMs[39m: 5
[02:48:23.600] [32mINFO[39m (99268): [36mrequest.start[39m
    [35mevent[39m: "request.start"
    [35mroute[39m: "/api/conversations/[id]/restore"
    [35mrequestId[39m: "1e14c29e-09ad-49c4-b120-2da451e372b7"
[02:48:23.601] [32mINFO[39m (99268): [36mrequest.error[39m
    [35mevent[39m: "request.error"
    [35mroute[39m: "/api/conversations/[id]/restore"
    [35mrequestId[39m: "1e14c29e-09ad-49c4-b120-2da451e372b7"
    [35mdurationMs[39m: 1
    [35merrorCode[39m: "NOT_FOUND"
    [35mstatus[39m: 404
    [35mmessage[39m: "Conversation not found"
 ✓ tests/seo-infrastructure.test.ts (22 tests) 16ms
 ✓ tests/search/mcp-embedding-tool.test.ts (14 tests) 19ms
[02:48:24.057] [32mINFO[39m (99272): [36mrequest.start[39m
    [35mevent[39m: "request.start"
    [35mroute[39m: "/api/chat/events"
    [35mrequestId[39m: "3ef184d4-0c83-43b3-92dd-801043f0b04b"
 ✓ tests/deferred-job-events-route.test.ts (3 tests) 29ms
[02:48:24.068] [32mINFO[39m (99272): [36mrequest.start[39m
    [35mevent[39m: "request.start"
    [35mroute[39m: "/api/chat/events"
    [35mrequestId[39m: "1dd34b5a-5c1e-494a-b256-6aface4bb35a"
[02:48:24.074] [32mINFO[39m (99272): [36mrequest.start[39m
    [35mevent[39m: "request.start"
    [35mroute[39m: "/api/chat/events"
    [35mrequestId[39m: "9a494c63-99ab-4f67-8c68-d157a2d92cf3"
 ✓ src/lib/admin/jobs/admin-jobs.test.ts (7 tests) 19ms
 ✓ tests/evals/runtime-integrity-evidence.test.ts (3 tests) 38ms
 ✓ tests/corpus/librarian-security.test.ts (5 tests) 28ms
 ✓ src/lib/chat/collect-current-page-snapshot.test.ts (6 tests) 45ms
 ✓ tests/chat/chat-slash-commands.test.ts (15 tests) 25ms
 ✓ src/hooks/chat/useChatJobEvents.test.tsx (2 tests) 21ms
 ✓ tests/blog-pipeline-integration.test.ts (33 tests) 18ms
 ✓ tests/journal-taxonomy-metadata.test.ts (6 tests) 29ms
 ✓ src/hooks/chat/useFailedSendRecovery.test.tsx (5 tests) 32ms
 ✓ src/app/api/tts/route.test.ts (3 tests) 13ms
 ✓ tests/search/query-processing.test.ts (7 tests) 6ms
 ✓ tests/chat/chat-tools.test.ts (4 tests) 42ms
[02:48:25.465] [32mINFO[39m (99288): [36mtool.start[39m
    [35mevent[39m: "tool.start"
    [35mtool[39m: "calculator"
    [35mrole[39m: "ANONYMOUS"
[02:48:25.466] [32mINFO[39m (99288): [36mtool.success[39m
    [35mevent[39m: "tool.success"
    [35mtool[39m: "calculator"
    [35mdurationMs[39m: 4
[02:48:25.468] [32mINFO[39m (99288): [36mtool.start[39m
    [35mevent[39m: "tool.start"
    [35mtool[39m: "calculator"
    [35mrole[39m: "ANONYMOUS"
[02:48:25.471] [31mERROR[39m (99288): [36mtool.error[39m
    [35mevent[39m: "tool.error"
    [35mtool[39m: "calculator"
    [35mdurationMs[39m: 3
    error: "Invalid operation. Use add, subtract, multiply, or divide."
[02:48:25.472] [32mINFO[39m (99288): [36mtool.start[39m
    [35mevent[39m: "tool.start"
    [35mtool[39m: "unknown_tool"
    [35mrole[39m: "ANONYMOUS"
[02:48:25.473] [31mERROR[39m (99288): [36mtool.error[39m
    [35mevent[39m: "tool.error"
    [35mtool[39m: "unknown_tool"
    [35mdurationMs[39m: 1
    error: "Unknown tool: \"unknown_tool\""
 ✓ src/core/use-cases/RegisterUserInteractor.test.ts (8 tests) 6ms
 ✓ tests/blog-asset-schema.test.ts (1 test) 33ms
 ✓ tests/search/result-formatter.test.ts (12 tests) 5ms
stderr | tests/chat/chat-policy.test.ts > chat policy > returns configured model first and dedupes
Deprecated environment variable API__ANTHROPIC_MODEL is in use. Prefer ANTHROPIC_MODEL for new deployments.

 ✓ tests/chat/chat-policy.test.ts (6 tests) 20ms
 ✓ src/app/api/chat/stream/route.test.ts (3 tests) 37ms
[02:48:26.091] [32mINFO[39m (99296): [36mrequest.start[39m
    [35mevent[39m: "request.start"
    [35mroute[39m: "/api/chat/stream"
    [35mrequestId[39m: "2076b1cb-a097-4000-893d-db2e260e47aa"
[02:48:26.092] [32mINFO[39m (99296): [36mchat.inbound_claim.start[39m
    [35mevent[39m: "chat.inbound_claim.start"
    [35mroute[39m: "/api/chat/stream"
[02:48:26.092] [32mINFO[39m (99296): [36mchat.inbound_claim.success[39m
    [35mevent[39m: "chat.inbound_claim.success"
    [35mroute[39m: "/api/chat/stream"
    [35mrole[39m: "ANONYMOUS"
    [35muserId[39m: "anon_stream_owner"
    [35misAnonymous[39m: true
    [35mdurationMs[39m: 0
[02:48:26.094] [32mINFO[39m (99296): [36mchat.request_assembly.start[39m
    [35mevent[39m: "chat.request_assembly.start"
    [35mroute[39m: "/api/chat/stream"
    [35mmode[39m: "primary"
    [35mconversationId[39m: "conv_stream_1"
[02:48:26.094] [32mINFO[39m (99296): [36mchat.request_assembly.success[39m
    [35mevent[39m: "chat.request_assembly.success"
    [35mroute[39m: "/api/chat/stream"
    [35mmode[39m: "primary"
    [35mconversationId[39m: "conv_stream_1"
    [35mguardStatus[39m: "ok"
    [35mcontextMessageCount[39m: 0
    [35mdurationMs[39m: 0
[02:48:26.101] [32mINFO[39m (99296): [36mchat.turn_completion.start[39m
    [35mevent[39m: "chat.turn_completion.start"
    [35mroute[39m: "/api/chat/stream"
    [35mconversationId[39m: "conv_stream_1"
    [35mstreamId[39m: "61da7c8d-0d21-43f5-8349-36c65d37e82d"
    [35mstatus[39m: "stopped"
    [35msessionResolutionKind[39m: null
[02:48:26.101] [32mINFO[39m (99296): [36mchat.turn_completion.success[39m
    [35mevent[39m: "chat.turn_completion.success"
    [35mroute[39m: "/api/chat/stream"
    [35mconversationId[39m: "conv_stream_1"
    [35mstreamId[39m: "61da7c8d-0d21-43f5-8349-36c65d37e82d"
    [35mstatus[39m: "stopped"
    [35mpersistedMessageId[39m: "msg_assistant_1"
    [35msessionResolutionKind[39m: null
    [35msessionResolutionReason[39m: null
    [35msessionResolutionResponseState[39m: null
    [35mdurationMs[39m: 0
[02:48:26.106] [32mINFO[39m (99296): [36mrequest.start[39m
    [35mevent[39m: "request.start"
    [35mroute[39m: "/api/chat/stream"
    [35mrequestId[39m: "c0b59cd6-98f5-4c90-af03-5c58023f17e0"
[02:48:26.106] [32mINFO[39m (99296): [36mchat.inbound_claim.start[39m
    [35mevent[39m: "chat.inbound_claim.start"
    [35mroute[39m: "/api/chat/stream"
[02:48:26.106] [32mINFO[39m (99296): [36mchat.inbound_claim.success[39m
    [35mevent[39m: "chat.inbound_claim.success"
    [35mroute[39m: "/api/chat/stream"
    [35mrole[39m: "ANONYMOUS"
    [35muserId[39m: "anon_stream_owner"
    [35misAnonymous[39m: true
    [35mdurationMs[39m: 0
[02:48:26.106] [32mINFO[39m (99296): [36mchat.request_assembly.start[39m
    [35mevent[39m: "chat.request_assembly.start"
    [35mroute[39m: "/api/chat/stream"
    [35mmode[39m: "primary"
    [35mconversationId[39m: "conv_stream_1"
[02:48:26.106] [32mINFO[39m (99296): [36mchat.request_assembly.success[39m
    [35mevent[39m: "chat.request_assembly.success"
    [35mroute[39m: "/api/chat/stream"
    [35mmode[39m: "primary"
    [35mconversationId[39m: "conv_stream_1"
    [35mguardStatus[39m: "ok"
    [35mcontextMessageCount[39m: 0
    [35mdurationMs[39m: 0
[02:48:26.110] [31mERROR[39m (99296): [36mUNKNOWN_ROUTE_ERROR[39m
    [35mevent[39m: "UNKNOWN_ROUTE_ERROR"
    [35mmessage[39m: "Unexpected stream error"
    error: {
      "name": "Error",
      "message": "Provider unavailable",
      "stack":
          Error: Provider unavailable
              at /Users/kwilliams/Projects/ordoSite/src/app/api/chat/stream/route.test.ts:328:13
              at Mock (file:///Users/kwilliams/Projects/ordoSite/node_modules/@vitest/spy/dist/index.js:285:34)
              at Object.start (/Users/kwilliams/Projects/ordoSite/src/lib/chat/stream-pipeline.ts:974:17)
              at setupReadableStreamDefaultController (node:internal/webstreams/readablestream:2545:23)
              at setupReadableStreamDefaultControllerFromSource (node:internal/webstreams/readablestream:2577:3)
              at new ReadableStream (node:internal/webstreams/readablestream:279:7)
              at ChatStreamPipeline.createStreamResponse (/Users/kwilliams/Projects/ordoSite/src/lib/chat/stream-pipeline.ts:845:20)
              at execute (/Users/kwilliams/Projects/ordoSite/src/app/api/chat/stream/route.ts:124:23)
              at processTicksAndRejections (node:internal/process/task_queues:104:5)
              at runRouteTemplate (/Users/kwilliams/Projects/ordoSite/src/lib/chat/http-facade.ts:118:12)
    }
[02:48:26.110] [32mINFO[39m (99296): [36mchat.turn_completion.start[39m
    [35mevent[39m: "chat.turn_completion.start"
    [35mroute[39m: "/api/chat/stream"
    [35mconversationId[39m: "conv_stream_1"
    [35mstreamId[39m: "5ef5330a-9af6-4c77-b7f8-b2b318fa2978"
    [35mstatus[39m: "interrupted"
    [35msessionResolutionKind[39m: null
[02:48:26.110] [32mINFO[39m (99296): [36mchat.turn_completion.success[39m
    [35mevent[39m: "chat.turn_completion.success"
    [35mroute[39m: "/api/chat/stream"
    [35mconversationId[39m: "conv_stream_1"
    [35mstreamId[39m: "5ef5330a-9af6-4c77-b7f8-b2b318fa2978"
    [35mstatus[39m: "interrupted"
    [35mpersistedMessageId[39m: "msg_assistant_1"
    [35msessionResolutionKind[39m: null
    [35msessionResolutionReason[39m: null
    [35msessionResolutionResponseState[39m: null
    [35mdurationMs[39m: 0
[02:48:26.111] [32mINFO[39m (99296): [36mrequest.start[39m
    [35mevent[39m: "request.start"
    [35mroute[39m: "/api/chat/stream"
    [35mrequestId[39m: "8cad7a06-01c2-4ed6-bc58-eed7d8b8cfd0"
[02:48:26.111] [32mINFO[39m (99296): [36mchat.inbound_claim.start[39m
    [35mevent[39m: "chat.inbound_claim.start"
    [35mroute[39m: "/api/chat/stream"
[02:48:26.111] [32mINFO[39m (99296): [36mchat.inbound_claim.success[39m
    [35mevent[39m: "chat.inbound_claim.success"
    [35mroute[39m: "/api/chat/stream"
    [35mrole[39m: "ANONYMOUS"
    [35muserId[39m: "anon_stream_owner"
    [35misAnonymous[39m: true
    [35mdurationMs[39m: 0
[02:48:26.111] [32mINFO[39m (99296): [36mchat.request_assembly.start[39m
    [35mevent[39m: "chat.request_assembly.start"
    [35mroute[39m: "/api/chat/stream"
    [35mmode[39m: "primary"
    [35mconversationId[39m: "conv_stream_1"
[02:48:26.111] [32mINFO[39m (99296): [36mchat.request_assembly.success[39m
    [35mevent[39m: "chat.request_assembly.success"
    [35mroute[39m: "/api/chat/stream"
    [35mmode[39m: "primary"
    [35mconversationId[39m: "conv_stream_1"
    [35mguardStatus[39m: "ok"
    [35mcontextMessageCount[39m: 0
    [35mdurationMs[39m: 0
 ✓ src/adapters/BcryptHasher.test.ts (2 tests) 22ms
 ✓ src/hooks/chat/useCurrentPageMemento.test.tsx (4 tests) 26ms
stdout | src/app/api/chat/streams/[streamId]/stop/route.test.ts > POST /api/chat/streams/[streamId]/stop > stops an active stream for its owner
{"timestamp":"2026-04-11T06:48:26.319Z","level":"info","event":"metric.route","route":"/api/chat/streams/[streamId]/stop","durationMs":0,"isError":false}

stdout | src/app/api/chat/streams/[streamId]/stop/route.test.ts > POST /api/chat/streams/[streamId]/stop > returns 404 when another user attempts to stop the stream
{"timestamp":"2026-04-11T06:48:26.325Z","level":"info","event":"metric.route","route":"/api/chat/streams/[streamId]/stop","durationMs":1,"isError":false}

stdout | src/app/api/chat/streams/[streamId]/stop/route.test.ts > POST /api/chat/streams/[streamId]/stop > returns 404 when the stream no longer exists
{"timestamp":"2026-04-11T06:48:26.332Z","level":"info","event":"metric.route","route":"/api/chat/streams/[streamId]/stop","durationMs":0,"isError":false}

 ✓ src/app/api/chat/streams/[streamId]/stop/route.test.ts (3 tests) 21ms
stdout | src/app/api/conversations/import/route.test.ts > conversation import route > imports a valid platform export payload into a new archived conversation
{"timestamp":"2026-04-11T06:48:26.483Z","level":"info","event":"metric.route","route":"/api/conversations/import","durationMs":10,"isError":false}

stdout | src/app/api/conversations/import/route.test.ts > conversation import route > rejects schema-invalid import payloads
{"timestamp":"2026-04-11T06:48:26.488Z","level":"info","event":"metric.route","route":"/api/conversations/import","durationMs":1,"isError":false}

 ✓ src/app/api/conversations/import/route.test.ts (2 tests) 29ms
[02:48:26.474] [32mINFO[39m (99301): [36mrequest.start[39m
    [35mevent[39m: "request.start"
    [35mroute[39m: "/api/conversations/import"
    [35mrequestId[39m: "f447ac80-4036-4643-b19e-e6b0bc456081"
[02:48:26.483] [32mINFO[39m (99301): [36mrequest.success[39m
    [35mevent[39m: "request.success"
    [35mroute[39m: "/api/conversations/import"
    [35mrequestId[39m: "f447ac80-4036-4643-b19e-e6b0bc456081"
    [35mdurationMs[39m: 10
[02:48:26.487] [32mINFO[39m (99301): [36mrequest.start[39m
    [35mevent[39m: "request.start"
    [35mroute[39m: "/api/conversations/import"
    [35mrequestId[39m: "9d10a54c-395b-450f-8606-7068213c4eea"
[02:48:26.488] [32mINFO[39m (99301): [36mrequest.error[39m
    [35mevent[39m: "request.error"
    [35mroute[39m: "/api/conversations/import"
    [35mrequestId[39m: "9d10a54c-395b-450f-8606-7068213c4eea"
    [35mdurationMs[39m: 1
    [35merrorCode[39m: "VALIDATION_ERROR"
    [35mstatus[39m: 400
    [35mmessage[39m: "Import payload must be valid JSON."
stdout | src/app/api/conversations/active/route.test.ts > active conversation routes > restores an anonymous user's active conversation
{"timestamp":"2026-04-11T06:48:26.658Z","level":"info","event":"metric.route","route":"/api/conversations/active","durationMs":1,"isError":false}

stdout | src/app/api/conversations/active/route.test.ts > active conversation routes > returns 404 when no active conversation exists for anonymous user
{"timestamp":"2026-04-11T06:48:26.666Z","level":"info","event":"metric.route","route":"/api/conversations/active","durationMs":0,"isError":false}

stdout | src/app/api/conversations/active/route.test.ts > active conversation routes > archives an anonymous active conversation without embedding it
{"timestamp":"2026-04-11T06:48:26.667Z","level":"info","event":"metric.route","route":"/api/conversations/active/archive","durationMs":0,"isError":false}

stdout | src/app/api/conversations/active/route.test.ts > active conversation routes > embeds archived authenticated conversations for search
{"timestamp":"2026-04-11T06:48:26.668Z","level":"info","event":"metric.route","route":"/api/conversations/active/archive","durationMs":0,"isError":false}

 ✓ src/app/api/conversations/active/route.test.ts (4 tests) 17ms
[02:48:26.657] [32mINFO[39m (99303): [36mrequest.start[39m
    [35mevent[39m: "request.start"
    [35mroute[39m: "/api/conversations/active"
    [35mrequestId[39m: "307e746c-d536-4705-b4b1-6ecacb456c1a"
[02:48:26.659] [32mINFO[39m (99303): [36mrequest.success[39m
    [35mevent[39m: "request.success"
    [35mroute[39m: "/api/conversations/active"
    [35mrequestId[39m: "307e746c-d536-4705-b4b1-6ecacb456c1a"
    [35mdurationMs[39m: 1
[02:48:26.666] [32mINFO[39m (99303): [36mrequest.start[39m
    [35mevent[39m: "request.start"
    [35mroute[39m: "/api/conversations/active"
    [35mrequestId[39m: "3de8d064-9b18-491f-9bac-9ce8b4243388"
[02:48:26.666] [32mINFO[39m (99303): [36mrequest.error[39m
    [35mevent[39m: "request.error"
    [35mroute[39m: "/api/conversations/active"
    [35mrequestId[39m: "3de8d064-9b18-491f-9bac-9ce8b4243388"
    [35mdurationMs[39m: 0
    [35merrorCode[39m: "NOT_FOUND"
    [35mstatus[39m: 404
    [35mmessage[39m: "No active conversation"
[02:48:26.667] [32mINFO[39m (99303): [36mrequest.start[39m
    [35mevent[39m: "request.start"
    [35mroute[39m: "/api/conversations/active/archive"
    [35mrequestId[39m: "110b6d9a-e981-475a-b09e-b935f5a52ef3"
[02:48:26.667] [32mINFO[39m (99303): [36mrequest.success[39m
    [35mevent[39m: "request.success"
    [35mroute[39m: "/api/conversations/active/archive"
    [35mrequestId[39m: "110b6d9a-e981-475a-b09e-b935f5a52ef3"
    [35mdurationMs[39m: 0
[02:48:26.668] [32mINFO[39m (99303): [36mrequest.start[39m
    [35mevent[39m: "request.start"
    [35mroute[39m: "/api/conversations/active/archive"
    [35mrequestId[39m: "5e833611-418c-4c30-ab1b-1d223444b752"
[02:48:26.668] [32mINFO[39m (99303): [36mrequest.success[39m
    [35mevent[39m: "request.success"
    [35mroute[39m: "/api/conversations/active/archive"
    [35mrequestId[39m: "5e833611-418c-4c30-ab1b-1d223444b752"
    [35mdurationMs[39m: 0
 ✓ tests/blog-assets-route.test.ts (6 tests) 45ms
stdout | src/app/api/jobs/[jobId]/route.test.ts > /api/jobs/[jobId] > returns 401 for anonymous callers
{"timestamp":"2026-04-11T06:48:26.979Z","level":"info","event":"metric.route","route":"/api/jobs/[jobId]","durationMs":2,"isError":false}

stdout | src/app/api/jobs/[jobId]/route.test.ts > /api/jobs/[jobId] > returns a migrated anonymous job for the signed-in owner
{"timestamp":"2026-04-11T06:48:26.985Z","level":"info","event":"metric.route","route":"/api/jobs/[jobId]","durationMs":0,"isError":false}

stdout | src/app/api/jobs/[jobId]/route.test.ts > /api/jobs/[jobId] > replays failed jobs with explicit lineage metadata
{"timestamp":"2026-04-11T06:48:26.987Z","level":"info","event":"metric.route","route":"/api/jobs/[jobId]","durationMs":0,"isError":false}

stdout | src/app/api/jobs/[jobId]/route.test.ts > /api/jobs/[jobId] > returns an explicit dedupe replay outcome when equivalent active work already exists
{"timestamp":"2026-04-11T06:48:26.989Z","level":"info","event":"metric.route","route":"/api/jobs/[jobId]","durationMs":0,"isError":false}

 ✓ src/app/api/jobs/[jobId]/route.test.ts (4 tests) 17ms
 ✓ src/middleware.test.ts (11 tests) 14ms
 ✓ src/core/tool-registry/ToolRegistry.test.ts (2 tests) 17ms
 ✓ src/core/use-cases/RequestConsultationInteractor.test.ts (5 tests) 9ms
 ✓ src/app/api/chat/events/route.test.ts (1 test) 15ms
 ✓ tests/referral-governance-qa.test.ts (3 tests) 21ms
 ✓ src/lib/jobs/job-capability-registry.test.ts (9 tests) 20ms
 ✓ src/app/api/admin/routing-review/route.test.ts (5 tests) 14ms
 ✓ tests/job-visibility-solid.test.ts (8 tests) 12ms
 ✓ tests/public-content-routes.test.ts (25 tests) 5ms
stdout | src/app/api/jobs/route.test.ts > GET /api/jobs > returns 401 for anonymous callers
{"timestamp":"2026-04-11T06:48:28.029Z","level":"info","event":"metric.route","route":"/api/jobs","durationMs":1,"isError":false}

stdout | src/app/api/jobs/route.test.ts > GET /api/jobs > lists signed-in jobs from the user-scoped read model
{"timestamp":"2026-04-11T06:48:28.036Z","level":"info","event":"metric.route","route":"/api/jobs","durationMs":0,"isError":false}

 ✓ src/app/api/jobs/route.test.ts (2 tests) 24ms
[02:48:28.028] [32mINFO[39m (99324): [36mrequest.start[39m
    [35mevent[39m: "request.start"
    [35mroute[39m: "/api/jobs"
    [35mrequestId[39m: "e721f7df-cd87-47fb-aa96-d8bd7491b0b2"
[02:48:28.029] [32mINFO[39m (99324): [36mrequest.error[39m
    [35mevent[39m: "request.error"
    [35mroute[39m: "/api/jobs"
    [35mrequestId[39m: "e721f7df-cd87-47fb-aa96-d8bd7491b0b2"
    [35mdurationMs[39m: 1
    [35merrorCode[39m: "AUTH_ERROR"
    [35mstatus[39m: 401
    [35mmessage[39m: "Authentication required"
[02:48:28.036] [32mINFO[39m (99324): [36mrequest.start[39m
    [35mevent[39m: "request.start"
    [35mroute[39m: "/api/jobs"
    [35mrequestId[39m: "f3b3186b-1f8c-458a-b9a3-9423ca2275b2"
[02:48:28.036] [32mINFO[39m (99324): [36mrequest.success[39m
    [35mevent[39m: "request.success"
    [35mroute[39m: "/api/jobs"
    [35mrequestId[39m: "f3b3186b-1f8c-458a-b9a3-9423ca2275b2"
    [35mdurationMs[39m: 0
 ✓ src/adapters/FileSystemBookRepository.test.ts (4 tests) 40ms
 ✓ tests/global-search.test.ts (3 tests) 6ms
stdout | src/app/api/jobs/events/route.test.ts > GET /api/jobs/events > returns 401 for anonymous callers
{"timestamp":"2026-04-11T06:48:28.729Z","level":"info","event":"metric.route","route":"/api/jobs/events","durationMs":1,"isError":false}

 ✓ tests/evals/eval-release-evidence.test.ts (7 tests) 9ms
[02:48:28.728] [32mINFO[39m (99332): [36mrequest.start[39m
    [35mevent[39m: "request.start"
    [35mroute[39m: "/api/jobs/events"
    [35mrequestId[39m: "cfe569a2-8850-4cb6-9d84-569eaf4b99a8"
[02:48:28.729] [32mINFO[39m (99332): [36mrequest.error[39m
    [35mevent[39m: "request.error"
    [35mroute[39m: "/api/jobs/events"
    [35mrequestId[39m: "cfe569a2-8850-4cb6-9d84-569eaf4b99a8"
    [35mdurationMs[39m: 1
    [35merrorCode[39m: "AUTH_ERROR"
    [35mstatus[39m: 401
    [35mmessage[39m: "Authentication required"
[02:48:28.738] [32mINFO[39m (99332): [36mrequest.start[39m
    [35mevent[39m: "request.start"
    [35mroute[39m: "/api/jobs/events"
    [35mrequestId[39m: "b6446eb4-cad9-4629-a596-8e0fbb9e66c5"
 ✓ src/app/api/jobs/events/route.test.ts (2 tests) 23ms
 ✓ tests/core-policy.test.ts (16 tests) 15ms
 ✓ src/lib/chat/tool-composition-root.test.ts (6 tests) 17ms
 ✓ tests/csrf-middleware-integration.test.ts (2 tests) 9ms
 ✓ src/core/tool-registry/HookPipeline.test.ts (9 tests) 12ms
 ✓ tests/blog-production-tool.test.ts (8 tests) 12ms
stdout | src/app/api/consultation-requests/route.test.ts > POST /api/consultation-requests > returns 201 with a consultation request record on valid request
{"timestamp":"2026-04-11T06:48:29.535Z","level":"info","event":"metric.route","route":"/api/consultation-requests","durationMs":1,"isError":false}

stdout | src/app/api/consultation-requests/route.test.ts > POST /api/consultation-requests > returns 403 for anonymous user
{"timestamp":"2026-04-11T06:48:29.538Z","level":"info","event":"metric.route","route":"/api/consultation-requests","durationMs":0,"isError":false}

stdout | src/app/api/consultation-requests/route.test.ts > POST /api/consultation-requests > returns 400 for missing conversationId
{"timestamp":"2026-04-11T06:48:29.539Z","level":"info","event":"metric.route","route":"/api/consultation-requests","durationMs":0,"isError":false}

stdout | src/app/api/consultation-requests/route.test.ts > POST /api/consultation-requests > returns 400 for missing requestSummary
{"timestamp":"2026-04-11T06:48:29.539Z","level":"info","event":"metric.route","route":"/api/consultation-requests","durationMs":0,"isError":false}

stdout | src/app/api/consultation-requests/route.test.ts > POST /api/consultation-requests > returns 403 for non-owned conversation
{"timestamp":"2026-04-11T06:48:29.540Z","level":"info","event":"metric.route","route":"/api/consultation-requests","durationMs":0,"isError":false}

stdout | src/app/api/consultation-requests/route.test.ts > POST /api/consultation-requests > returns 409 for duplicate request
{"timestamp":"2026-04-11T06:48:29.544Z","level":"info","event":"metric.route","route":"/api/consultation-requests","durationMs":0,"isError":false}

 ✓ src/app/api/admin/jobs/[jobId]/export/route.test.ts (3 tests) 14ms
 ✓ src/app/api/consultation-requests/route.test.ts (6 tests) 14ms
 ✓ tests/evals/eval-reporting.test.ts (2 tests) 5ms
stdout | src/app/api/training-paths/route.test.ts > /api/training-paths > creates a draft training path from a consultation request
{"timestamp":"2026-04-11T06:48:29.592Z","level":"info","event":"metric.route","route":"/api/training-paths","durationMs":2,"isError":false}

stdout | src/app/api/training-paths/route.test.ts > /api/training-paths > creates a draft training path from a qualified lead
{"timestamp":"2026-04-11T06:48:29.603Z","level":"info","event":"metric.route","route":"/api/training-paths","durationMs":0,"isError":false}

stdout | src/app/api/training-paths/route.test.ts > /api/training-paths > rejects non-admin callers
{"timestamp":"2026-04-11T06:48:29.604Z","level":"info","event":"metric.route","route":"/api/training-paths","durationMs":0,"isError":false}

stdout | src/app/api/training-paths/route.test.ts > /api/training-paths > rejects missing or ambiguous sources
{"timestamp":"2026-04-11T06:48:29.605Z","level":"info","event":"metric.route","route":"/api/training-paths","durationMs":0,"isError":false}

stdout | src/app/api/training-paths/route.test.ts > /api/training-paths > rejects missing or ambiguous sources
{"timestamp":"2026-04-11T06:48:29.605Z","level":"info","event":"metric.route","route":"/api/training-paths","durationMs":0,"isError":false}

stdout | src/app/api/training-paths/route.test.ts > /api/training-paths > returns 404 when the source is missing
{"timestamp":"2026-04-11T06:48:29.606Z","level":"info","event":"metric.route","route":"/api/training-paths","durationMs":1,"isError":false}

stdout | src/app/api/training-paths/route.test.ts > /api/training-paths > returns 422 for ineligible sources
{"timestamp":"2026-04-11T06:48:29.607Z","level":"info","event":"metric.route","route":"/api/training-paths","durationMs":0,"isError":false}

stdout | src/app/api/training-paths/route.test.ts > /api/training-paths > returns 409 when a training path already exists for the source
{"timestamp":"2026-04-11T06:48:29.607Z","level":"info","event":"metric.route","route":"/api/training-paths","durationMs":0,"isError":false}

 ✓ src/app/api/training-paths/route.test.ts (7 tests) 24ms
 ✓ tests/chat/chat-timeout-and-corruption.test.ts (8 tests) 15ms
 ✓ tests/registry-executor-unification.test.ts (6 tests) 13ms
 ✓ tests/mcp/web-search-tool.test.ts (16 tests) 10ms
 ✓ src/lib/push/browser-push.test.ts (3 tests) 7ms
 ✓ tests/chat/anthropic-stream.test.ts (6 tests) 14ms
 ✓ src/core/use-cases/tools/search-corpus.tool.test.ts (4 tests) 11ms
 ✓ src/lib/chat/routing-analysis.test.ts (8 tests) 3ms
 ✓ src/app/api/notifications/push/route.test.ts (3 tests) 7ms
 ✓ tests/rbac-policy-consolidation.test.ts (7 tests) 5ms
stdout | tests/chat/chat-route.test.ts > POST /api/chat > returns 400 for empty messages
{"timestamp":"2026-04-11T06:48:30.754Z","level":"info","event":"metric.route","route":"/api/chat","durationMs":1,"isError":false}

stdout | tests/chat/chat-route.test.ts > POST /api/chat > returns 400 when no user message exists
{"timestamp":"2026-04-11T06:48:30.758Z","level":"info","event":"metric.route","route":"/api/chat","durationMs":0,"isError":false}

 ✓ tests/chat/chat-route.test.ts (2 tests) 9ms
[02:48:30.754] [32mINFO[39m (99350): [36mrequest.start[39m
    [35mevent[39m: "request.start"
    [35mroute[39m: "/api/chat"
    [35mrequestId[39m: "6fd688ff-554f-4a6f-8d93-d5728e25d801"
[02:48:30.755] [32mINFO[39m (99350): [36mrequest.error[39m
    [35mevent[39m: "request.error"
    [35mroute[39m: "/api/chat"
    [35mrequestId[39m: "6fd688ff-554f-4a6f-8d93-d5728e25d801"
    [35mdurationMs[39m: 1
    [35merrorCode[39m: "VALIDATION_ERROR"
    [35mstatus[39m: 400
    [35mmessage[39m: "messages must be a non-empty array."
[02:48:30.758] [32mINFO[39m (99350): [36mrequest.start[39m
    [35mevent[39m: "request.start"
    [35mroute[39m: "/api/chat"
    [35mrequestId[39m: "c3285703-65ab-451d-b717-baa538e0c592"
[02:48:30.758] [32mINFO[39m (99350): [36mrequest.error[39m
    [35mevent[39m: "request.error"
    [35mroute[39m: "/api/chat"
    [35mrequestId[39m: "c3285703-65ab-451d-b717-baa538e0c592"
    [35mdurationMs[39m: 0
    [35merrorCode[39m: "VALIDATION_ERROR"
    [35mstatus[39m: 400
    [35mmessage[39m: "No user message found."
 ✓ src/core/use-cases/CreateTrainingPathFromWorkflowInteractor.test.ts (8 tests) 12ms
 ✓ src/proxy.test.ts (14 tests) 18ms
 ✓ src/core/tool-registry/permission-denial-log.test.ts (2 tests) 5ms
 ✓ tests/theme-governance-qa.test.ts (4 tests) 9ms
 ✓ src/core/use-cases/tools/UiTools.test.ts (13 tests) 9ms
 ✓ src/app/api/profile/route.test.ts (3 tests) 12ms
 ✓ tests/tool-registry.test.ts (7 tests) 16ms
 ✓ tests/tool-manifest-contract.test.ts (24 tests) 19ms
 ✓ src/app/api/referral/[code]/route.test.ts (3 tests) 15ms
 ✓ src/lib/admin/conversations/admin-conversations-actions.test.ts (3 tests) 6ms
 ✓ src/hooks/chat/chatConversationApi.test.ts (9 tests) 7ms
 ✓ src/adapters/MarkdownParserService.test.ts (25 tests) 8ms
 ✓ src/lib/chat/context-window.test.ts (18 tests) 7ms
stdout | src/app/api/consultation-requests/[id]/route.test.ts > /api/consultation-requests/[id] > returns a consultation request for admins
{"timestamp":"2026-04-11T06:48:32.253Z","level":"info","event":"metric.route","route":"/api/consultation-requests/[id]","durationMs":1,"isError":false}

stdout | src/app/api/consultation-requests/[id]/route.test.ts > /api/consultation-requests/[id] > rejects non-admin GET callers
{"timestamp":"2026-04-11T06:48:32.262Z","level":"info","event":"metric.route","route":"/api/consultation-requests/[id]","durationMs":0,"isError":false}

stdout | src/app/api/consultation-requests/[id]/route.test.ts > /api/consultation-requests/[id] > returns 404 when the consultation request is missing
{"timestamp":"2026-04-11T06:48:32.262Z","level":"info","event":"metric.route","route":"/api/consultation-requests/[id]","durationMs":0,"isError":false}

stdout | src/app/api/consultation-requests/[id]/route.test.ts > /api/consultation-requests/[id] > updates status for admins
{"timestamp":"2026-04-11T06:48:32.263Z","level":"info","event":"metric.route","route":"/api/consultation-requests/[id]","durationMs":0,"isError":false}

stdout | src/app/api/consultation-requests/[id]/route.test.ts > /api/consultation-requests/[id] > rejects invalid statuses
{"timestamp":"2026-04-11T06:48:32.264Z","level":"info","event":"metric.route","route":"/api/consultation-requests/[id]","durationMs":0,"isError":false}

stdout | src/app/api/consultation-requests/[id]/route.test.ts > /api/consultation-requests/[id] > returns 404 when triaging a missing consultation request
{"timestamp":"2026-04-11T06:48:32.264Z","level":"info","event":"metric.route","route":"/api/consultation-requests/[id]","durationMs":0,"isError":false}

stdout | src/app/api/consultation-requests/[id]/route.test.ts > /api/consultation-requests/[id] > returns 422 for illegal status transitions
{"timestamp":"2026-04-11T06:48:32.265Z","level":"info","event":"metric.route","route":"/api/consultation-requests/[id]","durationMs":0,"isError":false}

stdout | src/app/api/consultation-requests/[id]/route.test.ts > /api/consultation-requests/[id] > rejects non-admin PATCH callers
{"timestamp":"2026-04-11T06:48:32.265Z","level":"info","event":"metric.route","route":"/api/consultation-requests/[id]","durationMs":0,"isError":false}

 ✓ src/app/api/consultation-requests/[id]/route.test.ts (8 tests) 19ms
 ✓ tests/composition-root-decomposition.test.ts (6 tests) 11ms
 ✓ src/app/api/admin/leads/[leadId]/triage/route.test.ts (7 tests) 13ms
 ✓ src/core/use-cases/SummarizationInteractor.test.ts (7 tests) 6ms
stdout | src/app/api/deals/[id]/response/route.test.ts > /api/deals/[id]/response > records an owner agreement response
{"timestamp":"2026-04-11T06:48:32.858Z","level":"info","event":"metric.route","route":"/api/deals/[id]/response","durationMs":15,"isError":false}

stdout | src/app/api/deals/[id]/response/route.test.ts > /api/deals/[id]/response > rejects anonymous callers
{"timestamp":"2026-04-11T06:48:32.867Z","level":"info","event":"metric.route","route":"/api/deals/[id]/response","durationMs":0,"isError":false}

stdout | src/app/api/deals/[id]/response/route.test.ts > /api/deals/[id]/response > rejects non-owner callers
{"timestamp":"2026-04-11T06:48:32.868Z","level":"info","event":"metric.route","route":"/api/deals/[id]/response","durationMs":0,"isError":false}

stdout | src/app/api/deals/[id]/response/route.test.ts > /api/deals/[id]/response > rejects invalid response values
{"timestamp":"2026-04-11T06:48:32.868Z","level":"info","event":"metric.route","route":"/api/deals/[id]/response","durationMs":0,"isError":false}

stdout | src/app/api/deals/[id]/response/route.test.ts > /api/deals/[id]/response > rejects already-final deals
{"timestamp":"2026-04-11T06:48:32.869Z","level":"info","event":"metric.route","route":"/api/deals/[id]/response","durationMs":0,"isError":false}

stdout | src/app/api/deals/[id]/response/route.test.ts > /api/deals/[id]/response > rejects responses before the founder makes the deal customer-visible
{"timestamp":"2026-04-11T06:48:32.869Z","level":"info","event":"metric.route","route":"/api/deals/[id]/response","durationMs":0,"isError":false}

 ✓ src/app/api/deals/[id]/response/route.test.ts (6 tests) 50ms
stdout | src/app/api/conversations/[id]/export/route.test.ts > conversation export route > returns an exact platform export payload for the current owner
{"timestamp":"2026-04-11T06:48:32.865Z","level":"info","event":"metric.route","route":"/api/conversations/[id]/export","durationMs":2,"isError":false}

stdout | src/app/api/conversations/[id]/export/route.test.ts > conversation export route > returns 404 when the conversation is not available to the current owner
{"timestamp":"2026-04-11T06:48:32.885Z","level":"info","event":"metric.route","route":"/api/conversations/[id]/export","durationMs":0,"isError":false}

 ✓ src/app/api/conversations/[id]/export/route.test.ts (2 tests) 25ms
[02:48:32.864] [32mINFO[39m (99386): [36mrequest.start[39m
    [35mevent[39m: "request.start"
    [35mroute[39m: "/api/conversations/[id]/export"
    [35mrequestId[39m: "dff344f6-fba9-4a02-8409-f2bd9fe56515"
[02:48:32.869] [32mINFO[39m (99386): [36mrequest.success[39m
    [35mevent[39m: "request.success"
    [35mroute[39m: "/api/conversations/[id]/export"
    [35mrequestId[39m: "dff344f6-fba9-4a02-8409-f2bd9fe56515"
    [35mdurationMs[39m: 2
[02:48:32.885] [32mINFO[39m (99386): [36mrequest.start[39m
    [35mevent[39m: "request.start"
    [35mroute[39m: "/api/conversations/[id]/export"
    [35mrequestId[39m: "5622cd98-955a-446b-9fa7-775942e43de3"
[02:48:32.885] [32mINFO[39m (99386): [36mrequest.error[39m
    [35mevent[39m: "request.error"
    [35mroute[39m: "/api/conversations/[id]/export"
    [35mrequestId[39m: "5622cd98-955a-446b-9fa7-775942e43de3"
    [35mdurationMs[39m: 0
    [35merrorCode[39m: "NOT_FOUND"
    [35mstatus[39m: 404
    [35mmessage[39m: "Conversation not found"
 ✓ tests/search/markdown-chunker.test.ts (8 tests) 11ms
 ✓ tests/evals/eval-scenarios.test.ts (5 tests) 7ms
 ✓ src/app/api/admin/blog/posts/[postId]/artifacts/route.test.ts (6 tests) 9ms
 ✓ tests/anthropic-client.test.ts (5 tests) 10ms
 ✓ tests/request-validation-schemas.test.ts (17 tests) 9ms
 ✓ src/core/use-cases/AuthenticateUserInteractor.test.ts (5 tests) 9ms
 ✓ tests/blog-image-tool.test.ts (9 tests) 9ms
 ✓ tests/search/tool-integration.test.ts (8 tests) 14ms
 ✓ tests/structured-logging.test.ts (11 tests) 27ms
 ✓ tests/admin-search-tool.test.ts (4 tests) 5ms
 ✓ tests/conversation-retention-worker.test.ts (2 tests) 4ms
 ✓ src/lib/chat/tool-prefilter.test.ts (4 tests) 4ms
stdout | src/app/api/conversations/route.test.ts > conversation collection routes > rejects unauthenticated collection reads
{"timestamp":"2026-04-11T06:48:34.433Z","level":"info","event":"metric.route","route":"/api/conversations","durationMs":1,"isError":false}

stdout | src/app/api/conversations/route.test.ts > conversation collection routes > lists conversations for the authenticated user
{"timestamp":"2026-04-11T06:48:34.438Z","level":"info","event":"metric.route","route":"/api/conversations","durationMs":0,"isError":false}

stdout | src/app/api/conversations/route.test.ts > conversation collection routes > passes a valid scope through when listing conversations
{"timestamp":"2026-04-11T06:48:34.442Z","level":"info","event":"metric.route","route":"/api/conversations","durationMs":1,"isError":false}

stdout | src/app/api/conversations/route.test.ts > conversation collection routes > rejects unauthenticated conversation creation
{"timestamp":"2026-04-11T06:48:34.442Z","level":"info","event":"metric.route","route":"/api/conversations","durationMs":0,"isError":false}

stdout | src/app/api/conversations/route.test.ts > conversation collection routes > ensures the active conversation for the authenticated user
{"timestamp":"2026-04-11T06:48:34.443Z","level":"info","event":"metric.route","route":"/api/conversations","durationMs":0,"isError":false}

 ✓ src/app/api/conversations/route.test.ts (5 tests) 19ms
 ✓ src/core/use-cases/tools/journal-write.tool.test.ts (5 tests) 6ms
 ✓ tests/font-reduction.test.ts (22 tests) 16ms
stdout | tests/chat/chat-job-status-route.test.ts > deferred job status routes > returns a normalized snapshot for a single deferred job
{"timestamp":"2026-04-11T06:48:34.682Z","level":"info","event":"metric.route","route":"/api/chat/jobs/[jobId]","durationMs":0,"isError":false}

stdout | tests/chat/chat-job-status-route.test.ts > deferred job status routes > lists conversation job snapshots and defaults to the active conversation
{"timestamp":"2026-04-11T06:48:34.686Z","level":"info","event":"metric.route","route":"/api/chat/jobs","durationMs":0,"isError":false}

 ✓ tests/chat/chat-job-status-route.test.ts (2 tests) 9ms
[02:48:34.682] [32mINFO[39m (99408): [36mrequest.start[39m
    [35mevent[39m: "request.start"
    [35mroute[39m: "/api/chat/jobs/[jobId]"
    [35mrequestId[39m: "d9307b83-7f09-48df-be82-efe9d3723884"
[02:48:34.683] [32mINFO[39m (99408): [36mrequest.success[39m
    [35mevent[39m: "request.success"
    [35mroute[39m: "/api/chat/jobs/[jobId]"
    [35mrequestId[39m: "d9307b83-7f09-48df-be82-efe9d3723884"
    [35mdurationMs[39m: 0
[02:48:34.686] [32mINFO[39m (99408): [36mrequest.start[39m
    [35mevent[39m: "request.start"
    [35mroute[39m: "/api/chat/jobs"
    [35mrequestId[39m: "f8477994-c36b-405d-b9e4-fb43cf9a7e86"
[02:48:34.686] [32mINFO[39m (99408): [36mrequest.success[39m
    [35mevent[39m: "request.success"
    [35mroute[39m: "/api/chat/jobs"
    [35mrequestId[39m: "f8477994-c36b-405d-b9e4-fb43cf9a7e86"
    [35mdurationMs[39m: 0
 ✓ src/lib/media/browser-runtime/job-snapshots.test.ts (5 tests) 4ms
 ✓ src/app/api/referral/visit/route.test.ts (2 tests) 7ms
 ✓ src/core/use-cases/tools/affiliate-analytics.tool.test.ts (7 tests) 5ms
 ✓ src/adapters/AnthropicBlogArticlePipelineModel.test.ts (2 tests) 8ms
stdout | tests/observability.test.ts > observability helpers > emits route metric event and reports externalized snapshot mode
{"timestamp":"2026-04-11T06:48:35.159Z","level":"info","event":"metric.route","route":"/api/chat","durationMs":10,"isError":false}

 ✓ tests/observability.test.ts (5 tests) 5ms
 ✓ src/app/library/section/[slug]/page.test.ts (4 tests) 5ms
stdout | src/app/api/chat/jobs/route.test.ts > GET /api/chat/jobs > returns an empty snapshot when the requested conversation does not exist
{"timestamp":"2026-04-11T06:48:35.579Z","level":"info","event":"metric.route","route":"/api/chat/jobs","durationMs":4,"isError":false}

stdout | src/app/api/chat/jobs/route.test.ts > GET /api/chat/jobs > returns job snapshots for an existing requested conversation
{"timestamp":"2026-04-11T06:48:35.594Z","level":"info","event":"metric.route","route":"/api/chat/jobs","durationMs":0,"isError":false}

 ✓ src/app/api/chat/jobs/route.test.ts (2 tests) 35ms
 ✓ tests/job-status-summary-tools.test.ts (5 tests) 10ms
 ✓ tests/health-routes.test.ts (3 tests) 4ms
 ✓ src/core/use-cases/ThemeManagementInteractor.test.ts (3 tests) 3ms
 ✓ tests/ux-pagination-data-layer.test.ts (36 tests) 8ms
 ✓ src/app/api/notifications/feed/route.test.ts (4 tests) 6ms
stdout | src/app/api/jobs/[jobId]/events/route.test.ts > GET /api/jobs/[jobId]/events > returns durable normalized history for the selected job
{"timestamp":"2026-04-11T06:48:35.987Z","level":"info","event":"metric.route","route":"/api/jobs/[jobId]/events","durationMs":2,"isError":false}

 ✓ src/app/api/jobs/[jobId]/events/route.test.ts (1 test) 13ms
 ✓ src/hooks/chat/chatStreamTextBuffer.test.ts (6 tests) 11ms
 ✓ src/app/api/admin/blog/posts/[postId]/hero-images/route.test.ts (7 tests) 9ms
 ✓ tests/job-visibility-patterns.test.ts (6 tests) 7ms
 ✓ tests/disposability.test.ts (2 tests) 12ms
 ✓ src/core/use-cases/tools/get-section.tool.test.ts (3 tests) 12ms
 ✓ src/core/use-cases/LibrarySearchInteractor.test.ts (4 tests) 6ms
 ✓ tests/csrf-origin-check.test.ts (8 tests) 15ms
 ✓ tests/conversation-messages.test.ts (22 tests) 11ms
 ✓ src/lib/graphs/graph-data-sources.test.ts (5 tests) 4ms
 ✓ src/core/use-cases/tools/inspect-runtime-context.tool.test.ts (1 test) 5ms
 ✓ src/adapters/AnthropicSummarizer.test.ts (2 tests) 8ms
 ✓ src/lib/jobs/deferred-job-runtime.test.ts (2 tests) 6ms
 ✓ src/lib/jobs/job-status.test.ts (3 tests) 5ms
 ✓ tests/fallback-observability.test.ts (7 tests) 5ms
 ✓ src/lib/corpus-vocabulary.test.ts (30 tests) 8ms
 ✓ src/core/search/MarkdownChunker.test.ts (1 test) 4ms
 ✓ src/lib/jobs/load-user-jobs-workspace.test.ts (2 tests) 7ms
 ✓ tests/search/embedding-pipeline.test.ts (10 tests) 7ms
 ✓ src/core/use-cases/tools/user-profile.tool.test.ts (5 tests) 6ms
 ✓ tests/evals/eval-staging-canary.test.ts (6 tests) 20ms
 ✓ src/core/use-cases/tools/graph-payload.test.ts (9 tests) 11ms
 ✓ src/core/use-cases/LibraryInteractors.test.ts (3 tests) 5ms
 ✓ src/core/use-cases/CreateDealFromWorkflowInteractor.test.ts (7 tests) 9ms
 ✓ tests/tool-round-config.test.ts (8 tests) 8ms
 ✓ tests/evals/eval-domain.test.ts (5 tests) 5ms
 ✓ tests/dashboard-elimination.test.ts (20 tests) 8ms
 ✓ src/app/api/admin/affiliates/export/route.test.ts (2 tests) 8ms
 ✓ src/lib/theme/theme-manifest.test.ts (3 tests) 3ms
 ✓ src/adapters/OpenAiBlogImageProvider.test.ts (3 tests) 8ms
 ✓ src/lib/jobs/job-event-stream.test.ts (4 tests) 8ms
 ✓ src/core/use-cases/tools/admin-web-search.tool.test.ts (3 tests) 4ms
 ✓ src/lib/chat/chat-turn.test.ts (2 tests) 8ms
 ✓ src/lib/journal/admin-journal-actions.test.ts (8 tests) 6ms
 ✓ src/hooks/chat/chatStreamDispatch.test.ts (3 tests) 4ms
 ✓ tests/admin-processes.test.ts (3 tests) 6ms
 ✓ src/lib/jobs/deferred-job-result.test.ts (3 tests) 4ms
 ✓ tests/admin-search-service.test.ts (7 tests) 4ms
 ✓ tests/corpus/cached-repo-clear.test.ts (2 tests) 6ms
 ✓ tests/worker-server-decoupling.test.ts (8 tests) 6ms
 ✓ tests/mcp/calculator-mcp-contract.test.ts (6 tests) 7ms
 ✓ src/lib/referrals/referral-visit.test.ts (3 tests) 12ms
 ✓ src/lib/chat/runtime-hooks.test.ts (3 tests) 5ms
 ✓ src/lib/chat/active-stream-registry.test.ts (5 tests) 6ms
 ✓ tests/chat/chat-validation.test.ts (4 tests) 3ms
 ✓ src/app/blog/[slug]/page.test.tsx (2 tests) 8ms
 ✓ src/app/blog/page.test.tsx (1 test) 3ms
 ✓ src/app/corpus/section/[slug]/page.test.ts (4 tests) 4ms
 ✓ src/lib/chat/transcript-store.test.ts (3 tests) 6ms
 ✓ tests/search/search-handler-chain.test.ts (5 tests) 7ms
 ✓ src/lib/chat/routing-consumers.test.ts (8 tests) 4ms
 ✓ tests/composition-root-structure.test.ts (3 tests) 5ms
 ✓ src/core/use-cases/TriageConsultationRequestInteractor.test.ts (5 tests) 6ms
 ✓ src/hooks/chat/chatStreamRunner.test.ts (2 tests) 7ms
 ✓ src/frameworks/ui/chat/plugins/system/resolve-progress-strip.test.ts (3 tests) 3ms
 ✓ tests/full-registry-coverage.test.ts (56 tests) 5ms
 ✓ tests/chat/tool-bundle-descriptors.test.ts (7 tests) 5ms
 ✓ src/adapters/ChatStreamAdapter.test.ts (1 test) 15ms
 ✓ src/lib/library-chapter-display.test.ts (4 tests) 5ms
 ✓ tests/tool-result-formatter.test.ts (7 tests) 7ms
 ✓ src/lib/media/media-asset-projection.test.ts (5 tests) 5ms
 ✓ tests/shell-navigation-model.test.ts (3 tests) 5ms
 ✓ tests/task-origin-handoff.test.ts (10 tests) 5ms
 ✓ src/lib/theme/theme-state.test.ts (4 tests) 5ms
 ✓ src/lib/corpus-reference.test.ts (3 tests) 5ms
 ✓ src/lib/chat/session-resolution.test.ts (4 tests) 4ms
 ✓ src/lib/media/media-upload-policy.test.ts (6 tests) 4ms
 ✓ tests/deferred-job-status.tool.test.ts (2 tests) 6ms
 ✓ src/core/use-cases/tools/journal-query.tool.test.ts (4 tests) 5ms
 ✓ tests/dashboard-split.test.ts (3 tests) 5ms
 ✓ tests/tool-middleware.test.ts (5 tests) 7ms
 ✓ src/lib/chat/current-page-context.test.ts (3 tests) 4ms
 ✓ tests/env-config.test.ts (11 tests) 5ms
 ✓ src/lib/jobs/job-read-model.test.ts (2 tests) 8ms
 ✓ tests/search/hybrid-search-engine.test.ts (8 tests) 9ms
 ✓ tests/deferred-job-contract.test.ts (3 tests) 4ms
 ✓ tests/admin-attribution.test.ts (6 tests) 3ms
 ✓ src/core/use-cases/LeadCaptureInteractor.test.ts (1 test) 5ms
 ✓ tests/browser-api-fallbacks.test.ts (5 tests) 10ms
 ✓ src/lib/capabilities/capability-result-envelope.test.ts (3 tests) 5ms
 ✓ tests/evals/eval-fixtures.test.ts (5 tests) 6ms
 ✓ src/lib/web-search/admin-web-search-payload.test.ts (3 tests) 4ms
 ✓ tests/release-manifest.test.ts (1 test) 6ms
 ✓ src/frameworks/ui/chat/registry/capability-presentation-registry.test.ts (4 tests) 3ms
 ✓ src/core/use-cases/tools/inspect-theme.tool.test.ts (2 tests) 7ms
 ✓ src/core/tool-registry/ToolResultFormatter.test.ts (1 test) 2ms
 ✓ tests/sse-parser.test.ts (5 tests) 4ms
 ✓ tests/health-probes.test.ts (3 tests) 3ms
 ✓ src/core/use-cases/tools/tool-schema-compatibility.test.ts (5 tests) 3ms
 ✓ src/core/use-cases/tools/admin-prioritize-leads.tool.test.ts (2 tests) 3ms
 ✓ src/core/use-cases/tools/search-my-conversations.tool.test.ts (3 tests) 5ms
 ✓ src/core/commands/CommandRegistry.test.ts (2 tests) 4ms
 ✓ src/app/journal/[slug]/page.test.tsx (1 test) 2ms
 ✓ tests/calculator.test.ts (8 tests) 3ms
 ✓ src/app/sitemap.test.ts (1 test) 2ms
 ✓ src/lib/chat/routing-context.test.ts (6 tests) 3ms
 ✓ src/core/use-cases/tools/chart-payload.test.ts (2 tests) 5ms
 ✓ src/core/use-cases/ValidateSessionInteractor.test.ts (4 tests) 7ms
 ✓ tests/search/transform-embedding.test.ts (3 tests) 4ms
 ✓ src/lib/chat/tool-capability-routing.test.ts (3 tests) 4ms
 ✓ src/core/use-cases/tools/admin-prioritize-offer.tool.test.ts (3 tests) 4ms
 ✓ src/lib/chat/StreamStrategy.test.ts (3 tests) 3ms
 ✓ src/core/tool-registry/LoggingMiddleware.test.ts (1 test) 5ms
 ✓ src/adapters/CommandParserService.test.ts (6 tests) 5ms
 ✓ tests/smoke.test.ts (2 tests) 2ms
 ✓ tests/search/pure-math.test.ts (6 tests) 4ms
 ✓ tests/evals/runtime-integrity-checks.test.ts (3 tests) 7ms
 ✓ src/core/use-cases/tools/admin-triage-routing-risk.tool.test.ts (2 tests) 5ms
 ✓ src/app/book/[chapter]/page.test.ts (2 tests) 2ms
 ✓ src/lib/media/subtitle-timing.test.ts (3 tests) 5ms
 ✓ src/hooks/chat/chatBootstrap.test.ts (3 tests) 4ms
 ✓ tests/admin-client-boundaries.test.ts (1 test) 2ms
 ✓ tests/global-search-actions.test.ts (2 tests) 5ms
 ✓ src/app/journal/page.test.tsx (1 test) 2ms
 ✓ tests/jobs/ownership-migration.test.ts (2 tests) 3ms
 ✓ tests/journal-public-route-convergence.test.ts (2 tests) 3ms
 ✓ tests/config-bootstrap.test.ts (4 tests) 3ms
 ✓ src/lib/readme-drift.test.ts (3 tests) 2ms
 ✓ src/hooks/chat/chatSendPolicy.test.ts (4 tests) 3ms
 ✓ tests/tts-route-hardening.test.ts (8 tests) 11ms
 ✓ src/lib/shell/shell-navigation.test.ts (5 tests) 3ms
 ✓ src/core/search/ConversationChunker.test.ts (4 tests) 3ms
 ✓ src/hooks/chat/chatStreamProcessor.test.ts (4 tests) 6ms
 ✓ src/hooks/chat/chatState.test.ts (5 tests) 3ms
 ✓ tests/core/tool-policy-pipeline.test.ts (14 tests) 6ms
 ✓ tests/search/in-memory-stores.test.ts (3 tests) 5ms
 ✓ tests/browser-support.test.ts (7 tests) 5ms
 ✓ src/lib/media/browser-runtime/browser-capability-registry.test.ts (3 tests) 4ms
 ✓ tests/cached-book-repository.test.ts (4 tests) 5ms
 ✓ tests/evals/eval-config.test.ts (4 tests) 5ms
 ✓ tests/debt-backlog-structure.test.ts (4 tests) 4ms
 ✓ src/lib/jobs/job-progress-state.test.ts (3 tests) 3ms
 ✓ src/adapters/chat/EventParserStrategy.test.ts (1 test) 4ms
 ✓ src/core/entities/MessageFactory.test.ts (2 tests) 3ms
 ✓ tests/rich-content-renderer-hoist.test.tsx (2 tests) 3ms
 ✓ src/core/search/corpus-indexing.test.ts (2 tests) 5ms
 ✓ tests/process-deferred-jobs-entrypoint.test.ts (1 test) 6ms
 ✓ tests/csrf-posture-docs.test.ts (1 test) 3ms
 ✓ src/lib/markdown/strip-leading-markdown-title.test.ts (3 tests) 2ms
 ✓ src/frameworks/ui/chat/primitives/capability-card-tone.test.ts (4 tests) 3ms
 ✓ src/frameworks/ui/chat/plugins/system/resolve-system-card.test.ts (3 tests) 2ms
 ✓ src/lib/media/media-metadata.test.ts (2 tests) 2ms
 ✓ src/core/entities/entities.test.ts (1 test) 1ms

⎯⎯⎯⎯⎯⎯ Failed Tests 20 ⎯⎯⎯⎯⎯⎯⎯

 FAIL  tests/admin-prompts-conversations.test.tsx > D4.10 — Conversation Detail page > renders message thread and routing intelligence
TypeError: Cannot read properties of undefined (reading 'length')
 ❯ Module.AdminConversationDetailPage src/app/admin/conversations/[id]/page.tsx:464:34
    462|                 <h2 className="text-sm font-semibold text-foreground/6…
    463|                 <div className="mt-(--space-2) grid max-h-96 gap-(--sp…
    464|                   {detail.events.length === 0 ? (
       |                                  ^
    465|                     <p className="text-xs text-foreground/40">No event…
    466|                   ) : (
 ❯ tests/admin-prompts-conversations.test.tsx:1035:17

⎯⎯⎯⎯⎯⎯⎯⎯⎯⎯⎯⎯⎯⎯⎯⎯⎯⎯⎯⎯⎯⎯⎯[1/20]⎯

 FAIL  tests/admin-prompts-conversations.test.tsx > D4.10 — Conversation Detail page > shows human-mode banner and Return to AI button
TypeError: Cannot read properties of undefined (reading 'length')
 ❯ Module.AdminConversationDetailPage src/app/admin/conversations/[id]/page.tsx:464:34
    462|                 <h2 className="text-sm font-semibold text-foreground/6…
    463|                 <div className="mt-(--space-2) grid max-h-96 gap-(--sp…
    464|                   {detail.events.length === 0 ? (
       |                                  ^
    465|                     <p className="text-xs text-foreground/40">No event…
    466|                   ) : (
 ❯ tests/admin-prompts-conversations.test.tsx:1082:17

⎯⎯⎯⎯⎯⎯⎯⎯⎯⎯⎯⎯⎯⎯⎯⎯⎯⎯⎯⎯⎯⎯⎯[2/20]⎯

 FAIL  tests/admin-prompts-conversations.test.tsx > D4.10 — Conversation Detail page > renders the durable transcript panel with tool results and compaction markers
TypeError: Cannot read properties of undefined (reading 'length')
 ❯ Module.AdminConversationDetailPage src/app/admin/conversations/[id]/page.tsx:464:34
    462|                 <h2 className="text-sm font-semibold text-foreground/6…
    463|                 <div className="mt-(--space-2) grid max-h-96 gap-(--sp…
    464|                   {detail.events.length === 0 ? (
       |                                  ^
    465|                     <p className="text-xs text-foreground/40">No event…
    466|                   ) : (
 ❯ tests/admin-prompts-conversations.test.tsx:1159:17

⎯⎯⎯⎯⎯⎯⎯⎯⎯⎯⎯⎯⎯⎯⎯⎯⎯⎯⎯⎯⎯⎯⎯[3/20]⎯

 FAIL  tests/admin-prompts-conversations.test.tsx > D4.10 — tool invocations in messages > renders tool invocation as collapsed details element
TypeError: Cannot read properties of undefined (reading 'length')
 ❯ Module.AdminConversationDetailPage src/app/admin/conversations/[id]/page.tsx:464:34
    462|                 <h2 className="text-sm font-semibold text-foreground/6…
    463|                 <div className="mt-(--space-2) grid max-h-96 gap-(--sp…
    464|                   {detail.events.length === 0 ? (
       |                                  ^
    465|                     <p className="text-xs text-foreground/40">No event…
    466|                   ) : (
 ❯ tests/admin-prompts-conversations.test.tsx:1220:17

⎯⎯⎯⎯⎯⎯⎯⎯⎯⎯⎯⎯⎯⎯⎯⎯⎯⎯⎯⎯⎯⎯⎯[4/20]⎯

 FAIL  tests/blog-orchestration-qa.test.ts > Sprint 3 public route cutover QA guards > preserves journal-named admin draft preview convergence
AssertionError: expected 'import type { ChatMessage, ChatRespon…' to contain 'actionLinkNode("Open draft", getAdmin…'

- Expected
+ Received

- actionLinkNode("Open draft", getAdminJournalPreviewPath(part.resultPayload.slug))
+ import type { ChatMessage, ChatResponseState, FailedSendMetadata } from "../core/entities/chat-message";
+ import type { CapabilityPresentationDescriptor } from "../core/entities/capability-presentation";
+ import type { CapabilityResultEnvelope } from "../core/entities/capability-result";
+ import type { InlineNode, RichContent } from "../core/entities/rich-content";
+ import type { UICommand } from "../core/entities/ui-command";
+ import { UI_COMMAND_TYPE } from "../core/entities/ui-command";
+ import { VALID_ACTION_TYPES } from "../core/entities/rich-content";
+ import type { ActionLinkType } from "../core/entities/rich-content";
+ import { getPresentedAttachments, type PresentedAttachment } from "@/lib/chat/message-attachments";
+ import type { MarkdownParserService } from "./MarkdownParserService";
+ import type { CommandParserService } from "./CommandParserService";
+ import type {
+   GenerationStatusMessagePart,
+   JobStatusMessagePart,
+   MessagePart,
+ } from "@/core/entities/message-parts";
+ import {
+   isDraftContentResultPayload,
+   isGenerateBlogImageResultPayload,
+   isProduceBlogArticleResultPayload,
+   isPublishContentResultPayload,
+ } from "@/lib/blog/blog-tool-payloads";
+ import { getCapabilityPresentationDescriptor } from "@/frameworks/ui/chat/registry/capability-presentation-registry";
+ import { projectCapabilityResultEnvelope } from "@/lib/capabilities/capability-result-envelope";
+ import { extractJobStatusSnapshots } from "@/lib/jobs/job-status-snapshots";
+ import { getAdminJournalPreviewPath } from "@/lib/journal/admin-journal-routes";
+ import { getSupportedTheme, isSupportedTheme } from "@/lib/theme/theme-manifest";
+ const SUGGESTIONS_MARKER = "__suggestions__:";
+ const ACTIONS_MARKER = "__actions__:";
+ const RESPONSE_STATE_MARKER = "__response_state__:";
+
+ const TOOL_NAMES = {
+   SET_THEME: "set_theme",
+   NAVIGATE: "navigate",
+   NAVIGATE_TO_PAGE: "navigate_to_page",
+   ADJUST_UI: "adjust_ui",
+   PREPARE_JOURNAL_POST_FOR_PUBLISH: "prepare_journal_post_for_publish",
+ } as const;
+
+ type NavigateToPageResultPayload = {
+   path: string;
+   label: string | null;
+   description: string | null;
+   __actions__: Array<{ type: "navigate"; path: string }>;
+ };
+
+ export interface MessageAction {
+   label: string;
+   action: ActionLinkType;
+   params: Record<string, string>;
+ }
+
+ export interface PresentedGenerationStatus {
+   status: GenerationStatusMessagePart["status"];
+   actor: GenerationStatusMessagePart["actor"];
+   reason: string;
+   partialContentRetained: boolean;
+ }
+
+ export type ToolRenderEntry =
+   | {
+       kind: "job-status";
+       part: JobStatusMessagePart;
+       computedActions?: InlineNode[];
+       descriptor?: CapabilityPresentationDescriptor;
+       resultEnvelope?: CapabilityResultEnvelope | null;
+     }
+   | {
+       kind: "tool-call";
+       name: string;
+       args: Record<string, unknown>;
+       result?: unknown;
+       descriptor?: CapabilityPresentationDescriptor;
+       resultEnvelope?: CapabilityResultEnvelope | null;
+     };
+
+ export type MessageStatus = "confirmed" | "pending" | "failed";
+
+ export interface PresentedMessage {
+   id: string;
+   role: string;
+   content: RichContent;
+   rawContent: string;
+   responseState?: ChatResponseState;
+   commands: UICommand[];
+   suggestions: string[];
+   actions: MessageAction[];
+   attachments: PresentedAttachment[];
+   failedSend?: FailedSendMetadata;
+   generationStatus?: PresentedGenerationStatus;
+   status: MessageStatus;
+   timestamp: string;
+   toolRenderEntries: ToolRenderEntry[];
+ }
+
+ type ExtractedTag = {
+   text: string;
+   payload: unknown[];
+ };
+
+ type ExtractedStringTag = {
+   text: string;
+   payload: string | null;
+ };
+
+ type TrailingArrayTagMatch = ExtractedTag & {
+   markerIndex: number;
+ };
+
+ type TrailingStringTagMatch = ExtractedStringTag & {
+   markerIndex: number;
+ };
+
+ type TrailingControlTagMatch =
+   | { kind: "suggestions"; match: TrailingArrayTagMatch }
+   | { kind: "actions"; match: TrailingArrayTagMatch }
+   | { kind: "responseState"; match: TrailingStringTagMatch };
+
+ type ExtractedControlTags = {
+   text: string;
+   suggestionsPayload: unknown[];
+   actionsPayload: unknown[];
+   responseStatePayload: string | null;
+ };
+
+ type ToolCallWithResult = {
+   name: string;
+   args: Record<string, unknown>;
+   result?: unknown;
+ };
+
+ function findJsonArrayEnd(input: string, arrayStart: number): number {
+   let depth = 0;
+   let inString = false;
+   let escaping = false;
+
+   for (let index = arrayStart; index < input.length; index += 1) {
+     const character = input[index];
+
+     if (escaping) {
+       escaping = false;
+       continue;
+     }
+
+     if (character === "\\") {
+       escaping = true;
+       continue;
+     }
+
+     if (character === '"') {
+       inString = !inString;
+       continue;
+     }
+
+     if (inString) {
+       continue;
+     }
+
+     if (character === "[") {
+       depth += 1;
+       continue;
+     }
+
+     if (character === "]") {
+       depth -= 1;
+       if (depth === 0) {
+         return index;
+       }
+     }
+   }
+
+   return -1;
+ }
+
+ function findJsonStringEnd(input: string, stringStart: number): number {
+   let escaping = false;
+
+   for (let index = stringStart + 1; index < input.length; index += 1) {
+     const character = input[index];
+
+     if (escaping) {
+       escaping = false;
+       continue;
+     }
+
+     if (character === "\\") {
+       escaping = true;
+       continue;
+     }
+
+     if (character === '"') {
+       return index;
+     }
+   }
+
+   return -1;
+ }
+
+ function extractTrailingTaggedArray(text: string, marker: string): TrailingArrayTagMatch | null {
+   const markerIndex = text.lastIndexOf(marker);
+   if (markerIndex < 0) {
+     return null;
+   }
+
+   const arrayStart = markerIndex + marker.length;
+   if (text[arrayStart] !== "[") {
+     return null;
+   }
+
+   const arrayEnd = findJsonArrayEnd(text, arrayStart);
+   if (arrayEnd < 0) {
+     return {
+       markerIndex,
+       text: text.slice(0, markerIndex).trimEnd(),
+       payload: [],
+     };
+   }
+
+   if (text.slice(arrayEnd + 1).trim().length > 0) {
+     return null;
+   }
+
+   let payload: unknown[] = [];
+   try {
+     const parsed = JSON.parse(text.slice(arrayStart, arrayEnd + 1));
+     if (Array.isArray(parsed)) {
+       payload = parsed;
+     }
+   } catch {
+     payload = [];
+   }
+
+   return {
+     markerIndex,
+     text: text.slice(0, markerIndex).trimEnd(),
+     payload,
+   };
+ }
+
+ function extractTrailingTaggedString(text: string, marker: string): TrailingStringTagMatch | null {
+   const markerIndex = text.lastIndexOf(marker);
+   if (markerIndex < 0) {
+     return null;
+   }
+
+   const stringStart = markerIndex + marker.length;
+   if (text[stringStart] !== '"') {
+     return null;
+   }
+
+   const stringEnd = findJsonStringEnd(text, stringStart);
+   if (stringEnd < 0 || text.slice(stringEnd + 1).trim().length > 0) {
+     return null;
+   }
+
+   let payload: string | null = null;
+   try {
+     const parsed = JSON.parse(text.slice(stringStart, stringEnd + 1));
+     if (typeof parsed === "string") {
+       payload = parsed;
+     }
+   } catch {
+     payload = null;
+   }
+
+   return {
+     markerIndex,
+     text: text.slice(0, markerIndex).trimEnd(),
+     payload,
+   };
+ }
+
+ function extractControlTags(text: string): ExtractedControlTags {
+   let remainingText = text.trimEnd();
+   let suggestionsPayload: unknown[] = [];
+   let actionsPayload: unknown[] = [];
+   let responseStatePayload: string | null = null;
+   let hasSuggestionsTag = false;
+   let hasActionsTag = false;
+   let hasResponseStateTag = false;
+
+   while (true) {
+     const candidates: TrailingControlTagMatch[] = [];
+
+     if (!hasSuggestionsTag) {
+       const match = extractTrailingTaggedArray(remainingText, SUGGESTIONS_MARKER);
+       if (match) {
+         candidates.push({ kind: "suggestions", match });
+       }
+     }
+
+     if (!hasActionsTag) {
+       const match = extractTrailingTaggedArray(remainingText, ACTIONS_MARKER);
+       if (match) {
+         candidates.push({ kind: "actions", match });
+       }
+     }
+
+     if (!hasResponseStateTag) {
+       const match = extractTrailingTaggedString(remainingText, RESPONSE_STATE_MARKER);
+       if (match) {
+         candidates.push({ kind: "responseState", match });
+       }
+     }
+
+     if (candidates.length === 0) {
+       break;
+     }
+
+     candidates.sort((left, right) => right.match.markerIndex - left.match.markerIndex);
+     const [candidate] = candidates;
+     remainingText = candidate.match.text;
+
+     switch (candidate.kind) {
+       case "suggestions":
+         hasSuggestionsTag = true;
+         suggestionsPayload = candidate.match.payload;
+         break;
+       case "actions":
+         hasActionsTag = true;
+         actionsPayload = candidate.match.payload;
+         break;
+       case "responseState":
+         hasResponseStateTag = true;
+         responseStatePayload = candidate.match.payload;
+         break;
+     }
+   }
+
+   return {
+     text: remainingText.trim(),
+     suggestionsPayload,
+     actionsPayload,
+     responseStatePayload,
+   };
+ }
+
+ const LOW_VALUE_SUGGESTION_PATTERNS = [
+   /^anything else\??$/i,
+   /^what else\??$/i,
+   /^need (?:anything else|more help)\??$/i,
+   /^want (?:more|another)\??$/i,
+   /^tell me more\??$/i,
+   /^continue\??$/i,
+   /^keep going\??$/i,
+ ];
+
+ function normalizeSuggestionKey(value: string): string {
+   return value.toLowerCase().replace(/[^a-z0-9]+/g, " ").trim();
+ }
+
+ function isLowValueSuggestion(value: string): boolean {
+   return LOW_VALUE_SUGGESTION_PATTERNS.some((pattern) => pattern.test(value));
+ }
+
+ function normalizeSuggestions(payload: unknown[]): string[] {
+   const normalizedSuggestions: string[] = [];
+   const seen = new Set<string>();
+
+   for (const entry of payload) {
+     if (typeof entry !== "string") {
+       continue;
+     }
+
+     const candidate = entry.trim();
+     if (candidate.length === 0 || candidate.length > 60 || isLowValueSuggestion(candidate)) {
+       continue;
+     }
+
+     const key = normalizeSuggestionKey(candidate);
+     if (!key || seen.has(key)) {
+       continue;
+     }
+
+     seen.add(key);
+     normalizedSuggestions.push(candidate);
+
+     if (normalizedSuggestions.length === 4) {
+       break;
+     }
+   }
+
+   return normalizedSuggestions;
+ }
+
+ function normalizeResponseState(payload: string | null): ChatResponseState | null {
+   if (payload === "open" || payload === "closed" || payload === "needs_input") {
+     return payload;
+   }
+
+   return null;
+ }
+
+ function looksLikeBlockingQuestion(textContent: string): boolean {
+   const trimmed = textContent.trim();
+   if (!trimmed.endsWith("?")) {
+     return false;
+   }
+
+   return trimmed.split("?").length - 1 === 1;
+ }
+
+ function deriveResponseState(
+   message: ChatMessage,
+   explicitState: ChatResponseState | null,
+   suggestions: string[],
+   textContent: string,
+ ): ChatResponseState | undefined {
+   if (explicitState) {
+     return explicitState;
+   }
+
+   if (message.metadata?.responseState) {
+     return message.metadata.responseState;
+   }
+
+   if (message.role !== "assistant") {
+     return undefined;
+   }
+
+   if (suggestions.length > 0) {
+     return "open";
+   }
+
+   return looksLikeBlockingQuestion(textContent) ? "needs_input" : "closed";
+ }
+
+ function getNormalizedString(record: Record<string, unknown>, keys: string[]): string | null {
+   for (const key of keys) {
+     const value = record[key];
+     if (typeof value === "string" && value.trim().length > 0) {
+       return value.trim();
+     }
+   }
+
+   return null;
+ }
+
+ function sanitizeStringParams(params: Record<string, unknown>): Record<string, string> {
+   return Object.fromEntries(
+     Object.entries(params)
+       .filter(([, value]) => typeof value === "string" && value.trim().length > 0)
+       .map(([key, value]) => [key, (value as string).trim()]),
+   );
+ }
+
+ function omitKeys(params: Record<string, string>, keys: string[]): Record<string, string> {
+   return Object.fromEntries(
+     Object.entries(params).filter(([key]) => !keys.includes(key)),
+   );
+ }
+
+ function normalizeActionParams(action: ActionLinkType, entry: Record<string, unknown>): Record<string, string> | null {
+   const rawParams = typeof entry.params === "object" && entry.params !== null
+     ? entry.params as Record<string, unknown>
+     : {};
+   const sanitizedParams = sanitizeStringParams(rawParams);
+
+   switch (action) {
+     case "route": {
+       const path = getNormalizedString(rawParams, ["path", "href", "pathname"]) ?? getNormalizedString(entry, ["value"]);
+       const baseParams = omitKeys(sanitizedParams, ["path", "href", "pathname"]);
+       return path ? { ...baseParams, path } : baseParams;
+     }
+     case "send": {
+       const text = getNormalizedString(rawParams, ["text", "prompt", "message"]) ?? getNormalizedString(entry, ["value"]);
+       const baseParams = omitKeys(sanitizedParams, ["text", "prompt", "message"]);
+       return text ? { ...baseParams, text } : baseParams;
+     }
+     case "corpus": {
+       const slug = getNormalizedString(rawParams, ["slug", "id"]) ?? getNormalizedString(entry, ["value"]);
+       const baseParams = omitKeys(sanitizedParams, ["slug", "id"]);
+       return slug ? { ...baseParams, slug } : baseParams;
+     }
+     case "conversation": {
+       const id = getNormalizedString(rawParams, ["id", "conversationId"]) ?? getNormalizedString(entry, ["value"]);
+       const baseParams = omitKeys(sanitizedParams, ["id", "conversationId"]);
+       return id ? { ...baseParams, id } : baseParams;
+     }
+     case "external": {
+       const url = getNormalizedString(rawParams, ["url", "href", "path"]) ?? getNormalizedString(entry, ["value"]);
+       const baseParams = omitKeys(sanitizedParams, ["url", "href", "path"]);
+       return url ? { ...baseParams, url } : baseParams;
+     }
+     case "job": {
+       const jobId = getNormalizedString(rawParams, ["jobId", "id"]) ?? getNormalizedString(entry, ["value"]);
+       const operation = getNormalizedString(rawParams, ["operation"]);
+       const baseParams = omitKeys(sanitizedParams, ["jobId", "id", "operation"]);
+       return jobId || operation
+         ? {
+           ...baseParams,
+           ...(jobId ? { jobId } : {}),
+           ...(operation ? { operation } : {}),
+         }
+         : baseParams;
+     }
+     default:
+       return null;
+   }
+ }
+
+ function normalizeMessageActions(payload: unknown[]): MessageAction[] {
+   return payload
+     .map((entry) => {
+       if (typeof entry !== "object" || entry === null) {
+         return null;
+       }
+
+       const record = entry as Record<string, unknown>;
+       const label = getNormalizedString(record, ["label"]);
+       const action = getNormalizedString(record, ["action", "type"]);
+
+       if (!label || !action || !VALID_ACTION_TYPES.has(action)) {
+         return null;
+       }
+
+       const params = normalizeActionParams(action as ActionLinkType, record);
+       if (!params) {
+         return null;
+       }
+
+       return {
+         label,
+         action: action as ActionLinkType,
+         params,
+       } satisfies MessageAction;
+     })
+     .filter((entry): entry is MessageAction => Boolean(entry))
+     .slice(0, 3);
+ }
+
+ function pairToolCallsWithResults(parts?: MessagePart[]): ToolCallWithResult[] {
+   if (!parts) return [];
+
+   const calls: Array<ToolCallWithResult & { consumed?: boolean }> = [];
+   for (const part of parts) {
+     if (part.type === "tool_call") {
+       calls.push({ name: part.name, args: part.args });
+       continue;
+     }
+
+     if (part.type === "tool_result") {
+       const match = calls.find((call) => !call.consumed && call.name === part.name);
+       if (match) {
+         match.result = part.result;
+         match.consumed = true;
+       }
+     }
+   }
+
+   return calls;
+ }
+
+ function sanitizeUiAdjustmentSettings(args: Record<string, unknown>): Record<string, unknown> {
+   if (!("theme" in args)) {
+     return args;
+   }
+
+   const theme = getSupportedTheme(args.theme);
+   if (theme) {
+     return {
+       ...args,
+       theme,
+     };
+   }
+
+   const { theme: _theme, ...rest } = args;
+   return rest;
+ }
+
+ type ToolCommandResolver = (call: ToolCallWithResult) => UICommand | null;
+
+ const TOOL_COMMAND_RESOLVERS: Partial<Record<string, ToolCommandResolver>> = {
+   [TOOL_NAMES.SET_THEME]: (call) => {
+     if (!isSupportedTheme(call.args.theme)) {
+       return null;
+     }
+
+     return {
+       type: UI_COMMAND_TYPE.SET_THEME,
+       theme: call.args.theme,
+     };
+   },
+   [TOOL_NAMES.NAVIGATE]: (call) => ({
+     type: UI_COMMAND_TYPE.NAVIGATE,
+     path: call.args.path as string,
+   }),
+   [TOOL_NAMES.NAVIGATE_TO_PAGE]: (call) => {
+     if (!isNavigateToPageResultPayload(call.result)) {
+       return null;
+     }
+
+     return {
+       type: UI_COMMAND_TYPE.NAVIGATE,
+       path: call.result.path,
+     };
+   },
+   [TOOL_NAMES.ADJUST_UI]: (call) => ({
+     type: UI_COMMAND_TYPE.ADJUST_UI,
+     settings: sanitizeUiAdjustmentSettings(call.args as Record<string, unknown>),
+   }),
+ };
+
+ function resolveToolCommand(call: ToolCallWithResult): UICommand | null {
+   return TOOL_COMMAND_RESOLVERS[call.name]?.(call) ?? null;
+ }
+
+ function shouldPreserveToolRenderEntry(call: ToolCallWithResult): boolean {
+   return (
+     call.result !== undefined
+     && (call.name === TOOL_NAMES.SET_THEME || call.name === TOOL_NAMES.ADJUST_UI)
+   );
+ }
+
+ type PrepareJournalPostForPublishPayload = {
+   action: "prepare_journal_post_for_publish";
+   ready: boolean;
+   summary: string;
+   blockers: string[];
+   revision_count: number;
+   post: {
+     id: string;
+     title: string;
+     detail_route: string;
+     preview_route: string;
+   };
+ };
+
+ function isPrepareJournalPostForPublishPayload(value: unknown): value is PrepareJournalPostForPublishPayload {
+   return typeof value === "object"
+     && value !== null
+     && (value as { action?: unknown }).action === TOOL_NAMES.PREPARE_JOURNAL_POST_FOR_PUBLISH
+     && typeof (value as { ready?: unknown }).ready === "boolean"
+     && typeof (value as { summary?: unknown }).summary === "string"
+     && typeof (value as { post?: unknown }).post === "object"
+     && (value as { post?: unknown }).post !== null;
+ }
+
+ function isNavigateToPageResultPayload(value: unknown): value is NavigateToPageResultPayload {
+   return typeof value === "object"
+     && value !== null
+     && typeof (value as { path?: unknown }).path === "string"
+     && Array.isArray((value as { __actions__?: unknown }).__actions__);
+ }
+
+ function isJobStatusMessagePart(part: MessagePart): part is JobStatusMessagePart {
+   return part.type === "job_status";
+ }
+
+ function isGenerationStatusMessagePart(part: MessagePart): part is GenerationStatusMessagePart {
+   return part.type === "generation_status";
+ }
+
+ function getGenerationStatusPart(parts?: MessagePart[]): GenerationStatusMessagePart | null {
+   if (!parts || parts.length === 0) {
+     return null;
+   }
+
+   for (let index = parts.length - 1; index >= 0; index -= 1) {
+     const part = parts[index];
+     if (isGenerationStatusMessagePart(part)) {
+       return part;
+     }
+   }
+
+   return null;
+ }
+
+ function actionLinkNode(label: string, value: string) {
+   return { type: "action-link" as const, label, actionType: "route" as const, value };
+ }
+
+ function jobActionLinkNode(label: string, jobId: string, operation: "cancel" | "retry") {
+   return {
+     type: "action-link" as const,
+     label,
+     actionType: "job" as const,
+     value: jobId,
+     params: { operation },
+   };
+ }
+
+ function getJobStatusResultPayload(part: JobStatusMessagePart): unknown {
+   return part.resultEnvelope?.payload ?? part.resultPayload;
+ }
+
+ function projectJobStatusResultEnvelope(part: JobStatusMessagePart): CapabilityResultEnvelope | null {
+   const descriptor = getCapabilityPresentationDescriptor(part.toolName);
+
+   return (
+     part.resultEnvelope
+     ?? projectCapabilityResultEnvelope({
+       toolName: part.toolName,
+       payload: getJobStatusResultPayload(part),
+       descriptor,
+       executionMode: descriptor?.executionMode ?? "deferred",
+       summary: {
+         title: part.title,
+         subtitle: part.subtitle,
+         statusLine: part.error,
+         message: part.summary,
+       },
+       progress:
+         part.progressPercent != null || part.progressLabel
+           ? {
+               percent: part.progressPercent,
+               label: part.progressLabel,
+             }
+           : undefined,
+     })
+   );
+ }
+
+ function buildJobStatusActions(part: JobStatusMessagePart) {
+   const resultPayload = getJobStatusResultPayload(part);
+   const descriptor = getCapabilityPresentationDescriptor(part.toolName);
+   const supportsWholeJobRetry = descriptor?.supportsRetry === "whole_job";
+   const canControlServerJob = descriptor?.executionMode === "deferred" || descriptor?.executionMode === "hybrid";
+
+   if (part.actions && part.actions.length > 0) {
+     return part.actions.map((action) => ({
+       type: "action-link" as const,
+       label: action.label,
+       actionType: action.actionType,
+       value: action.value,
+       params: action.params,
+     }));
+   }
+
+   if ((part.status === "queued" || part.status === "running") && canControlServerJob) {
+     return [jobActionLinkNode("Cancel", part.jobId, "cancel")];
+   }
+
+   if ((part.status === "failed" || part.status === "canceled") && supportsWholeJobRetry && canControlServerJob) {
+     return [jobActionLinkNode("Retry", part.jobId, "retry")];
+   }
+
+   if (part.status !== "succeeded") {
+     return undefined;
+   }
+
+   if (part.toolName === "draft_content" && isDraftContentResultPayload(resultPayload)) {
+     return [
+       {
+         type: "action-link" as const,
+         label: "Revise",
+         actionType: "send" as const,
+         value: `Revise the draft post with id ${resultPayload.id} titled \"${resultPayload.title}\".`,
+       },
+       {
+         type: "action-link" as const,
+         label: "Publish",
+         actionType: "send" as const,
+         value: `Publish the draft post with id ${resultPayload.id}.`,
+       },
+     ];
+   }
+
+   if (part.toolName === "publish_content" && isPublishContentResultPayload(resultPayload)) {
+     return [actionLinkNode("Open published post", `/journal/${resultPayload.slug}`)];
+   }
+
+   if (part.toolName === "generate_blog_image" && isGenerateBlogImageResultPayload(resultPayload)) {
+     const actions = [actionLinkNode("Open image", resultPayload.imageUrl)];
+     if (resultPayload.postSlug) {
+       actions.unshift(actionLinkNode("Open article", `/journal/${resultPayload.postSlug}`));
+     }
+     return actions;
+   }
+
+   if (part.toolName === "produce_blog_article" && isProduceBlogArticleResultPayload(resultPayload)) {
+     return [
+       actionLinkNode("Open draft", getAdminJournalPreviewPath(resultPayload.slug)),
+       {
+         type: "action-link" as const,
+         label: "Publish",
+         actionType: "send" as const,
+         value: `Publish the draft journal article with id ${resultPayload.id}.`,
+       },
+       actionLinkNode("Open hero image", `/api/blog/assets/${resultPayload.imageAssetId}`),
+     ];
+   }
+
+   if (
+     part.toolName === TOOL_NAMES.PREPARE_JOURNAL_POST_FOR_PUBLISH
+     && isPrepareJournalPostForPublishPayload(resultPayload)
+   ) {
+     const actions: InlineNode[] = [
+       actionLinkNode("Open journal workspace", resultPayload.post.detail_route),
+       actionLinkNode("Open journal draft", resultPayload.post.preview_route),
+     ];
+
+     if (resultPayload.ready) {
+       actions.push({
+         type: "action-link" as const,
+         label: "Publish",
+         actionType: "send" as const,
+         value: `Publish the approved journal article with id ${resultPayload.post.id}.`,
+       });
+     }
+
+     return actions;
+   }
+
+   return undefined;
+ }
+
+ export class ChatPresenter {
+   constructor(
+     private markdownParser: MarkdownParserService,
+     private commandParser: CommandParserService,
+   ) {}
+
+   present(message: ChatMessage): PresentedMessage {
+     let textContent = message.content;
+     const extractedControls = extractControlTags(textContent);
+     const suggestions = normalizeSuggestions(extractedControls.suggestionsPayload);
+     const actions = normalizeMessageActions(extractedControls.actionsPayload);
+     textContent = extractedControls.text;
+
+     const responseState = deriveResponseState(
+       message,
+       normalizeResponseState(extractedControls.responseStatePayload),
+       suggestions,
+       textContent,
+     );
+
+     const visibleSuggestions = responseState === "open" ? suggestions : [];
+
+     const richContent = this.markdownParser.parse(textContent);
+     const commands = [...this.commandParser.parse(textContent)];
+     const attachments = getPresentedAttachments(message.parts);
+     const generationStatus = getGenerationStatusPart(message.parts);
+     const renderedJobIds = new Set<string>();
+     const toolRenderEntries: ToolRenderEntry[] = [];
+
+     for (const part of message.parts ?? []) {
+       if (!isJobStatusMessagePart(part)) {
+         continue;
+       }
+
+       const descriptor = getCapabilityPresentationDescriptor(part.toolName);
+       const resultEnvelope = projectJobStatusResultEnvelope(part);
+       const renderedPart = resultEnvelope && part.resultEnvelope !== resultEnvelope
+         ? { ...part, resultEnvelope }
+         : part;
+
+       renderedJobIds.add(renderedPart.jobId);
+
+       toolRenderEntries.push({
+         kind: "job-status",
+         part: renderedPart,
+         computedActions: buildJobStatusActions(renderedPart),
+         descriptor,
+         resultEnvelope,
+       });
+     }
+
+     // Map AI tool calls to UI commands
+     const toolCalls = pairToolCallsWithResults(message.parts);
+     for (const call of toolCalls) {
+       const command = resolveToolCommand(call);
+       if (command) {
+         commands.push(command);
+         if (!shouldPreserveToolRenderEntry(call)) {
+           continue;
+         }
+       }
+
+       const jobSnapshots = extractJobStatusSnapshots(call.result);
+
+       if (jobSnapshots.length > 0) {
+         for (const snapshot of jobSnapshots) {
+           const descriptor = getCapabilityPresentationDescriptor(snapshot.part.toolName);
+           const resultEnvelope = projectJobStatusResultEnvelope(snapshot.part);
+           const renderedPart = resultEnvelope && snapshot.part.resultEnvelope !== resultEnvelope
+             ? { ...snapshot.part, resultEnvelope }
+             : snapshot.part;
+
+           if (renderedJobIds.has(renderedPart.jobId)) {
+             continue;
+           }
+
+           renderedJobIds.add(renderedPart.jobId);
+           toolRenderEntries.push({
+             kind: "job-status",
+             part: renderedPart,
+             computedActions: buildJobStatusActions(renderedPart),
+             descriptor,
+             resultEnvelope,
+           });
+         }
+         continue;
+       }
+
+       const descriptor = getCapabilityPresentationDescriptor(call.name);
+       const resultEnvelope = projectCapabilityResultEnvelope({
+         toolName: call.name,
+         payload: call.result ?? null,
+         inputSnapshot: call.args,
+         descriptor,
+       });
+
+       toolRenderEntries.push({
+         kind: "tool-call",
+         name: call.name,
+         args: call.args,
+         result: call.result,
+         descriptor,
+         resultEnvelope,
+       });
+     }
+
+     return {
+       id: message.id,
+       role: message.role,
+       content: richContent,
+       rawContent: textContent,
+       responseState,
+       commands: commands,
+       suggestions: visibleSuggestions,
+       actions,
+       attachments,
+       failedSend: message.metadata?.failedSend,
+       generationStatus: generationStatus
+         ? {
+           status: generationStatus.status,
+           actor: generationStatus.actor,
+           reason: generationStatus.reason,
+           partialContentRetained: generationStatus.partialContentRetained,
+         }
+         : undefined,
+       status: "confirmed",
+       timestamp: (message.timestamp || new Date()).toLocaleTimeString([], {
+         hour: "2-digit",
+         minute: "2-digit",
+       }),
+       toolRenderEntries,
+     };
+   }
+
+   presentMany(messages: ChatMessage[]): PresentedMessage[] {
+     return messages.map((m) => this.present(m));
+   }
+ }
+

 ❯ tests/blog-orchestration-qa.test.ts:18:23
     16|     const routes = readSource("src/lib/journal/admin-journal-routes.ts…
     17| 
     18|     expect(presenter).toContain('actionLinkNode("Open draft", getAdmin…
       |                       ^
     19|     expect(presenter).not.toContain('/admin/blog/preview/${part.result…
     20|     expect(routes).not.toContain("getLegacyAdminBlogPreviewPath");

⎯⎯⎯⎯⎯⎯⎯⎯⎯⎯⎯⎯⎯⎯⎯⎯⎯⎯⎯⎯⎯⎯⎯[5/20]⎯

 FAIL  tests/blog-orchestration-qa.test.ts > Sprint 3 public route cutover QA guards > moves published public emitters to /journal while keeping admin preview routes journal-first
AssertionError: expected 'import type { ChatMessage, ChatRespon…' to contain 'actionLinkNode("Open published post",…'

- Expected
+ Received

- actionLinkNode("Open published post", `/journal/${part.resultPayload.slug}`)
+ import type { ChatMessage, ChatResponseState, FailedSendMetadata } from "../core/entities/chat-message";
+ import type { CapabilityPresentationDescriptor } from "../core/entities/capability-presentation";
+ import type { CapabilityResultEnvelope } from "../core/entities/capability-result";
+ import type { InlineNode, RichContent } from "../core/entities/rich-content";
+ import type { UICommand } from "../core/entities/ui-command";
+ import { UI_COMMAND_TYPE } from "../core/entities/ui-command";
+ import { VALID_ACTION_TYPES } from "../core/entities/rich-content";
+ import type { ActionLinkType } from "../core/entities/rich-content";
+ import { getPresentedAttachments, type PresentedAttachment } from "@/lib/chat/message-attachments";
+ import type { MarkdownParserService } from "./MarkdownParserService";
+ import type { CommandParserService } from "./CommandParserService";
+ import type {
+   GenerationStatusMessagePart,
+   JobStatusMessagePart,
+   MessagePart,
+ } from "@/core/entities/message-parts";
+ import {
+   isDraftContentResultPayload,
+   isGenerateBlogImageResultPayload,
+   isProduceBlogArticleResultPayload,
+   isPublishContentResultPayload,
+ } from "@/lib/blog/blog-tool-payloads";
+ import { getCapabilityPresentationDescriptor } from "@/frameworks/ui/chat/registry/capability-presentation-registry";
+ import { projectCapabilityResultEnvelope } from "@/lib/capabilities/capability-result-envelope";
+ import { extractJobStatusSnapshots } from "@/lib/jobs/job-status-snapshots";
+ import { getAdminJournalPreviewPath } from "@/lib/journal/admin-journal-routes";
+ import { getSupportedTheme, isSupportedTheme } from "@/lib/theme/theme-manifest";
+ const SUGGESTIONS_MARKER = "__suggestions__:";
+ const ACTIONS_MARKER = "__actions__:";
+ const RESPONSE_STATE_MARKER = "__response_state__:";
+
+ const TOOL_NAMES = {
+   SET_THEME: "set_theme",
+   NAVIGATE: "navigate",
+   NAVIGATE_TO_PAGE: "navigate_to_page",
+   ADJUST_UI: "adjust_ui",
+   PREPARE_JOURNAL_POST_FOR_PUBLISH: "prepare_journal_post_for_publish",
+ } as const;
+
+ type NavigateToPageResultPayload = {
+   path: string;
+   label: string | null;
+   description: string | null;
+   __actions__: Array<{ type: "navigate"; path: string }>;
+ };
+
+ export interface MessageAction {
+   label: string;
+   action: ActionLinkType;
+   params: Record<string, string>;
+ }
+
+ export interface PresentedGenerationStatus {
+   status: GenerationStatusMessagePart["status"];
+   actor: GenerationStatusMessagePart["actor"];
+   reason: string;
+   partialContentRetained: boolean;
+ }
+
+ export type ToolRenderEntry =
+   | {
+       kind: "job-status";
+       part: JobStatusMessagePart;
+       computedActions?: InlineNode[];
+       descriptor?: CapabilityPresentationDescriptor;
+       resultEnvelope?: CapabilityResultEnvelope | null;
+     }
+   | {
+       kind: "tool-call";
+       name: string;
+       args: Record<string, unknown>;
+       result?: unknown;
+       descriptor?: CapabilityPresentationDescriptor;
+       resultEnvelope?: CapabilityResultEnvelope | null;
+     };
+
+ export type MessageStatus = "confirmed" | "pending" | "failed";
+
+ export interface PresentedMessage {
+   id: string;
+   role: string;
+   content: RichContent;
+   rawContent: string;
+   responseState?: ChatResponseState;
+   commands: UICommand[];
+   suggestions: string[];
+   actions: MessageAction[];
+   attachments: PresentedAttachment[];
+   failedSend?: FailedSendMetadata;
+   generationStatus?: PresentedGenerationStatus;
+   status: MessageStatus;
+   timestamp: string;
+   toolRenderEntries: ToolRenderEntry[];
+ }
+
+ type ExtractedTag = {
+   text: string;
+   payload: unknown[];
+ };
+
+ type ExtractedStringTag = {
+   text: string;
+   payload: string | null;
+ };
+
+ type TrailingArrayTagMatch = ExtractedTag & {
+   markerIndex: number;
+ };
+
+ type TrailingStringTagMatch = ExtractedStringTag & {
+   markerIndex: number;
+ };
+
+ type TrailingControlTagMatch =
+   | { kind: "suggestions"; match: TrailingArrayTagMatch }
+   | { kind: "actions"; match: TrailingArrayTagMatch }
+   | { kind: "responseState"; match: TrailingStringTagMatch };
+
+ type ExtractedControlTags = {
+   text: string;
+   suggestionsPayload: unknown[];
+   actionsPayload: unknown[];
+   responseStatePayload: string | null;
+ };
+
+ type ToolCallWithResult = {
+   name: string;
+   args: Record<string, unknown>;
+   result?: unknown;
+ };
+
+ function findJsonArrayEnd(input: string, arrayStart: number): number {
+   let depth = 0;
+   let inString = false;
+   let escaping = false;
+
+   for (let index = arrayStart; index < input.length; index += 1) {
+     const character = input[index];
+
+     if (escaping) {
+       escaping = false;
+       continue;
+     }
+
+     if (character === "\\") {
+       escaping = true;
+       continue;
+     }
+
+     if (character === '"') {
+       inString = !inString;
+       continue;
+     }
+
+     if (inString) {
+       continue;
+     }
+
+     if (character === "[") {
+       depth += 1;
+       continue;
+     }
+
+     if (character === "]") {
+       depth -= 1;
+       if (depth === 0) {
+         return index;
+       }
+     }
+   }
+
+   return -1;
+ }
+
+ function findJsonStringEnd(input: string, stringStart: number): number {
+   let escaping = false;
+
+   for (let index = stringStart + 1; index < input.length; index += 1) {
+     const character = input[index];
+
+     if (escaping) {
+       escaping = false;
+       continue;
+     }
+
+     if (character === "\\") {
+       escaping = true;
+       continue;
+     }
+
+     if (character === '"') {
+       return index;
+     }
+   }
+
+   return -1;
+ }
+
+ function extractTrailingTaggedArray(text: string, marker: string): TrailingArrayTagMatch | null {
+   const markerIndex = text.lastIndexOf(marker);
+   if (markerIndex < 0) {
+     return null;
+   }
+
+   const arrayStart = markerIndex + marker.length;
+   if (text[arrayStart] !== "[") {
+     return null;
+   }
+
+   const arrayEnd = findJsonArrayEnd(text, arrayStart);
+   if (arrayEnd < 0) {
+     return {
+       markerIndex,
+       text: text.slice(0, markerIndex).trimEnd(),
+       payload: [],
+     };
+   }
+
+   if (text.slice(arrayEnd + 1).trim().length > 0) {
+     return null;
+   }
+
+   let payload: unknown[] = [];
+   try {
+     const parsed = JSON.parse(text.slice(arrayStart, arrayEnd + 1));
+     if (Array.isArray(parsed)) {
+       payload = parsed;
+     }
+   } catch {
+     payload = [];
+   }
+
+   return {
+     markerIndex,
+     text: text.slice(0, markerIndex).trimEnd(),
+     payload,
+   };
+ }
+
+ function extractTrailingTaggedString(text: string, marker: string): TrailingStringTagMatch | null {
+   const markerIndex = text.lastIndexOf(marker);
+   if (markerIndex < 0) {
+     return null;
+   }
+
+   const stringStart = markerIndex + marker.length;
+   if (text[stringStart] !== '"') {
+     return null;
+   }
+
+   const stringEnd = findJsonStringEnd(text, stringStart);
+   if (stringEnd < 0 || text.slice(stringEnd + 1).trim().length > 0) {
+     return null;
+   }
+
+   let payload: string | null = null;
+   try {
+     const parsed = JSON.parse(text.slice(stringStart, stringEnd + 1));
+     if (typeof parsed === "string") {
+       payload = parsed;
+     }
+   } catch {
+     payload = null;
+   }
+
+   return {
+     markerIndex,
+     text: text.slice(0, markerIndex).trimEnd(),
+     payload,
+   };
+ }
+
+ function extractControlTags(text: string): ExtractedControlTags {
+   let remainingText = text.trimEnd();
+   let suggestionsPayload: unknown[] = [];
+   let actionsPayload: unknown[] = [];
+   let responseStatePayload: string | null = null;
+   let hasSuggestionsTag = false;
+   let hasActionsTag = false;
+   let hasResponseStateTag = false;
+
+   while (true) {
+     const candidates: TrailingControlTagMatch[] = [];
+
+     if (!hasSuggestionsTag) {
+       const match = extractTrailingTaggedArray(remainingText, SUGGESTIONS_MARKER);
+       if (match) {
+         candidates.push({ kind: "suggestions", match });
+       }
+     }
+
+     if (!hasActionsTag) {
+       const match = extractTrailingTaggedArray(remainingText, ACTIONS_MARKER);
+       if (match) {
+         candidates.push({ kind: "actions", match });
+       }
+     }
+
+     if (!hasResponseStateTag) {
+       const match = extractTrailingTaggedString(remainingText, RESPONSE_STATE_MARKER);
+       if (match) {
+         candidates.push({ kind: "responseState", match });
+       }
+     }
+
+     if (candidates.length === 0) {
+       break;
+     }
+
+     candidates.sort((left, right) => right.match.markerIndex - left.match.markerIndex);
+     const [candidate] = candidates;
+     remainingText = candidate.match.text;
+
+     switch (candidate.kind) {
+       case "suggestions":
+         hasSuggestionsTag = true;
+         suggestionsPayload = candidate.match.payload;
+         break;
+       case "actions":
+         hasActionsTag = true;
+         actionsPayload = candidate.match.payload;
+         break;
+       case "responseState":
+         hasResponseStateTag = true;
+         responseStatePayload = candidate.match.payload;
+         break;
+     }
+   }
+
+   return {
+     text: remainingText.trim(),
+     suggestionsPayload,
+     actionsPayload,
+     responseStatePayload,
+   };
+ }
+
+ const LOW_VALUE_SUGGESTION_PATTERNS = [
+   /^anything else\??$/i,
+   /^what else\??$/i,
+   /^need (?:anything else|more help)\??$/i,
+   /^want (?:more|another)\??$/i,
+   /^tell me more\??$/i,
+   /^continue\??$/i,
+   /^keep going\??$/i,
+ ];
+
+ function normalizeSuggestionKey(value: string): string {
+   return value.toLowerCase().replace(/[^a-z0-9]+/g, " ").trim();
+ }
+
+ function isLowValueSuggestion(value: string): boolean {
+   return LOW_VALUE_SUGGESTION_PATTERNS.some((pattern) => pattern.test(value));
+ }
+
+ function normalizeSuggestions(payload: unknown[]): string[] {
+   const normalizedSuggestions: string[] = [];
+   const seen = new Set<string>();
+
+   for (const entry of payload) {
+     if (typeof entry !== "string") {
+       continue;
+     }
+
+     const candidate = entry.trim();
+     if (candidate.length === 0 || candidate.length > 60 || isLowValueSuggestion(candidate)) {
+       continue;
+     }
+
+     const key = normalizeSuggestionKey(candidate);
+     if (!key || seen.has(key)) {
+       continue;
+     }
+
+     seen.add(key);
+     normalizedSuggestions.push(candidate);
+
+     if (normalizedSuggestions.length === 4) {
+       break;
+     }
+   }
+
+   return normalizedSuggestions;
+ }
+
+ function normalizeResponseState(payload: string | null): ChatResponseState | null {
+   if (payload === "open" || payload === "closed" || payload === "needs_input") {
+     return payload;
+   }
+
+   return null;
+ }
+
+ function looksLikeBlockingQuestion(textContent: string): boolean {
+   const trimmed = textContent.trim();
+   if (!trimmed.endsWith("?")) {
+     return false;
+   }
+
+   return trimmed.split("?").length - 1 === 1;
+ }
+
+ function deriveResponseState(
+   message: ChatMessage,
+   explicitState: ChatResponseState | null,
+   suggestions: string[],
+   textContent: string,
+ ): ChatResponseState | undefined {
+   if (explicitState) {
+     return explicitState;
+   }
+
+   if (message.metadata?.responseState) {
+     return message.metadata.responseState;
+   }
+
+   if (message.role !== "assistant") {
+     return undefined;
+   }
+
+   if (suggestions.length > 0) {
+     return "open";
+   }
+
+   return looksLikeBlockingQuestion(textContent) ? "needs_input" : "closed";
+ }
+
+ function getNormalizedString(record: Record<string, unknown>, keys: string[]): string | null {
+   for (const key of keys) {
+     const value = record[key];
+     if (typeof value === "string" && value.trim().length > 0) {
+       return value.trim();
+     }
+   }
+
+   return null;
+ }
+
+ function sanitizeStringParams(params: Record<string, unknown>): Record<string, string> {
+   return Object.fromEntries(
+     Object.entries(params)
+       .filter(([, value]) => typeof value === "string" && value.trim().length > 0)
+       .map(([key, value]) => [key, (value as string).trim()]),
+   );
+ }
+
+ function omitKeys(params: Record<string, string>, keys: string[]): Record<string, string> {
+   return Object.fromEntries(
+     Object.entries(params).filter(([key]) => !keys.includes(key)),
+   );
+ }
+
+ function normalizeActionParams(action: ActionLinkType, entry: Record<string, unknown>): Record<string, string> | null {
+   const rawParams = typeof entry.params === "object" && entry.params !== null
+     ? entry.params as Record<string, unknown>
+     : {};
+   const sanitizedParams = sanitizeStringParams(rawParams);
+
+   switch (action) {
+     case "route": {
+       const path = getNormalizedString(rawParams, ["path", "href", "pathname"]) ?? getNormalizedString(entry, ["value"]);
+       const baseParams = omitKeys(sanitizedParams, ["path", "href", "pathname"]);
+       return path ? { ...baseParams, path } : baseParams;
+     }
+     case "send": {
+       const text = getNormalizedString(rawParams, ["text", "prompt", "message"]) ?? getNormalizedString(entry, ["value"]);
+       const baseParams = omitKeys(sanitizedParams, ["text", "prompt", "message"]);
+       return text ? { ...baseParams, text } : baseParams;
+     }
+     case "corpus": {
+       const slug = getNormalizedString(rawParams, ["slug", "id"]) ?? getNormalizedString(entry, ["value"]);
+       const baseParams = omitKeys(sanitizedParams, ["slug", "id"]);
+       return slug ? { ...baseParams, slug } : baseParams;
+     }
+     case "conversation": {
+       const id = getNormalizedString(rawParams, ["id", "conversationId"]) ?? getNormalizedString(entry, ["value"]);
+       const baseParams = omitKeys(sanitizedParams, ["id", "conversationId"]);
+       return id ? { ...baseParams, id } : baseParams;
+     }
+     case "external": {
+       const url = getNormalizedString(rawParams, ["url", "href", "path"]) ?? getNormalizedString(entry, ["value"]);
+       const baseParams = omitKeys(sanitizedParams, ["url", "href", "path"]);
+       return url ? { ...baseParams, url } : baseParams;
+     }
+     case "job": {
+       const jobId = getNormalizedString(rawParams, ["jobId", "id"]) ?? getNormalizedString(entry, ["value"]);
+       const operation = getNormalizedString(rawParams, ["operation"]);
+       const baseParams = omitKeys(sanitizedParams, ["jobId", "id", "operation"]);
+       return jobId || operation
+         ? {
+           ...baseParams,
+           ...(jobId ? { jobId } : {}),
+           ...(operation ? { operation } : {}),
+         }
+         : baseParams;
+     }
+     default:
+       return null;
+   }
+ }
+
+ function normalizeMessageActions(payload: unknown[]): MessageAction[] {
+   return payload
+     .map((entry) => {
+       if (typeof entry !== "object" || entry === null) {
+         return null;
+       }
+
+       const record = entry as Record<string, unknown>;
+       const label = getNormalizedString(record, ["label"]);
+       const action = getNormalizedString(record, ["action", "type"]);
+
+       if (!label || !action || !VALID_ACTION_TYPES.has(action)) {
+         return null;
+       }
+
+       const params = normalizeActionParams(action as ActionLinkType, record);
+       if (!params) {
+         return null;
+       }
+
+       return {
+         label,
+         action: action as ActionLinkType,
+         params,
+       } satisfies MessageAction;
+     })
+     .filter((entry): entry is MessageAction => Boolean(entry))
+     .slice(0, 3);
+ }
+
+ function pairToolCallsWithResults(parts?: MessagePart[]): ToolCallWithResult[] {
+   if (!parts) return [];
+
+   const calls: Array<ToolCallWithResult & { consumed?: boolean }> = [];
+   for (const part of parts) {
+     if (part.type === "tool_call") {
+       calls.push({ name: part.name, args: part.args });
+       continue;
+     }
+
+     if (part.type === "tool_result") {
+       const match = calls.find((call) => !call.consumed && call.name === part.name);
+       if (match) {
+         match.result = part.result;
+         match.consumed = true;
+       }
+     }
+   }
+
+   return calls;
+ }
+
+ function sanitizeUiAdjustmentSettings(args: Record<string, unknown>): Record<string, unknown> {
+   if (!("theme" in args)) {
+     return args;
+   }
+
+   const theme = getSupportedTheme(args.theme);
+   if (theme) {
+     return {
+       ...args,
+       theme,
+     };
+   }
+
+   const { theme: _theme, ...rest } = args;
+   return rest;
+ }
+
+ type ToolCommandResolver = (call: ToolCallWithResult) => UICommand | null;
+
+ const TOOL_COMMAND_RESOLVERS: Partial<Record<string, ToolCommandResolver>> = {
+   [TOOL_NAMES.SET_THEME]: (call) => {
+     if (!isSupportedTheme(call.args.theme)) {
+       return null;
+     }
+
+     return {
+       type: UI_COMMAND_TYPE.SET_THEME,
+       theme: call.args.theme,
+     };
+   },
+   [TOOL_NAMES.NAVIGATE]: (call) => ({
+     type: UI_COMMAND_TYPE.NAVIGATE,
+     path: call.args.path as string,
+   }),
+   [TOOL_NAMES.NAVIGATE_TO_PAGE]: (call) => {
+     if (!isNavigateToPageResultPayload(call.result)) {
+       return null;
+     }
+
+     return {
+       type: UI_COMMAND_TYPE.NAVIGATE,
+       path: call.result.path,
+     };
+   },
+   [TOOL_NAMES.ADJUST_UI]: (call) => ({
+     type: UI_COMMAND_TYPE.ADJUST_UI,
+     settings: sanitizeUiAdjustmentSettings(call.args as Record<string, unknown>),
+   }),
+ };
+
+ function resolveToolCommand(call: ToolCallWithResult): UICommand | null {
+   return TOOL_COMMAND_RESOLVERS[call.name]?.(call) ?? null;
+ }
+
+ function shouldPreserveToolRenderEntry(call: ToolCallWithResult): boolean {
+   return (
+     call.result !== undefined
+     && (call.name === TOOL_NAMES.SET_THEME || call.name === TOOL_NAMES.ADJUST_UI)
+   );
+ }
+
+ type PrepareJournalPostForPublishPayload = {
+   action: "prepare_journal_post_for_publish";
+   ready: boolean;
+   summary: string;
+   blockers: string[];
+   revision_count: number;
+   post: {
+     id: string;
+     title: string;
+     detail_route: string;
+     preview_route: string;
+   };
+ };
+
+ function isPrepareJournalPostForPublishPayload(value: unknown): value is PrepareJournalPostForPublishPayload {
+   return typeof value === "object"
+     && value !== null
+     && (value as { action?: unknown }).action === TOOL_NAMES.PREPARE_JOURNAL_POST_FOR_PUBLISH
+     && typeof (value as { ready?: unknown }).ready === "boolean"
+     && typeof (value as { summary?: unknown }).summary === "string"
+     && typeof (value as { post?: unknown }).post === "object"
+     && (value as { post?: unknown }).post !== null;
+ }
+
+ function isNavigateToPageResultPayload(value: unknown): value is NavigateToPageResultPayload {
+   return typeof value === "object"
+     && value !== null
+     && typeof (value as { path?: unknown }).path === "string"
+     && Array.isArray((value as { __actions__?: unknown }).__actions__);
+ }
+
+ function isJobStatusMessagePart(part: MessagePart): part is JobStatusMessagePart {
+   return part.type === "job_status";
+ }
+
+ function isGenerationStatusMessagePart(part: MessagePart): part is GenerationStatusMessagePart {
+   return part.type === "generation_status";
+ }
+
+ function getGenerationStatusPart(parts?: MessagePart[]): GenerationStatusMessagePart | null {
+   if (!parts || parts.length === 0) {
+     return null;
+   }
+
+   for (let index = parts.length - 1; index >= 0; index -= 1) {
+     const part = parts[index];
+     if (isGenerationStatusMessagePart(part)) {
+       return part;
+     }
+   }
+
+   return null;
+ }
+
+ function actionLinkNode(label: string, value: string) {
+   return { type: "action-link" as const, label, actionType: "route" as const, value };
+ }
+
+ function jobActionLinkNode(label: string, jobId: string, operation: "cancel" | "retry") {
+   return {
+     type: "action-link" as const,
+     label,
+     actionType: "job" as const,
+     value: jobId,
+     params: { operation },
+   };
+ }
+
+ function getJobStatusResultPayload(part: JobStatusMessagePart): unknown {
+   return part.resultEnvelope?.payload ?? part.resultPayload;
+ }
+
+ function projectJobStatusResultEnvelope(part: JobStatusMessagePart): CapabilityResultEnvelope | null {
+   const descriptor = getCapabilityPresentationDescriptor(part.toolName);
+
+   return (
+     part.resultEnvelope
+     ?? projectCapabilityResultEnvelope({
+       toolName: part.toolName,
+       payload: getJobStatusResultPayload(part),
+       descriptor,
+       executionMode: descriptor?.executionMode ?? "deferred",
+       summary: {
+         title: part.title,
+         subtitle: part.subtitle,
+         statusLine: part.error,
+         message: part.summary,
+       },
+       progress:
+         part.progressPercent != null || part.progressLabel
+           ? {
+               percent: part.progressPercent,
+               label: part.progressLabel,
+             }
+           : undefined,
+     })
+   );
+ }
+
+ function buildJobStatusActions(part: JobStatusMessagePart) {
+   const resultPayload = getJobStatusResultPayload(part);
+   const descriptor = getCapabilityPresentationDescriptor(part.toolName);
+   const supportsWholeJobRetry = descriptor?.supportsRetry === "whole_job";
+   const canControlServerJob = descriptor?.executionMode === "deferred" || descriptor?.executionMode === "hybrid";
+
+   if (part.actions && part.actions.length > 0) {
+     return part.actions.map((action) => ({
+       type: "action-link" as const,
+       label: action.label,
+       actionType: action.actionType,
+       value: action.value,
+       params: action.params,
+     }));
+   }
+
+   if ((part.status === "queued" || part.status === "running") && canControlServerJob) {
+     return [jobActionLinkNode("Cancel", part.jobId, "cancel")];
+   }
+
+   if ((part.status === "failed" || part.status === "canceled") && supportsWholeJobRetry && canControlServerJob) {
+     return [jobActionLinkNode("Retry", part.jobId, "retry")];
+   }
+
+   if (part.status !== "succeeded") {
+     return undefined;
+   }
+
+   if (part.toolName === "draft_content" && isDraftContentResultPayload(resultPayload)) {
+     return [
+       {
+         type: "action-link" as const,
+         label: "Revise",
+         actionType: "send" as const,
+         value: `Revise the draft post with id ${resultPayload.id} titled \"${resultPayload.title}\".`,
+       },
+       {
+         type: "action-link" as const,
+         label: "Publish",
+         actionType: "send" as const,
+         value: `Publish the draft post with id ${resultPayload.id}.`,
+       },
+     ];
+   }
+
+   if (part.toolName === "publish_content" && isPublishContentResultPayload(resultPayload)) {
+     return [actionLinkNode("Open published post", `/journal/${resultPayload.slug}`)];
+   }
+
+   if (part.toolName === "generate_blog_image" && isGenerateBlogImageResultPayload(resultPayload)) {
+     const actions = [actionLinkNode("Open image", resultPayload.imageUrl)];
+     if (resultPayload.postSlug) {
+       actions.unshift(actionLinkNode("Open article", `/journal/${resultPayload.postSlug}`));
+     }
+     return actions;
+   }
+
+   if (part.toolName === "produce_blog_article" && isProduceBlogArticleResultPayload(resultPayload)) {
+     return [
+       actionLinkNode("Open draft", getAdminJournalPreviewPath(resultPayload.slug)),
+       {
+         type: "action-link" as const,
+         label: "Publish",
+         actionType: "send" as const,
+         value: `Publish the draft journal article with id ${resultPayload.id}.`,
+       },
+       actionLinkNode("Open hero image", `/api/blog/assets/${resultPayload.imageAssetId}`),
+     ];
+   }
+
+   if (
+     part.toolName === TOOL_NAMES.PREPARE_JOURNAL_POST_FOR_PUBLISH
+     && isPrepareJournalPostForPublishPayload(resultPayload)
+   ) {
+     const actions: InlineNode[] = [
+       actionLinkNode("Open journal workspace", resultPayload.post.detail_route),
+       actionLinkNode("Open journal draft", resultPayload.post.preview_route),
+     ];
+
+     if (resultPayload.ready) {
+       actions.push({
+         type: "action-link" as const,
+         label: "Publish",
+         actionType: "send" as const,
+         value: `Publish the approved journal article with id ${resultPayload.post.id}.`,
+       });
+     }
+
+     return actions;
+   }
+
+   return undefined;
+ }
+
+ export class ChatPresenter {
+   constructor(
+     private markdownParser: MarkdownParserService,
+     private commandParser: CommandParserService,
+   ) {}
+
+   present(message: ChatMessage): PresentedMessage {
+     let textContent = message.content;
+     const extractedControls = extractControlTags(textContent);
+     const suggestions = normalizeSuggestions(extractedControls.suggestionsPayload);
+     const actions = normalizeMessageActions(extractedControls.actionsPayload);
+     textContent = extractedControls.text;
+
+     const responseState = deriveResponseState(
+       message,
+       normalizeResponseState(extractedControls.responseStatePayload),
+       suggestions,
+       textContent,
+     );
+
+     const visibleSuggestions = responseState === "open" ? suggestions : [];
+
+     const richContent = this.markdownParser.parse(textContent);
+     const commands = [...this.commandParser.parse(textContent)];
+     const attachments = getPresentedAttachments(message.parts);
+     const generationStatus = getGenerationStatusPart(message.parts);
+     const renderedJobIds = new Set<string>();
+     const toolRenderEntries: ToolRenderEntry[] = [];
+
+     for (const part of message.parts ?? []) {
+       if (!isJobStatusMessagePart(part)) {
+         continue;
+       }
+
+       const descriptor = getCapabilityPresentationDescriptor(part.toolName);
+       const resultEnvelope = projectJobStatusResultEnvelope(part);
+       const renderedPart = resultEnvelope && part.resultEnvelope !== resultEnvelope
+         ? { ...part, resultEnvelope }
+         : part;
+
+       renderedJobIds.add(renderedPart.jobId);
+
+       toolRenderEntries.push({
+         kind: "job-status",
+         part: renderedPart,
+         computedActions: buildJobStatusActions(renderedPart),
+         descriptor,
+         resultEnvelope,
+       });
+     }
+
+     // Map AI tool calls to UI commands
+     const toolCalls = pairToolCallsWithResults(message.parts);
+     for (const call of toolCalls) {
+       const command = resolveToolCommand(call);
+       if (command) {
+         commands.push(command);
+         if (!shouldPreserveToolRenderEntry(call)) {
+           continue;
+         }
+       }
+
+       const jobSnapshots = extractJobStatusSnapshots(call.result);
+
+       if (jobSnapshots.length > 0) {
+         for (const snapshot of jobSnapshots) {
+           const descriptor = getCapabilityPresentationDescriptor(snapshot.part.toolName);
+           const resultEnvelope = projectJobStatusResultEnvelope(snapshot.part);
+           const renderedPart = resultEnvelope && snapshot.part.resultEnvelope !== resultEnvelope
+             ? { ...snapshot.part, resultEnvelope }
+             : snapshot.part;
+
+           if (renderedJobIds.has(renderedPart.jobId)) {
+             continue;
+           }
+
+           renderedJobIds.add(renderedPart.jobId);
+           toolRenderEntries.push({
+             kind: "job-status",
+             part: renderedPart,
+             computedActions: buildJobStatusActions(renderedPart),
+             descriptor,
+             resultEnvelope,
+           });
+         }
+         continue;
+       }
+
+       const descriptor = getCapabilityPresentationDescriptor(call.name);
+       const resultEnvelope = projectCapabilityResultEnvelope({
+         toolName: call.name,
+         payload: call.result ?? null,
+         inputSnapshot: call.args,
+         descriptor,
+       });
+
+       toolRenderEntries.push({
+         kind: "tool-call",
+         name: call.name,
+         args: call.args,
+         result: call.result,
+         descriptor,
+         resultEnvelope,
+       });
+     }
+
+     return {
+       id: message.id,
+       role: message.role,
+       content: richContent,
+       rawContent: textContent,
+       responseState,
+       commands: commands,
+       suggestions: visibleSuggestions,
+       actions,
+       attachments,
+       failedSend: message.metadata?.failedSend,
+       generationStatus: generationStatus
+         ? {
+           status: generationStatus.status,
+           actor: generationStatus.actor,
+           reason: generationStatus.reason,
+           partialContentRetained: generationStatus.partialContentRetained,
+         }
+         : undefined,
+       status: "confirmed",
+       timestamp: (message.timestamp || new Date()).toLocaleTimeString([], {
+         hour: "2-digit",
+         minute: "2-digit",
+       }),
+       toolRenderEntries,
+     };
+   }
+
+   presentMany(messages: ChatMessage[]): PresentedMessage[] {
+     return messages.map((m) => this.present(m));
+   }
+ }
+

 ❯ tests/blog-orchestration-qa.test.ts:46:23
     44|     const jobStatus = readSource("src/lib/jobs/job-status.ts");
     45| 
     46|     expect(presenter).toContain('actionLinkNode("Open published post",…
       |                       ^
     47|     expect(presenter).not.toContain('actionLinkNode("Open published po…
     48|     expect(jobStatus).toContain("/journal/${candidate.slug}");

⎯⎯⎯⎯⎯⎯⎯⎯⎯⎯⎯⎯⎯⎯⎯⎯⎯⎯⎯⎯⎯⎯⎯[6/20]⎯

 FAIL  tests/browser-fab-mobile-density.test.tsx > browser FAB mobile density > keeps the compact mobile header layout stable
AssertionError: expected …(3) to have a length of 2 but got 3

- Expected
+ Received

- 2
+ 3

 ❯ tests/browser-fab-mobile-density.test.tsx:147:48
    145|     expect(leadingRegion).toBeNull();
    146|     expect(chrome).not.toBeNull();
    147|     expect(chrome?.querySelectorAll("button")).toHaveLength(2);
       |                                                ^
    148|   });
    149| 

⎯⎯⎯⎯⎯⎯⎯⎯⎯⎯⎯⎯⎯⎯⎯⎯⎯⎯⎯⎯⎯⎯⎯[7/20]⎯

 FAIL  tests/chat-performance-a11y.test.tsx > plugin card ARIA roles > InspectThemeCard renders role=region
AssertionError: expected 'Inspect Theme result' to be 'Theme inspection' // Object.is equality

Expected: "Theme inspection"
Received: "Inspect Theme result"

 ❯ tests/chat-performance-a11y.test.tsx:74:48
     72|     const region = container.querySelector("[role='region']");
     73|     expect(region).not.toBeNull();
     74|     expect(region?.getAttribute("aria-label")).toBe("Theme inspection"…
       |                                                ^
     75|   });
     76| 

⎯⎯⎯⎯⎯⎯⎯⎯⎯⎯⎯⎯⎯⎯⎯⎯⎯⎯⎯⎯⎯⎯⎯[8/20]⎯

 FAIL  tests/chat-performance-a11y.test.tsx > plugin card ARIA roles > ProfileCard renders role=region
AssertionError: expected 'Get My Profile result' to be 'Current profile' // Object.is equality

Expected: "Current profile"
Received: "Get My Profile result"

 ❯ tests/chat-performance-a11y.test.tsx:93:48
     91|     const region = container.querySelector("[role='region']");
     92|     expect(region).not.toBeNull();
     93|     expect(region?.getAttribute("aria-label")).toBe("Current profile");
       |                                                ^
     94|   });
     95| 

⎯⎯⎯⎯⎯⎯⎯⎯⎯⎯⎯⎯⎯⎯⎯⎯⎯⎯⎯⎯⎯⎯⎯[9/20]⎯

 FAIL  tests/chat-performance-a11y.test.tsx > plugin card ARIA roles > ReferralQrCard renders role=region
AssertionError: expected 'Referral QR result' to be 'Referral QR code' // Object.is equality

Expected: "Referral QR code"
Received: "Referral QR result"

 ❯ tests/chat-performance-a11y.test.tsx:110:48
    108|     const region = container.querySelector("[role='region']");
    109|     expect(region).not.toBeNull();
    110|     expect(region?.getAttribute("aria-label")).toBe("Referral QR code"…
       |                                                ^
    111|   });
    112| 

⎯⎯⎯⎯⎯⎯⎯⎯⎯⎯⎯⎯⎯⎯⎯⎯⎯⎯⎯⎯⎯⎯[10/20]⎯

 FAIL  tests/chat-performance-a11y.test.tsx > plugin card ARIA roles > JournalWorkflowCard renders role=region
AssertionError: expected 'Journal workflow result' to be 'Journal workflow summary' // Object.is equality

Expected: "Journal workflow summary"
Received: "Journal workflow result"

 ❯ tests/chat-performance-a11y.test.tsx:126:48
    124|     const region = container.querySelector("[role='region']");
    125|     expect(region).not.toBeNull();
    126|     expect(region?.getAttribute("aria-label")).toBe("Journal workflow …
       |                                                ^
    127|   });
    128| 

⎯⎯⎯⎯⎯⎯⎯⎯⎯⎯⎯⎯⎯⎯⎯⎯⎯⎯⎯⎯⎯⎯[11/20]⎯

 FAIL  tests/chat-performance-a11y.test.tsx > plugin card ARIA roles > AudioPlayerCard renders role=region (structured result)
AssertionError: expected 'Audio result' to be 'Audio player' // Object.is equality

Expected: "Audio player"
Received: "Audio result"

 ❯ tests/chat-performance-a11y.test.tsx:147:48
    145|     const region = container.querySelector("[role='region']");
    146|     expect(region).not.toBeNull();
    147|     expect(region?.getAttribute("aria-label")).toBe("Audio player");
       |                                                ^
    148|   });
    149| 

⎯⎯⎯⎯⎯⎯⎯⎯⎯⎯⎯⎯⎯⎯⎯⎯⎯⎯⎯⎯⎯⎯[12/20]⎯

 FAIL  tests/chat-performance-a11y.test.tsx > plugin card ARIA roles > ErrorCard renders role=alert
AssertionError: expected null to be 'assertive' // Object.is equality

- Expected: 
"assertive"

+ Received: 
null

 ❯ tests/chat-performance-a11y.test.tsx:166:46
    164|     const alert = container.querySelector("[role='alert']");
    165|     expect(alert).not.toBeNull();
    166|     expect(alert?.getAttribute("aria-live")).toBe("assertive");
       |                                              ^
    167|   });
    168| });

⎯⎯⎯⎯⎯⎯⎯⎯⎯⎯⎯⎯⎯⎯⎯⎯⎯⎯⎯⎯⎯⎯[13/20]⎯

 FAIL  tests/hardening-audit.test.ts > TD-C3 hardening audit > F6: accepted bare-catch inventory in src stays explicit
AssertionError: expected [ …(43) ] to deeply equal [ …(40) ]

- Expected
+ Received

@@ -2,28 +2,30 @@
    "src/adapters/AnthropicBlogArticlePipelineModel.ts:2",
    "src/adapters/ChatPresenter.ts:2",
    "src/adapters/ChatStreamAdapter.ts:2",
    "src/adapters/FileSystemCorpusRepository.ts:4",
    "src/adapters/MessageDataMapper.ts:1",
+   "src/adapters/UserFileDataMapper.ts:1",
    "src/app/api/blog/assets/[id]/route.ts:1",
    "src/app/api/jobs/_lib.ts:1",
    "src/app/api/tts/route.ts:1",
    "src/app/library/[document]/[section]/page.tsx:1",
    "src/app/login/page.tsx:2",
    "src/app/register/page.tsx:2",
    "src/components/AudioPlayer.tsx:1",
    "src/components/ContentModal.tsx:1",
    "src/components/GraphRenderer.tsx:1",
-   "src/components/MermaidRenderer.tsx:1",
+   "src/components/MermaidRenderer.tsx:2",
    "src/components/MigrationToast.tsx:1",
    "src/components/WebSearchResultCard.tsx:1",
    "src/components/jobs/JobsWorkspace.tsx:3",
    "src/core/use-cases/tools/UiTools.ts:1",
    "src/core/use-cases/tools/graph-payload.ts:1",
    "src/frameworks/ui/MessageList.tsx:1",
-   "src/frameworks/ui/chat/plugins/custom/ChartRendererCard.tsx:1",
+   "src/frameworks/ui/chat/plugins/custom/ChartRendererCard.tsx:2",
    "src/frameworks/ui/chat/plugins/custom/GraphRendererCard.tsx:1",
+   "src/frameworks/ui/chat/plugins/custom/ProfileCard.tsx:1",
    "src/frameworks/ui/useChatSurfaceState.tsx:2",
    "src/hooks/chat/chatConversationApi.ts:1",
    "src/hooks/chat/useChatJobEvents.ts:2",
    "src/hooks/useChatPushNotifications.ts:1",
    "src/lib/auth.ts:2",
@@ -35,8 +37,9 @@
    "src/lib/chat/sse-parser.ts:1",
    "src/lib/chat/transcript-store.ts:1",
    "src/lib/config/instance.ts:1",
    "src/lib/db/startup-check.ts:1",
    "src/lib/evals/staging-canary.ts:1",
+   "src/lib/media/browser-runtime/job-snapshots.ts:3",
    "src/lib/push/browser-push.ts:1",
    "src/lib/theme/theme-state.ts:3",
  ]

 ❯ tests/hardening-audit.test.ts:51:23
     49|       .sort();
     50| 
     51|     expect(inventory).toEqual([
       |                       ^
     52|       "src/adapters/AnthropicBlogArticlePipelineModel.ts:2",
     53|       "src/adapters/ChatPresenter.ts:2",

⎯⎯⎯⎯⎯⎯⎯⎯⎯⎯⎯⎯⎯⎯⎯⎯⎯⎯⎯⎯⎯⎯[14/20]⎯

 FAIL  tests/jobs-system-dashboard.test.ts > Sprint 4 notification and migration closure > keeps audit-only job events aligned with the current durable job status
AssertionError: expected 'import { NextResponse } from "next/se…' to contain 'const stablePart = buildJobStatusPart…'

- Expected
+ Received

- const stablePart = buildJobStatusPartFromProjection(job
+ import { NextResponse } from "next/server";
+ import type { JobEvent, JobRequest } from "@/core/entities/job";
+ import {
+   buildJobStatusPartFromProjection,
+   getJobMessageId,
+   projectJobForEvent,
+ } from "@/lib/jobs/job-status";
+ import { buildSyntheticJobEvent } from "@/lib/jobs/job-read-model";
+ import { isRenderableJobEventType } from "@/lib/jobs/job-renderable-event";
+ import { jobStatusPartToStreamEvent } from "@/lib/jobs/job-status-snapshots";
+
+ export interface JobEventStreamOptions {
+   request: Request;
+   requestId: string;
+   initialAfterSequence: number;
+   pollIntervalMs: number;
+   streamWindowMs: number;
+   batchLimit: number;
+   listEvents: (afterSequence: number, limit: number) => Promise<JobEvent[]>;
+   findJobById: (jobId: string) => Promise<JobRequest | null>;
+   findLatestRenderableEventForJob?: (jobId: string) => Promise<JobEvent | null>;
+ }
+
+ export function encodeJobEvent(sequence: number, payload: Record<string, unknown>): string {
+   return `id: ${sequence}\ndata: ${JSON.stringify(payload)}\n\n`;
+ }
+
+ export function mapJobEventPayload(
+   job: JobRequest,
+   event: JobEvent,
+   renderableEvent?: JobEvent | null,
+ ): Record<string, unknown> {
+   const sourceEvent = isRenderableJobEventType(event.eventType)
+     ? event
+     : (renderableEvent ?? buildSyntheticJobEvent(job));
+   const part = buildJobStatusPartFromProjection(projectJobForEvent(job, sourceEvent), sourceEvent);
+
+   return jobStatusPartToStreamEvent(part, {
+     messageId: getJobMessageId(job.id),
+     conversationId: job.conversationId,
+     sequence: event.sequence,
+   });
+ }
+
+ function sleep(ms: number): Promise<void> {
+   return new Promise((resolve) => setTimeout(resolve, ms));
+ }
+
+ export function createJobEventStreamResponse(options: JobEventStreamOptions): NextResponse {
+   const encoder = new TextEncoder();
+
+   const stream = new ReadableStream<Uint8Array>({
+     async start(controller) {
+       let afterSequence = options.initialAfterSequence;
+       const startedAt = Date.now();
+       let hasPolledBacklog = false;
+
+       controller.enqueue(encoder.encode(`retry: ${options.pollIntervalMs}\n\n`));
+
+       while (
+         !options.request.signal.aborted
+         && (!hasPolledBacklog || Date.now() - startedAt < options.streamWindowMs)
+       ) {
+         const events = await options.listEvents(afterSequence, options.batchLimit);
+         hasPolledBacklog = true;
+
+         if (events.length === 0) {
+           if (Date.now() - startedAt >= options.streamWindowMs) {
+             break;
+           }
+
+           await sleep(options.pollIntervalMs);
+           continue;
+         }
+
+         for (const event of events) {
+           const job = await options.findJobById(event.jobId);
+           if (!job) {
+             afterSequence = event.sequence;
+             continue;
+           }
+
+           const renderableEvent = isRenderableJobEventType(event.eventType)
+             ? event
+             : await options.findLatestRenderableEventForJob?.(event.jobId);
+
+           controller.enqueue(
+             encoder.encode(encodeJobEvent(event.sequence, mapJobEventPayload(job, event, renderableEvent))),
+           );
+           afterSequence = event.sequence;
+         }
+       }
+
+       controller.close();
+     },
+     cancel() {
+       options.request.signal.throwIfAborted?.();
+     },
+   });
+
+   return new NextResponse(stream, {
+     headers: {
+       "Content-Type": "text/event-stream",
+       "Cache-Control": "no-cache, no-transform",
+       Connection: "keep-alive",
+       "x-request-id": options.requestId,
+     },
+   });
+ }

 ❯ tests/jobs-system-dashboard.test.ts:291:20
    289|   it("keeps audit-only job events aligned with the current durable job…
    290|     const source = readSource("src/lib/jobs/job-event-stream.ts");
    291|     expect(source).toContain("const stablePart = buildJobStatusPartFro…
       |                    ^
    292|     expect(source).toContain("switch (job.status)");
    293|     expect(source).toContain('type: "job_completed"');

⎯⎯⎯⎯⎯⎯⎯⎯⎯⎯⎯⎯⎯⎯⎯⎯⎯⎯⎯⎯⎯⎯[15/20]⎯

 FAIL  tests/chat/chat-stream-route.test.ts > POST /api/chat/stream > queues deferred draft_content calls and emits a live job_queued event
AssertionError: expected 'data: {"stream_id":"e4a77204-3839-404…' to contain 'data: {"type":"job_queued","jobId":"j…'

- Expected
+ Received

- data: {"type":"job_queued","jobId":"job_draft_1","conversationId":"conv_test","sequence":7,"toolName":"draft_content","label":"Draft Content","title":"Deferred Post","subtitle":"Draft journal article","updatedAt":"2026-03-25T03:00:00.000Z"}
+ data: {"stream_id":"e4a77204-3839-4047-a3d7-49e11c097f96"}
+
+ data: {"conversation_id":"conv_test"}
+
+ data: {"tool_call":{"name":"draft_content","args":{"title":"Deferred Post","content":"## Outline\n\nBody."}}}
+
+ data: {"tool_result":{"name":"draft_content","result":{"deferred_job":{"jobId":"job_draft_1","conversationId":"conv_test","toolName":"draft_content","label":"Draft Content","title":"Deferred Post","subtitle":"Draft journal article","status":"queued","sequence":7,"progressPercent":null,"progressLabel":null,"resultEnvelope":{"schemaVersion":1,"toolName":"draft_content","family":"editorial","cardKind":"editorial_workflow","executionMode":"deferred","inputSnapshot":{"title":"Deferred Post","content":"## Outline Body."},"summary":{"title":"Deferred Post","subtitle":"Draft journal article"},"replaySnapshot":null},"updatedAt":"2026-03-25T03:00:00.000Z"}}}}
+
+ data: {"type":"job_queued","jobId":"job_draft_1","conversationId":"conv_test","sequence":7,"toolName":"draft_content","label":"Draft Content","title":"Deferred Post","subtitle":"Draft journal article","updatedAt":"2026-03-25T03:00:00.000Z","part":{"type":"job_status","jobId":"job_draft_1","toolName":"draft_content","label":"Draft Content","title":"Deferred Post","subtitle":"Draft journal article","status":"queued","sequence":7,"resultEnvelope":{"schemaVersion":1,"toolName":"draft_content","family":"editorial","cardKind":"editorial_workflow","executionMode":"deferred","inputSnapshot":{"title":"Deferred Post","content":"## Outline Body."},"summary":{"title":"Deferred Post","subtitle":"Draft journal article"},"replaySnapshot":null},"updatedAt":"2026-03-25T03:00:00.000Z"}}
+
+

 ❯ tests/chat/chat-stream-route.test.ts:1066:18


⎯⎯⎯⎯⎯⎯⎯⎯⎯⎯⎯⎯⎯⎯⎯⎯⎯⎯⎯⎯⎯⎯[16/20]⎯

 FAIL  tests/chat/chat-stream-route.test.ts > POST /api/chat/stream > queues deferred publish_content calls as a second deferred tool
AssertionError: expected 'data: {"stream_id":"9b1cde5f-6603-401…' to contain 'data: {"type":"job_queued","jobId":"j…'

- Expected
+ Received

- data: {"type":"job_queued","jobId":"job_publish_1","conversationId":"conv_test","sequence":8,"toolName":"publish_content","label":"Publish Content","title":"Publish journal draft post_1","subtitle":"Make the saved article live in the journal","updatedAt":"2026-03-25T03:00:00.000Z"}
+ data: {"stream_id":"9b1cde5f-6603-4010-a634-00c332f018b1"}
+
+ data: {"conversation_id":"conv_test"}
+
+ data: {"tool_call":{"name":"publish_content","args":{"post_id":"post_1"}}}
+
+ data: {"tool_result":{"name":"publish_content","result":{"deferred_job":{"jobId":"job_publish_1","conversationId":"conv_test","toolName":"publish_content","label":"Publish Content","title":"Publish journal draft post_1","subtitle":"Make the saved article live in the journal","status":"queued","sequence":8,"progressPercent":null,"progressLabel":null,"resultEnvelope":{"schemaVersion":1,"toolName":"publish_content","family":"editorial","cardKind":"editorial_workflow","executionMode":"deferred","inputSnapshot":{"post_id":"post_1"},"summary":{"title":"Publish journal draft post_1","subtitle":"Make the saved article live in the journal"},"replaySnapshot":null},"updatedAt":"2026-03-25T03:00:00.000Z"}}}}
+
+ data: {"type":"job_queued","jobId":"job_publish_1","conversationId":"conv_test","sequence":8,"toolName":"publish_content","label":"Publish Content","title":"Publish journal draft post_1","subtitle":"Make the saved article live in the journal","updatedAt":"2026-03-25T03:00:00.000Z","part":{"type":"job_status","jobId":"job_publish_1","toolName":"publish_content","label":"Publish Content","title":"Publish journal draft post_1","subtitle":"Make the saved article live in the journal","status":"queued","sequence":8,"resultEnvelope":{"schemaVersion":1,"toolName":"publish_content","family":"editorial","cardKind":"editorial_workflow","executionMode":"deferred","inputSnapshot":{"post_id":"post_1"},"summary":{"title":"Publish journal draft post_1","subtitle":"Make the saved article live in the journal"},"replaySnapshot":null},"updatedAt":"2026-03-25T03:00:00.000Z"}}
+
+

 ❯ tests/chat/chat-stream-route.test.ts:1162:18


⎯⎯⎯⎯⎯⎯⎯⎯⎯⎯⎯⎯⎯⎯⎯⎯⎯⎯⎯⎯⎯⎯[17/20]⎯

 FAIL  tests/chat/chat-stream-route.test.ts > POST /api/chat/stream > promotes explicit deferred status tool results into live job events and persisted job status parts
AssertionError: expected 'data: {"stream_id":"8cbe0ae1-2717-475…' to contain 'data: {"type":"job_queued","messageId…'

- Expected
+ Received

- data: {"type":"job_queued","messageId":"jobmsg_job_8a1aa200-4f86-4841-b6f2-4094ad770f6f","jobId":"job_8a1aa200-4f86-4841-b6f2-4094ad770f6f","conversationId":"conv_test","sequence":9,"toolName":"produce_blog_article","label":"Produce Blog Article","title":"AI operations backlog cleanup","subtitle":"Audience: Operations leaders · Objective: Improve delivery velocity","updatedAt":"2026-03-25T14:52:00.000Z"}
+ data: {"stream_id":"8cbe0ae1-2717-4759-916c-c51d67cf71d4"}
+
+ data: {"conversation_id":"conv_test"}
+
+ data: {"tool_call":{"name":"get_deferred_job_status","args":{"job_id":"job_8a1aa200-4f86-4841-b6f2-4094ad770f6f"}}}
+
+ data: {"tool_result":{"name":"get_deferred_job_status","result":{"ok":true,"job":{"messageId":"jobmsg_job_8a1aa200-4f86-4841-b6f2-4094ad770f6f","part":{"type":"job_status","jobId":"job_8a1aa200-4f86-4841-b6f2-4094ad770f6f","toolName":"produce_blog_article","label":"Produce Blog Article","title":"AI operations backlog cleanup","subtitle":"Audience: Operations leaders · Objective: Improve delivery velocity","status":"queued","sequence":9,"updatedAt":"2026-03-25T14:52:00.000Z"}}}}}
+
+ data: {"type":"job_queued","messageId":"jobmsg_job_8a1aa200-4f86-4841-b6f2-4094ad770f6f","jobId":"job_8a1aa200-4f86-4841-b6f2-4094ad770f6f","conversationId":"conv_test","sequence":9,"toolName":"produce_blog_article","label":"Produce Blog Article","title":"AI operations backlog cleanup","subtitle":"Audience: Operations leaders · Objective: Improve delivery velocity","updatedAt":"2026-03-25T14:52:00.000Z","part":{"type":"job_status","jobId":"job_8a1aa200-4f86-4841-b6f2-4094ad770f6f","toolName":"produce_blog_article","label":"Produce Blog Article","title":"AI operations backlog cleanup","subtitle":"Audience: Operations leaders · Objective: Improve delivery velocity","status":"queued","sequence":9,"updatedAt":"2026-03-25T14:52:00.000Z"}}
+
+

 ❯ tests/chat/chat-stream-route.test.ts:1215:18


⎯⎯⎯⎯⎯⎯⎯⎯⎯⎯⎯⎯⎯⎯⎯⎯⎯⎯⎯⎯⎯⎯[18/20]⎯

 FAIL  tests/chat/chat-surface.test.tsx > ChatSurfaceHeader > P11: returns null for embedded mode
AssertionError: expected '<div class="ui-chat-header-surface re…' to be '' // Object.is equality

- Expected
+ Received

+ <div class="ui-chat-header-surface relative z-20 flex shrink-0 items-center justify-end border-b border-color-theme px-(--space-3) py-(--space-2)" data-chat-surface-header="true" data-chat-surface-header-mode="embedded"><div class="shell-action-row shrink-0 ml-auto" data-chat-floating-header-chrome="true"><div class="relative" data-chat-conversation-data-menu="true"><button type="button" class="ui-chat-conversation-menu-trigger focus-ring" aria-label="Open conversation data menu" aria-expanded="false" aria-haspopup="menu"><span>Data</span><svg width="14" height="14" viewBox="0 0 20 20" fill="none" aria-hidden="true"><path d="M5 7.5 10 12.5l5-5" stroke="currentColor" stroke-width="1.5" stroke-linecap="round" stroke-linejoin="round"></path></svg></button><input accept="application/json,.json" class="sr-only" type="file"></div></div></div>

 ❯ tests/chat/chat-surface.test.tsx:320:33
    318|       <ChatSurfaceHeader mode="embedded" isFullScreen={false} />,
    319|     );
    320|     expect(container.innerHTML).toBe("");
       |                                 ^
    321|   });
    322| 

⎯⎯⎯⎯⎯⎯⎯⎯⎯⎯⎯⎯⎯⎯⎯⎯⎯⎯⎯⎯⎯⎯[19/20]⎯

 FAIL  src/lib/admin/conversations/admin-conversations.test.ts > loadAdminConversationDetail > derives a durable transcript view from persisted messages
Error: [vitest] No "getConversationEventDataMapper" export is defined on the "@/adapters/RepositoryFactory" mock. Did you forget to return it from "vi.mock"?
If you need to partially mock a module, you can use "importOriginal" helper inside:

vi.mock(import("@/adapters/RepositoryFactory"), async (importOriginal) => {
  const actual = await importOriginal()
  return {
    ...actual,
    // your mocked methods
  }
})

 ❯ Module.loadAdminConversationDetail src/lib/admin/conversations/admin-conversations.ts:149:23
    147|   const msgMapper = getMessageDataMapper();
    148|   const userMapper = getUserDataMapper();
    149|   const eventMapper = getConversationEventDataMapper();
       |                       ^
    150| 
    151|   const conv = await convMapper.findById(id);
 ❯ src/lib/admin/conversations/admin-conversations.test.ts:103:26

⎯⎯⎯⎯⎯⎯⎯⎯⎯⎯⎯⎯⎯⎯⎯⎯⎯⎯⎯⎯⎯⎯[20/20]⎯


 Test Files  9 failed | 440 passed (449)
      Tests  20 failed | 3394 passed (3414)
   Start at  02:47:54
   Duration  56.68s (transform 12.15s, setup 51.38s, import 34.98s, tests 42.81s, environment 185.22s)

